Duplicated file found; will not be sent for synthesis: e:/Project/Personal/PoseEstimation/ZYNQPlatform/ZYNQ-Stereo-System/OV5640_SDCard/OV5640_display.srcs/sources_1/bd/system/ipshared/ef1e/hdl/lib_cdc_v1_0_rfs.vhd
Duplicated file found; will not be sent for synthesis: e:/Project/Personal/PoseEstimation/ZYNQPlatform/ZYNQ-Stereo-System/OV5640_SDCard/OV5640_display.srcs/sources_1/bd/system/ipshared/37c2/hdl/blk_mem_gen_v8_4_vhsyn_rfs.vhd
Duplicated file found; will not be sent for synthesis: e:/Project/Personal/PoseEstimation/ZYNQPlatform/ZYNQ-Stereo-System/OV5640_SDCard/OV5640_display.srcs/sources_1/bd/system/ipshared/64f4/hdl/fifo_generator_v13_2_vhsyn_rfs.vhd
Duplicated file found; will not be sent for synthesis: e:/Project/Personal/PoseEstimation/ZYNQPlatform/ZYNQ-Stereo-System/OV5640_SDCard/OV5640_display.srcs/sources_1/bd/system/ipshared/2137/hdl/util_vector_logic_v2_0_vl_rfs.v
Duplicated file found; will not be sent for synthesis: e:/Project/Personal/PoseEstimation/ZYNQPlatform/ZYNQ-Stereo-System/OV5640_SDCard/OV5640_display.srcs/sources_1/bd/system/ipshared/b752/hdl/generic_baseblocks_v2_1_vl_rfs.v
Duplicated file found; will not be sent for synthesis: e:/Project/Personal/PoseEstimation/ZYNQPlatform/ZYNQ-Stereo-System/OV5640_SDCard/OV5640_display.srcs/sources_1/bd/system/ipshared/ec67/hdl/axi_infrastructure_v1_1_0.vh
Duplicated file found; will not be sent for synthesis: e:/Project/Personal/PoseEstimation/ZYNQPlatform/ZYNQ-Stereo-System/OV5640_SDCard/OV5640_display.srcs/sources_1/bd/system/ipshared/ec67/hdl/axi_infrastructure_v1_1_vl_rfs.v
Duplicated file found; will not be sent for synthesis: e:/Project/Personal/PoseEstimation/ZYNQPlatform/ZYNQ-Stereo-System/OV5640_SDCard/OV5640_display.srcs/sources_1/bd/system/ipshared/cc23/hdl/axi_register_slice_v2_1_vl_rfs.v
Duplicated file found; will not be sent for synthesis: e:/Project/Personal/PoseEstimation/ZYNQPlatform/ZYNQ-Stereo-System/OV5640_SDCard/OV5640_display.srcs/sources_1/bd/system/ipshared/c4fd/hdl/axi_data_fifo_v2_1_vl_rfs.v
Duplicated file found; will not be sent for synthesis: e:/Project/Personal/PoseEstimation/ZYNQPlatform/ZYNQ-Stereo-System/OV5640_SDCard/OV5640_display.srcs/sources_1/bd/system/ipshared/6c9d/hdl/axi_crossbar_v2_1_vl_rfs.v
Duplicated file found; will not be sent for synthesis: e:/Project/Personal/PoseEstimation/ZYNQPlatform/ZYNQ-Stereo-System/OV5640_SDCard/OV5640_display.srcs/sources_1/bd/system/ipshared/37c2/hdl/blk_mem_gen_v8_4_vhsyn_rfs.vhd
Duplicated file found; will not be sent for synthesis: e:/Project/Personal/PoseEstimation/ZYNQPlatform/ZYNQ-Stereo-System/OV5640_SDCard/OV5640_display.srcs/sources_1/bd/system/ipshared/64f4/hdl/fifo_generator_v13_2_vhsyn_rfs.vhd
Duplicated file found; will not be sent for synthesis: e:/Project/Personal/PoseEstimation/ZYNQPlatform/ZYNQ-Stereo-System/OV5640_SDCard/OV5640_display.srcs/sources_1/bd/system/ipshared/ef1e/hdl/lib_cdc_v1_0_rfs.vhd
Duplicated file found; will not be sent for synthesis: e:/Project/Personal/PoseEstimation/ZYNQPlatform/ZYNQ-Stereo-System/OV5640_SDCard/OV5640_display.srcs/sources_1/bd/system/ipshared/0513/hdl/lib_pkg_v1_0_rfs.vhd
Duplicated file found; will not be sent for synthesis: e:/Project/Personal/PoseEstimation/ZYNQPlatform/ZYNQ-Stereo-System/OV5640_SDCard/OV5640_display.srcs/sources_1/bd/system/ipshared/544a/hdl/lib_fifo_v1_0_rfs.vhd
Duplicated file found; will not be sent for synthesis: e:/Project/Personal/PoseEstimation/ZYNQPlatform/ZYNQ-Stereo-System/OV5640_SDCard/OV5640_display.srcs/sources_1/bd/system/ipshared/556c/hdl/lib_bmg_v1_0_rfs.vhd
Duplicated file found; will not be sent for synthesis: e:/Project/Personal/PoseEstimation/ZYNQPlatform/ZYNQ-Stereo-System/OV5640_SDCard/OV5640_display.srcs/sources_1/bd/system/ipshared/51ce/hdl/lib_srl_fifo_v1_0_rfs.vhd
Duplicated file found; will not be sent for synthesis: e:/Project/Personal/PoseEstimation/ZYNQPlatform/ZYNQ-Stereo-System/OV5640_SDCard/OV5640_display.srcs/sources_1/bd/system/ipshared/dfb3/hdl/axi_datamover_v5_1_vh_rfs.vhd
Duplicated file found; will not be sent for synthesis: e:/Project/Personal/PoseEstimation/ZYNQPlatform/ZYNQ-Stereo-System/OV5640_SDCard/OV5640_display.srcs/sources_1/bd/system/ipshared/58e2/hdl/axi_vdma_v6_3_6.vh
Duplicated file found; will not be sent for synthesis: e:/Project/Personal/PoseEstimation/ZYNQPlatform/ZYNQ-Stereo-System/OV5640_SDCard/OV5640_display.srcs/sources_1/bd/system/ipshared/58e2/hdl/axi_vdma_v6_3_rfs.v
Duplicated file found; will not be sent for synthesis: e:/Project/Personal/PoseEstimation/ZYNQPlatform/ZYNQ-Stereo-System/OV5640_SDCard/OV5640_display.srcs/sources_1/bd/system/ipshared/58e2/hdl/axi_vdma_v6_3_rfs.vhd
Duplicated file found; will not be sent for synthesis: e:/Project/Personal/PoseEstimation/ZYNQPlatform/ZYNQ-Stereo-System/OV5640_SDCard/OV5640_display.srcs/sources_1/bd/system/ipshared/37c2/hdl/blk_mem_gen_v8_4_vhsyn_rfs.vhd
Duplicated file found; will not be sent for synthesis: e:/Project/Personal/PoseEstimation/ZYNQPlatform/ZYNQ-Stereo-System/OV5640_SDCard/OV5640_display.srcs/sources_1/bd/system/ipshared/64f4/hdl/fifo_generator_v13_2_vhsyn_rfs.vhd
Duplicated file found; will not be sent for synthesis: e:/Project/Personal/PoseEstimation/ZYNQPlatform/ZYNQ-Stereo-System/OV5640_SDCard/OV5640_display.srcs/sources_1/bd/system/ipshared/2f66/hdl/xlconcat_v2_1_vl_rfs.v
Duplicated file found; will not be sent for synthesis: e:/Project/Personal/PoseEstimation/ZYNQPlatform/ZYNQ-Stereo-System/OV5640_SDCard/OV5640_display.srcs/sources_1/bd/system/ipshared/2f66/hdl/xlconcat_v2_1_vl_rfs.v
Duplicated file found; will not be sent for synthesis: e:/Project/Personal/PoseEstimation/ZYNQPlatform/ZYNQ-Stereo-System/OV5640_SDCard/OV5640_display.srcs/sources_1/bd/system/ipshared/2f66/hdl/xlconcat_v2_1_vl_rfs.v
Duplicated file found; will not be sent for synthesis: e:/Project/Personal/PoseEstimation/ZYNQPlatform/ZYNQ-Stereo-System/OV5640_SDCard/OV5640_display.srcs/sources_1/bd/system/ipshared/2f66/hdl/xlconcat_v2_1_vl_rfs.v
Duplicated file found; will not be sent for synthesis: e:/Project/Personal/PoseEstimation/ZYNQPlatform/ZYNQ-Stereo-System/OV5640_SDCard/OV5640_display.srcs/sources_1/bd/system/ipshared/2f66/hdl/xlconcat_v2_1_vl_rfs.v
Duplicated file found; will not be sent for synthesis: e:/Project/Personal/PoseEstimation/ZYNQPlatform/ZYNQ-Stereo-System/OV5640_SDCard/OV5640_display.srcs/sources_1/bd/system/ipshared/2f66/hdl/xlconcat_v2_1_vl_rfs.v
Duplicated file found; will not be sent for synthesis: e:/Project/Personal/PoseEstimation/ZYNQPlatform/ZYNQ-Stereo-System/OV5640_SDCard/OV5640_display.srcs/sources_1/bd/system/ipshared/2f66/hdl/xlconcat_v2_1_vl_rfs.v
Duplicated file found; will not be sent for synthesis: e:/Project/Personal/PoseEstimation/ZYNQPlatform/ZYNQ-Stereo-System/OV5640_SDCard/OV5640_display.srcs/sources_1/bd/system/ipshared/2f66/hdl/xlconcat_v2_1_vl_rfs.v
Duplicated file found; will not be sent for synthesis: e:/Project/Personal/PoseEstimation/ZYNQPlatform/ZYNQ-Stereo-System/OV5640_SDCard/OV5640_display.srcs/sources_1/bd/system/ipshared/2f66/hdl/xlconcat_v2_1_vl_rfs.v
Duplicated file found; will not be sent for synthesis: e:/Project/Personal/PoseEstimation/ZYNQPlatform/ZYNQ-Stereo-System/OV5640_SDCard/OV5640_display.srcs/sources_1/bd/system/ipshared/2f66/hdl/xlconcat_v2_1_vl_rfs.v
Duplicated file found; will not be sent for synthesis: e:/Project/Personal/PoseEstimation/ZYNQPlatform/ZYNQ-Stereo-System/OV5640_SDCard/OV5640_display.srcs/sources_1/bd/system/ipshared/2f66/hdl/xlconcat_v2_1_vl_rfs.v
Duplicated file found; will not be sent for synthesis: e:/Project/Personal/PoseEstimation/ZYNQPlatform/ZYNQ-Stereo-System/OV5640_SDCard/OV5640_display.srcs/sources_1/bd/system/ipshared/2f66/hdl/xlconcat_v2_1_vl_rfs.v
Duplicated file found; will not be sent for synthesis: e:/Project/Personal/PoseEstimation/ZYNQPlatform/ZYNQ-Stereo-System/OV5640_SDCard/OV5640_display.srcs/sources_1/bd/system/ipshared/2f66/hdl/xlconcat_v2_1_vl_rfs.v
Duplicated file found; will not be sent for synthesis: e:/Project/Personal/PoseEstimation/ZYNQPlatform/ZYNQ-Stereo-System/OV5640_SDCard/OV5640_display.srcs/sources_1/bd/system/ipshared/2f66/hdl/xlconcat_v2_1_vl_rfs.v
Duplicated file found; will not be sent for synthesis: e:/Project/Personal/PoseEstimation/ZYNQPlatform/ZYNQ-Stereo-System/OV5640_SDCard/OV5640_display.srcs/sources_1/bd/system/ipshared/2f66/hdl/xlconcat_v2_1_vl_rfs.v
Duplicated file found; will not be sent for synthesis: e:/Project/Personal/PoseEstimation/ZYNQPlatform/ZYNQ-Stereo-System/OV5640_SDCard/OV5640_display.srcs/sources_1/bd/system/ipshared/2f66/hdl/xlconcat_v2_1_vl_rfs.v
Duplicated file found; will not be sent for synthesis: e:/Project/Personal/PoseEstimation/ZYNQPlatform/ZYNQ-Stereo-System/OV5640_SDCard/OV5640_display.srcs/sources_1/bd/system/ipshared/2f66/hdl/xlconcat_v2_1_vl_rfs.v
Duplicated file found; will not be sent for synthesis: e:/Project/Personal/PoseEstimation/ZYNQPlatform/ZYNQ-Stereo-System/OV5640_SDCard/OV5640_display.srcs/sources_1/bd/system/ipshared/2f66/hdl/xlconcat_v2_1_vl_rfs.v
Duplicated file found; will not be sent for synthesis: e:/Project/Personal/PoseEstimation/ZYNQPlatform/ZYNQ-Stereo-System/OV5640_SDCard/OV5640_display.srcs/sources_1/bd/system/ipshared/2f66/hdl/xlconcat_v2_1_vl_rfs.v
Duplicated file found; will not be sent for synthesis: e:/Project/Personal/PoseEstimation/ZYNQPlatform/ZYNQ-Stereo-System/OV5640_SDCard/OV5640_display.srcs/sources_1/bd/system/ipshared/2f66/hdl/xlconcat_v2_1_vl_rfs.v
Duplicated file found; will not be sent for synthesis: e:/Project/Personal/PoseEstimation/ZYNQPlatform/ZYNQ-Stereo-System/OV5640_SDCard/OV5640_display.srcs/sources_1/bd/system/ipshared/2f66/hdl/xlconcat_v2_1_vl_rfs.v
Duplicated file found; will not be sent for synthesis: e:/Project/Personal/PoseEstimation/ZYNQPlatform/ZYNQ-Stereo-System/OV5640_SDCard/OV5640_display.srcs/sources_1/bd/system/ipshared/2f66/hdl/xlconcat_v2_1_vl_rfs.v
Duplicated file found; will not be sent for synthesis: e:/Project/Personal/PoseEstimation/ZYNQPlatform/ZYNQ-Stereo-System/OV5640_SDCard/OV5640_display.srcs/sources_1/bd/system/ipshared/2f66/hdl/xlconcat_v2_1_vl_rfs.v
Duplicated file found; will not be sent for synthesis: e:/Project/Personal/PoseEstimation/ZYNQPlatform/ZYNQ-Stereo-System/OV5640_SDCard/OV5640_display.srcs/sources_1/bd/system/ipshared/2f66/hdl/xlconcat_v2_1_vl_rfs.v
Duplicated file found; will not be sent for synthesis: e:/Project/Personal/PoseEstimation/ZYNQPlatform/ZYNQ-Stereo-System/OV5640_SDCard/OV5640_display.srcs/sources_1/bd/system/ipshared/2f66/hdl/xlconcat_v2_1_vl_rfs.v
Duplicated file found; will not be sent for synthesis: e:/Project/Personal/PoseEstimation/ZYNQPlatform/ZYNQ-Stereo-System/OV5640_SDCard/OV5640_display.srcs/sources_1/bd/system/ipshared/1b7e/hdl/verilog/ltlib_v1_0_0_ver.vh
Duplicated file found; will not be sent for synthesis: e:/Project/Personal/PoseEstimation/ZYNQPlatform/ZYNQ-Stereo-System/OV5640_SDCard/OV5640_display.srcs/sources_1/bd/system/ipshared/1b7e/hdl/verilog/ltlib_v1_0_0_lib_fn.vh
Duplicated file found; will not be sent for synthesis: e:/Project/Personal/PoseEstimation/ZYNQPlatform/ZYNQ-Stereo-System/OV5640_SDCard/OV5640_display.srcs/sources_1/bd/system/ipshared/1b7e/hdl/ltlib_v1_0_vl_rfs.v
Duplicated file found; will not be sent for synthesis: e:/Project/Personal/PoseEstimation/ZYNQPlatform/ZYNQ-Stereo-System/OV5640_SDCard/OV5640_display.srcs/sources_1/bd/system/ipshared/122e/hdl/verilog/xsdbs_v1_0_2_i2x.vh
Duplicated file found; will not be sent for synthesis: e:/Project/Personal/PoseEstimation/ZYNQPlatform/ZYNQ-Stereo-System/OV5640_SDCard/OV5640_display.srcs/sources_1/bd/system/ipshared/122e/hdl/verilog/xsdbs_v1_0_2_in.vh
Duplicated file found; will not be sent for synthesis: e:/Project/Personal/PoseEstimation/ZYNQPlatform/ZYNQ-Stereo-System/OV5640_SDCard/OV5640_display.srcs/sources_1/bd/system/ipshared/122e/hdl/xsdbs_v1_0_vl_rfs.v
Duplicated file found; will not be sent for synthesis: e:/Project/Personal/PoseEstimation/ZYNQPlatform/ZYNQ-Stereo-System/OV5640_SDCard/OV5640_display.srcs/sources_1/bd/system/ipshared/2751/hdl/blk_mem_gen_v8_3_vhsyn_rfs.vhd
Duplicated file found; will not be sent for synthesis: e:/Project/Personal/PoseEstimation/ZYNQPlatform/ZYNQ-Stereo-System/OV5640_SDCard/OV5640_display.srcs/sources_1/bd/system/ipshared/e6d5/hdl/fifo_generator_v13_1_vhsyn_rfs.vhd
Duplicated file found; will not be sent for synthesis: e:/Project/Personal/PoseEstimation/ZYNQPlatform/ZYNQ-Stereo-System/OV5640_SDCard/OV5640_display.srcs/sources_1/bd/system/ipshared/7d3c/hdl/verilog/xsdbm_v3_0_0_i2x.vh
Duplicated file found; will not be sent for synthesis: e:/Project/Personal/PoseEstimation/ZYNQPlatform/ZYNQ-Stereo-System/OV5640_SDCard/OV5640_display.srcs/sources_1/bd/system/ipshared/7d3c/hdl/verilog/xsdbm_v3_0_0_in.vh
Duplicated file found; will not be sent for synthesis: e:/Project/Personal/PoseEstimation/ZYNQPlatform/ZYNQ-Stereo-System/OV5640_SDCard/OV5640_display.srcs/sources_1/bd/system/ipshared/7d3c/hdl/verilog/xsdbm_v3_0_0_icn.vh
Duplicated file found; will not be sent for synthesis: e:/Project/Personal/PoseEstimation/ZYNQPlatform/ZYNQ-Stereo-System/OV5640_SDCard/OV5640_display.srcs/sources_1/bd/system/ipshared/7d3c/hdl/verilog/xsdbm_v3_0_0_bs.vh
Duplicated file found; will not be sent for synthesis: e:/Project/Personal/PoseEstimation/ZYNQPlatform/ZYNQ-Stereo-System/OV5640_SDCard/OV5640_display.srcs/sources_1/bd/system/ipshared/7d3c/hdl/verilog/xsdbm_v3_0_0_bs_ext.vh
Duplicated file found; will not be sent for synthesis: e:/Project/Personal/PoseEstimation/ZYNQPlatform/ZYNQ-Stereo-System/OV5640_SDCard/OV5640_display.srcs/sources_1/bd/system/ipshared/7d3c/hdl/verilog/xsdbm_v3_0_0_bs_core.vh
Duplicated file found; will not be sent for synthesis: e:/Project/Personal/PoseEstimation/ZYNQPlatform/ZYNQ-Stereo-System/OV5640_SDCard/OV5640_display.srcs/sources_1/bd/system/ipshared/7d3c/hdl/verilog/xsdbm_v3_0_0_bs_core_ext.vh
Duplicated file found; will not be sent for synthesis: e:/Project/Personal/PoseEstimation/ZYNQPlatform/ZYNQ-Stereo-System/OV5640_SDCard/OV5640_display.srcs/sources_1/bd/system/ipshared/7d3c/hdl/verilog/xsdbm_v3_0_0_bs_ports.vh
Duplicated file found; will not be sent for synthesis: e:/Project/Personal/PoseEstimation/ZYNQPlatform/ZYNQ-Stereo-System/OV5640_SDCard/OV5640_display.srcs/sources_1/bd/system/ipshared/7d3c/hdl/verilog/xsdbm_v3_0_0_bsid_ports.vh
Duplicated file found; will not be sent for synthesis: e:/Project/Personal/PoseEstimation/ZYNQPlatform/ZYNQ-Stereo-System/OV5640_SDCard/OV5640_display.srcs/sources_1/bd/system/ipshared/7d3c/hdl/verilog/xsdbm_v3_0_0_bsid_vec_ports.vh
Duplicated file found; will not be sent for synthesis: e:/Project/Personal/PoseEstimation/ZYNQPlatform/ZYNQ-Stereo-System/OV5640_SDCard/OV5640_display.srcs/sources_1/bd/system/ipshared/7d3c/hdl/verilog/xsdbm_v3_0_0_bs_vec.vh
Duplicated file found; will not be sent for synthesis: e:/Project/Personal/PoseEstimation/ZYNQPlatform/ZYNQ-Stereo-System/OV5640_SDCard/OV5640_display.srcs/sources_1/bd/system/ipshared/7d3c/hdl/verilog/xsdbm_v3_0_0_bs_core_vec.vh
Duplicated file found; will not be sent for synthesis: e:/Project/Personal/PoseEstimation/ZYNQPlatform/ZYNQ-Stereo-System/OV5640_SDCard/OV5640_display.srcs/sources_1/bd/system/ipshared/7d3c/hdl/verilog/xsdbm_v3_0_0_sl_prt_map.vh
Duplicated file found; will not be sent for synthesis: e:/Project/Personal/PoseEstimation/ZYNQPlatform/ZYNQ-Stereo-System/OV5640_SDCard/OV5640_display.srcs/sources_1/bd/system/ipshared/7d3c/hdl/verilog/xsdbm_v3_0_0_id_map.vh
Duplicated file found; will not be sent for synthesis: e:/Project/Personal/PoseEstimation/ZYNQPlatform/ZYNQ-Stereo-System/OV5640_SDCard/OV5640_display.srcs/sources_1/bd/system/ipshared/7d3c/hdl/verilog/xsdbm_v3_0_0_id_vec_map.vh
Duplicated file found; will not be sent for synthesis: e:/Project/Personal/PoseEstimation/ZYNQPlatform/ZYNQ-Stereo-System/OV5640_SDCard/OV5640_display.srcs/sources_1/bd/system/ipshared/7d3c/hdl/xsdbm_v3_0_vl_rfs.v
Duplicated file found; will not be sent for synthesis: e:/Project/Personal/PoseEstimation/ZYNQPlatform/ZYNQ-Stereo-System/OV5640_SDCard/OV5640_display.srcs/sources_1/bd/system/ipshared/c45e/hdl/verilog/ila_v6_2_8_ila_ver.vh
Duplicated file found; will not be sent for synthesis: e:/Project/Personal/PoseEstimation/ZYNQPlatform/ZYNQ-Stereo-System/OV5640_SDCard/OV5640_display.srcs/sources_1/bd/system/ipshared/c45e/hdl/ila_v6_2_syn_rfs.v
Duplicated file found; will not be sent for synthesis: e:/Project/Personal/PoseEstimation/ZYNQPlatform/ZYNQ-Stereo-System/OV5640_SDCard/OV5640_display.srcs/sources_1/bd/system/ipshared/c45e/hdl/verilog/ila_v6_2_8_ila_in.vh
Duplicated file found; will not be sent for synthesis: e:/Project/Personal/PoseEstimation/ZYNQPlatform/ZYNQ-Stereo-System/OV5640_SDCard/OV5640_display.srcs/sources_1/bd/system/ipshared/c45e/hdl/verilog/ila_v6_2_8_ila_param.vh
Duplicated file found; will not be sent for synthesis: e:/Project/Personal/PoseEstimation/ZYNQPlatform/ZYNQ-Stereo-System/OV5640_SDCard/OV5640_display.srcs/sources_1/bd/system/ipshared/c45e/hdl/verilog/ila_v6_2_8_ila_lparam.vh
Duplicated file found; will not be sent for synthesis: e:/Project/Personal/PoseEstimation/ZYNQPlatform/ZYNQ-Stereo-System/OV5640_SDCard/OV5640_display.srcs/sources_1/bd/system/ipshared/c45e/hdl/verilog/ila_v6_2_8_ila_lib_fn.vh
Duplicated file found; will not be sent for synthesis: e:/Project/Personal/PoseEstimation/ZYNQPlatform/ZYNQ-Stereo-System/OV5640_SDCard/OV5640_display.srcs/sources_1/bd/system/ipshared/1b7e/hdl/verilog/ltlib_v1_0_0_ver.vh
Duplicated file found; will not be sent for synthesis: e:/Project/Personal/PoseEstimation/ZYNQPlatform/ZYNQ-Stereo-System/OV5640_SDCard/OV5640_display.srcs/sources_1/bd/system/ipshared/1b7e/hdl/verilog/ltlib_v1_0_0_lib_fn.vh
Duplicated file found; will not be sent for synthesis: e:/Project/Personal/PoseEstimation/ZYNQPlatform/ZYNQ-Stereo-System/OV5640_SDCard/OV5640_display.srcs/sources_1/bd/system/ipshared/1b7e/hdl/ltlib_v1_0_vl_rfs.v
Duplicated file found; will not be sent for synthesis: e:/Project/Personal/PoseEstimation/ZYNQPlatform/ZYNQ-Stereo-System/OV5640_SDCard/OV5640_display.srcs/sources_1/bd/system/ipshared/122e/hdl/verilog/xsdbs_v1_0_2_i2x.vh
Duplicated file found; will not be sent for synthesis: e:/Project/Personal/PoseEstimation/ZYNQPlatform/ZYNQ-Stereo-System/OV5640_SDCard/OV5640_display.srcs/sources_1/bd/system/ipshared/122e/hdl/verilog/xsdbs_v1_0_2_in.vh
Duplicated file found; will not be sent for synthesis: e:/Project/Personal/PoseEstimation/ZYNQPlatform/ZYNQ-Stereo-System/OV5640_SDCard/OV5640_display.srcs/sources_1/bd/system/ipshared/122e/hdl/xsdbs_v1_0_vl_rfs.v
Duplicated file found; will not be sent for synthesis: e:/Project/Personal/PoseEstimation/ZYNQPlatform/ZYNQ-Stereo-System/OV5640_SDCard/OV5640_display.srcs/sources_1/bd/system/ipshared/2751/hdl/blk_mem_gen_v8_3_vhsyn_rfs.vhd
Duplicated file found; will not be sent for synthesis: e:/Project/Personal/PoseEstimation/ZYNQPlatform/ZYNQ-Stereo-System/OV5640_SDCard/OV5640_display.srcs/sources_1/bd/system/ipshared/e6d5/hdl/fifo_generator_v13_1_vhsyn_rfs.vhd
Duplicated file found; will not be sent for synthesis: e:/Project/Personal/PoseEstimation/ZYNQPlatform/ZYNQ-Stereo-System/OV5640_SDCard/OV5640_display.srcs/sources_1/bd/system/ipshared/7d3c/hdl/verilog/xsdbm_v3_0_0_i2x.vh
Duplicated file found; will not be sent for synthesis: e:/Project/Personal/PoseEstimation/ZYNQPlatform/ZYNQ-Stereo-System/OV5640_SDCard/OV5640_display.srcs/sources_1/bd/system/ipshared/7d3c/hdl/verilog/xsdbm_v3_0_0_in.vh
Duplicated file found; will not be sent for synthesis: e:/Project/Personal/PoseEstimation/ZYNQPlatform/ZYNQ-Stereo-System/OV5640_SDCard/OV5640_display.srcs/sources_1/bd/system/ipshared/7d3c/hdl/verilog/xsdbm_v3_0_0_icn.vh
Duplicated file found; will not be sent for synthesis: e:/Project/Personal/PoseEstimation/ZYNQPlatform/ZYNQ-Stereo-System/OV5640_SDCard/OV5640_display.srcs/sources_1/bd/system/ipshared/7d3c/hdl/verilog/xsdbm_v3_0_0_bs.vh
Duplicated file found; will not be sent for synthesis: e:/Project/Personal/PoseEstimation/ZYNQPlatform/ZYNQ-Stereo-System/OV5640_SDCard/OV5640_display.srcs/sources_1/bd/system/ipshared/7d3c/hdl/verilog/xsdbm_v3_0_0_bs_ext.vh
Duplicated file found; will not be sent for synthesis: e:/Project/Personal/PoseEstimation/ZYNQPlatform/ZYNQ-Stereo-System/OV5640_SDCard/OV5640_display.srcs/sources_1/bd/system/ipshared/7d3c/hdl/verilog/xsdbm_v3_0_0_bs_core.vh
Duplicated file found; will not be sent for synthesis: e:/Project/Personal/PoseEstimation/ZYNQPlatform/ZYNQ-Stereo-System/OV5640_SDCard/OV5640_display.srcs/sources_1/bd/system/ipshared/7d3c/hdl/verilog/xsdbm_v3_0_0_bs_core_ext.vh
Duplicated file found; will not be sent for synthesis: e:/Project/Personal/PoseEstimation/ZYNQPlatform/ZYNQ-Stereo-System/OV5640_SDCard/OV5640_display.srcs/sources_1/bd/system/ipshared/7d3c/hdl/verilog/xsdbm_v3_0_0_bs_ports.vh
Duplicated file found; will not be sent for synthesis: e:/Project/Personal/PoseEstimation/ZYNQPlatform/ZYNQ-Stereo-System/OV5640_SDCard/OV5640_display.srcs/sources_1/bd/system/ipshared/7d3c/hdl/verilog/xsdbm_v3_0_0_bsid_ports.vh
Duplicated file found; will not be sent for synthesis: e:/Project/Personal/PoseEstimation/ZYNQPlatform/ZYNQ-Stereo-System/OV5640_SDCard/OV5640_display.srcs/sources_1/bd/system/ipshared/7d3c/hdl/verilog/xsdbm_v3_0_0_bsid_vec_ports.vh
Duplicated file found; will not be sent for synthesis: e:/Project/Personal/PoseEstimation/ZYNQPlatform/ZYNQ-Stereo-System/OV5640_SDCard/OV5640_display.srcs/sources_1/bd/system/ipshared/7d3c/hdl/verilog/xsdbm_v3_0_0_bs_vec.vh
Duplicated file found; will not be sent for synthesis: e:/Project/Personal/PoseEstimation/ZYNQPlatform/ZYNQ-Stereo-System/OV5640_SDCard/OV5640_display.srcs/sources_1/bd/system/ipshared/7d3c/hdl/verilog/xsdbm_v3_0_0_bs_core_vec.vh
Duplicated file found; will not be sent for synthesis: e:/Project/Personal/PoseEstimation/ZYNQPlatform/ZYNQ-Stereo-System/OV5640_SDCard/OV5640_display.srcs/sources_1/bd/system/ipshared/7d3c/hdl/verilog/xsdbm_v3_0_0_sl_prt_map.vh
Duplicated file found; will not be sent for synthesis: e:/Project/Personal/PoseEstimation/ZYNQPlatform/ZYNQ-Stereo-System/OV5640_SDCard/OV5640_display.srcs/sources_1/bd/system/ipshared/7d3c/hdl/verilog/xsdbm_v3_0_0_id_map.vh
Duplicated file found; will not be sent for synthesis: e:/Project/Personal/PoseEstimation/ZYNQPlatform/ZYNQ-Stereo-System/OV5640_SDCard/OV5640_display.srcs/sources_1/bd/system/ipshared/7d3c/hdl/verilog/xsdbm_v3_0_0_id_vec_map.vh
Duplicated file found; will not be sent for synthesis: e:/Project/Personal/PoseEstimation/ZYNQPlatform/ZYNQ-Stereo-System/OV5640_SDCard/OV5640_display.srcs/sources_1/bd/system/ipshared/7d3c/hdl/xsdbm_v3_0_vl_rfs.v
Duplicated file found; will not be sent for synthesis: e:/Project/Personal/PoseEstimation/ZYNQPlatform/ZYNQ-Stereo-System/OV5640_SDCard/OV5640_display.srcs/sources_1/bd/system/ipshared/c45e/hdl/verilog/ila_v6_2_8_ila_ver.vh
Duplicated file found; will not be sent for synthesis: e:/Project/Personal/PoseEstimation/ZYNQPlatform/ZYNQ-Stereo-System/OV5640_SDCard/OV5640_display.srcs/sources_1/bd/system/ipshared/c45e/hdl/ila_v6_2_syn_rfs.v
Duplicated file found; will not be sent for synthesis: e:/Project/Personal/PoseEstimation/ZYNQPlatform/ZYNQ-Stereo-System/OV5640_SDCard/OV5640_display.srcs/sources_1/bd/system/ipshared/c45e/hdl/verilog/ila_v6_2_8_ila_in.vh
Duplicated file found; will not be sent for synthesis: e:/Project/Personal/PoseEstimation/ZYNQPlatform/ZYNQ-Stereo-System/OV5640_SDCard/OV5640_display.srcs/sources_1/bd/system/ipshared/c45e/hdl/verilog/ila_v6_2_8_ila_param.vh
Duplicated file found; will not be sent for synthesis: e:/Project/Personal/PoseEstimation/ZYNQPlatform/ZYNQ-Stereo-System/OV5640_SDCard/OV5640_display.srcs/sources_1/bd/system/ipshared/c45e/hdl/verilog/ila_v6_2_8_ila_lparam.vh
Duplicated file found; will not be sent for synthesis: e:/Project/Personal/PoseEstimation/ZYNQPlatform/ZYNQ-Stereo-System/OV5640_SDCard/OV5640_display.srcs/sources_1/bd/system/ipshared/c45e/hdl/verilog/ila_v6_2_8_ila_lib_fn.vh
Duplicated file found; will not be sent for synthesis: e:/Project/Personal/PoseEstimation/ZYNQPlatform/ZYNQ-Stereo-System/OV5640_SDCard/OV5640_display.srcs/sources_1/bd/system/ipshared/1b7e/hdl/verilog/ltlib_v1_0_0_ver.vh
Duplicated file found; will not be sent for synthesis: e:/Project/Personal/PoseEstimation/ZYNQPlatform/ZYNQ-Stereo-System/OV5640_SDCard/OV5640_display.srcs/sources_1/bd/system/ipshared/1b7e/hdl/verilog/ltlib_v1_0_0_lib_fn.vh
Duplicated file found; will not be sent for synthesis: e:/Project/Personal/PoseEstimation/ZYNQPlatform/ZYNQ-Stereo-System/OV5640_SDCard/OV5640_display.srcs/sources_1/bd/system/ipshared/1b7e/hdl/ltlib_v1_0_vl_rfs.v
Duplicated file found; will not be sent for synthesis: e:/Project/Personal/PoseEstimation/ZYNQPlatform/ZYNQ-Stereo-System/OV5640_SDCard/OV5640_display.srcs/sources_1/bd/system/ipshared/122e/hdl/verilog/xsdbs_v1_0_2_i2x.vh
Duplicated file found; will not be sent for synthesis: e:/Project/Personal/PoseEstimation/ZYNQPlatform/ZYNQ-Stereo-System/OV5640_SDCard/OV5640_display.srcs/sources_1/bd/system/ipshared/122e/hdl/verilog/xsdbs_v1_0_2_in.vh
Duplicated file found; will not be sent for synthesis: e:/Project/Personal/PoseEstimation/ZYNQPlatform/ZYNQ-Stereo-System/OV5640_SDCard/OV5640_display.srcs/sources_1/bd/system/ipshared/122e/hdl/xsdbs_v1_0_vl_rfs.v
Duplicated file found; will not be sent for synthesis: e:/Project/Personal/PoseEstimation/ZYNQPlatform/ZYNQ-Stereo-System/OV5640_SDCard/OV5640_display.srcs/sources_1/bd/system/ipshared/2751/hdl/blk_mem_gen_v8_3_vhsyn_rfs.vhd
Duplicated file found; will not be sent for synthesis: e:/Project/Personal/PoseEstimation/ZYNQPlatform/ZYNQ-Stereo-System/OV5640_SDCard/OV5640_display.srcs/sources_1/bd/system/ipshared/e6d5/hdl/fifo_generator_v13_1_vhsyn_rfs.vhd
Duplicated file found; will not be sent for synthesis: e:/Project/Personal/PoseEstimation/ZYNQPlatform/ZYNQ-Stereo-System/OV5640_SDCard/OV5640_display.srcs/sources_1/bd/system/ipshared/7d3c/hdl/verilog/xsdbm_v3_0_0_i2x.vh
Duplicated file found; will not be sent for synthesis: e:/Project/Personal/PoseEstimation/ZYNQPlatform/ZYNQ-Stereo-System/OV5640_SDCard/OV5640_display.srcs/sources_1/bd/system/ipshared/7d3c/hdl/verilog/xsdbm_v3_0_0_in.vh
Duplicated file found; will not be sent for synthesis: e:/Project/Personal/PoseEstimation/ZYNQPlatform/ZYNQ-Stereo-System/OV5640_SDCard/OV5640_display.srcs/sources_1/bd/system/ipshared/7d3c/hdl/verilog/xsdbm_v3_0_0_icn.vh
Duplicated file found; will not be sent for synthesis: e:/Project/Personal/PoseEstimation/ZYNQPlatform/ZYNQ-Stereo-System/OV5640_SDCard/OV5640_display.srcs/sources_1/bd/system/ipshared/7d3c/hdl/verilog/xsdbm_v3_0_0_bs.vh
Duplicated file found; will not be sent for synthesis: e:/Project/Personal/PoseEstimation/ZYNQPlatform/ZYNQ-Stereo-System/OV5640_SDCard/OV5640_display.srcs/sources_1/bd/system/ipshared/7d3c/hdl/verilog/xsdbm_v3_0_0_bs_ext.vh
Duplicated file found; will not be sent for synthesis: e:/Project/Personal/PoseEstimation/ZYNQPlatform/ZYNQ-Stereo-System/OV5640_SDCard/OV5640_display.srcs/sources_1/bd/system/ipshared/7d3c/hdl/verilog/xsdbm_v3_0_0_bs_core.vh
Duplicated file found; will not be sent for synthesis: e:/Project/Personal/PoseEstimation/ZYNQPlatform/ZYNQ-Stereo-System/OV5640_SDCard/OV5640_display.srcs/sources_1/bd/system/ipshared/7d3c/hdl/verilog/xsdbm_v3_0_0_bs_core_ext.vh
Duplicated file found; will not be sent for synthesis: e:/Project/Personal/PoseEstimation/ZYNQPlatform/ZYNQ-Stereo-System/OV5640_SDCard/OV5640_display.srcs/sources_1/bd/system/ipshared/7d3c/hdl/verilog/xsdbm_v3_0_0_bs_ports.vh
Duplicated file found; will not be sent for synthesis: e:/Project/Personal/PoseEstimation/ZYNQPlatform/ZYNQ-Stereo-System/OV5640_SDCard/OV5640_display.srcs/sources_1/bd/system/ipshared/7d3c/hdl/verilog/xsdbm_v3_0_0_bsid_ports.vh
Duplicated file found; will not be sent for synthesis: e:/Project/Personal/PoseEstimation/ZYNQPlatform/ZYNQ-Stereo-System/OV5640_SDCard/OV5640_display.srcs/sources_1/bd/system/ipshared/7d3c/hdl/verilog/xsdbm_v3_0_0_bsid_vec_ports.vh
Duplicated file found; will not be sent for synthesis: e:/Project/Personal/PoseEstimation/ZYNQPlatform/ZYNQ-Stereo-System/OV5640_SDCard/OV5640_display.srcs/sources_1/bd/system/ipshared/7d3c/hdl/verilog/xsdbm_v3_0_0_bs_vec.vh
Duplicated file found; will not be sent for synthesis: e:/Project/Personal/PoseEstimation/ZYNQPlatform/ZYNQ-Stereo-System/OV5640_SDCard/OV5640_display.srcs/sources_1/bd/system/ipshared/7d3c/hdl/verilog/xsdbm_v3_0_0_bs_core_vec.vh
Duplicated file found; will not be sent for synthesis: e:/Project/Personal/PoseEstimation/ZYNQPlatform/ZYNQ-Stereo-System/OV5640_SDCard/OV5640_display.srcs/sources_1/bd/system/ipshared/7d3c/hdl/verilog/xsdbm_v3_0_0_sl_prt_map.vh
Duplicated file found; will not be sent for synthesis: e:/Project/Personal/PoseEstimation/ZYNQPlatform/ZYNQ-Stereo-System/OV5640_SDCard/OV5640_display.srcs/sources_1/bd/system/ipshared/7d3c/hdl/verilog/xsdbm_v3_0_0_id_map.vh
Duplicated file found; will not be sent for synthesis: e:/Project/Personal/PoseEstimation/ZYNQPlatform/ZYNQ-Stereo-System/OV5640_SDCard/OV5640_display.srcs/sources_1/bd/system/ipshared/7d3c/hdl/verilog/xsdbm_v3_0_0_id_vec_map.vh
Duplicated file found; will not be sent for synthesis: e:/Project/Personal/PoseEstimation/ZYNQPlatform/ZYNQ-Stereo-System/OV5640_SDCard/OV5640_display.srcs/sources_1/bd/system/ipshared/7d3c/hdl/xsdbm_v3_0_vl_rfs.v
Duplicated file found; will not be sent for synthesis: e:/Project/Personal/PoseEstimation/ZYNQPlatform/ZYNQ-Stereo-System/OV5640_SDCard/OV5640_display.srcs/sources_1/bd/system/ipshared/c45e/hdl/verilog/ila_v6_2_8_ila_ver.vh
Duplicated file found; will not be sent for synthesis: e:/Project/Personal/PoseEstimation/ZYNQPlatform/ZYNQ-Stereo-System/OV5640_SDCard/OV5640_display.srcs/sources_1/bd/system/ipshared/c45e/hdl/ila_v6_2_syn_rfs.v
Duplicated file found; will not be sent for synthesis: e:/Project/Personal/PoseEstimation/ZYNQPlatform/ZYNQ-Stereo-System/OV5640_SDCard/OV5640_display.srcs/sources_1/bd/system/ipshared/c45e/hdl/verilog/ila_v6_2_8_ila_in.vh
Duplicated file found; will not be sent for synthesis: e:/Project/Personal/PoseEstimation/ZYNQPlatform/ZYNQ-Stereo-System/OV5640_SDCard/OV5640_display.srcs/sources_1/bd/system/ipshared/c45e/hdl/verilog/ila_v6_2_8_ila_param.vh
Duplicated file found; will not be sent for synthesis: e:/Project/Personal/PoseEstimation/ZYNQPlatform/ZYNQ-Stereo-System/OV5640_SDCard/OV5640_display.srcs/sources_1/bd/system/ipshared/c45e/hdl/verilog/ila_v6_2_8_ila_lparam.vh
Duplicated file found; will not be sent for synthesis: e:/Project/Personal/PoseEstimation/ZYNQPlatform/ZYNQ-Stereo-System/OV5640_SDCard/OV5640_display.srcs/sources_1/bd/system/ipshared/c45e/hdl/verilog/ila_v6_2_8_ila_lib_fn.vh
Duplicated file found; will not be sent for synthesis: e:/Project/Personal/PoseEstimation/ZYNQPlatform/ZYNQ-Stereo-System/OV5640_SDCard/OV5640_display.srcs/sources_1/bd/system/ipshared/b752/hdl/generic_baseblocks_v2_1_vl_rfs.v
Duplicated file found; will not be sent for synthesis: e:/Project/Personal/PoseEstimation/ZYNQPlatform/ZYNQ-Stereo-System/OV5640_SDCard/OV5640_display.srcs/sources_1/bd/system/ipshared/c4fd/hdl/axi_data_fifo_v2_1_vl_rfs.v
Duplicated file found; will not be sent for synthesis: e:/Project/Personal/PoseEstimation/ZYNQPlatform/ZYNQ-Stereo-System/OV5640_SDCard/OV5640_display.srcs/sources_1/bd/system/ipshared/ec67/hdl/axi_infrastructure_v1_1_0.vh
Duplicated file found; will not be sent for synthesis: e:/Project/Personal/PoseEstimation/ZYNQPlatform/ZYNQ-Stereo-System/OV5640_SDCard/OV5640_display.srcs/sources_1/bd/system/ipshared/ec67/hdl/axi_infrastructure_v1_1_vl_rfs.v
Duplicated file found; will not be sent for synthesis: e:/Project/Personal/PoseEstimation/ZYNQPlatform/ZYNQ-Stereo-System/OV5640_SDCard/OV5640_display.srcs/sources_1/bd/system/ipshared/cc23/hdl/axi_register_slice_v2_1_vl_rfs.v
Duplicated file found; will not be sent for synthesis: e:/Project/Personal/PoseEstimation/ZYNQPlatform/ZYNQ-Stereo-System/OV5640_SDCard/OV5640_display.srcs/sources_1/bd/system/ipshared/37c2/hdl/blk_mem_gen_v8_4_vhsyn_rfs.vhd
Duplicated file found; will not be sent for synthesis: e:/Project/Personal/PoseEstimation/ZYNQPlatform/ZYNQ-Stereo-System/OV5640_SDCard/OV5640_display.srcs/sources_1/bd/system/ipshared/64f4/hdl/fifo_generator_v13_2_vhsyn_rfs.vhd
Duplicated file found; will not be sent for synthesis: e:/Project/Personal/PoseEstimation/ZYNQPlatform/ZYNQ-Stereo-System/OV5640_SDCard/OV5640_display.srcs/sources_1/bd/system/ipshared/b752/hdl/generic_baseblocks_v2_1_vl_rfs.v
Duplicated file found; will not be sent for synthesis: e:/Project/Personal/PoseEstimation/ZYNQPlatform/ZYNQ-Stereo-System/OV5640_SDCard/OV5640_display.srcs/sources_1/bd/system/ipshared/c4fd/hdl/axi_data_fifo_v2_1_vl_rfs.v
Duplicated file found; will not be sent for synthesis: e:/Project/Personal/PoseEstimation/ZYNQPlatform/ZYNQ-Stereo-System/OV5640_SDCard/OV5640_display.srcs/sources_1/bd/system/ipshared/ec67/hdl/axi_infrastructure_v1_1_0.vh
Duplicated file found; will not be sent for synthesis: e:/Project/Personal/PoseEstimation/ZYNQPlatform/ZYNQ-Stereo-System/OV5640_SDCard/OV5640_display.srcs/sources_1/bd/system/ipshared/ec67/hdl/axi_infrastructure_v1_1_vl_rfs.v
Duplicated file found; will not be sent for synthesis: e:/Project/Personal/PoseEstimation/ZYNQPlatform/ZYNQ-Stereo-System/OV5640_SDCard/OV5640_display.srcs/sources_1/bd/system/ipshared/cc23/hdl/axi_register_slice_v2_1_vl_rfs.v
Duplicated file found; will not be sent for synthesis: e:/Project/Personal/PoseEstimation/ZYNQPlatform/ZYNQ-Stereo-System/OV5640_SDCard/OV5640_display.srcs/sources_1/bd/system/ipshared/7a04/hdl/axi_protocol_converter_v2_1_vl_rfs.v
Duplicated file found; will not be sent for synthesis: e:/Project/Personal/PoseEstimation/ZYNQPlatform/ZYNQ-Stereo-System/OV5640_SDCard/OV5640_display.srcs/sources_1/bd/system/ipshared/37c2/hdl/blk_mem_gen_v8_4_vhsyn_rfs.vhd
Duplicated file found; will not be sent for synthesis: e:/Project/Personal/PoseEstimation/ZYNQPlatform/ZYNQ-Stereo-System/OV5640_SDCard/OV5640_display.srcs/sources_1/bd/system/ipshared/64f4/hdl/fifo_generator_v13_2_vhsyn_rfs.vhd
Duplicated file found; will not be sent for synthesis: e:/Project/Personal/PoseEstimation/ZYNQPlatform/ZYNQ-Stereo-System/OV5640_SDCard/OV5640_display.srcs/sources_1/bd/system/ipshared/b752/hdl/generic_baseblocks_v2_1_vl_rfs.v
Duplicated file found; will not be sent for synthesis: e:/Project/Personal/PoseEstimation/ZYNQPlatform/ZYNQ-Stereo-System/OV5640_SDCard/OV5640_display.srcs/sources_1/bd/system/ipshared/c4fd/hdl/axi_data_fifo_v2_1_vl_rfs.v
Duplicated file found; will not be sent for synthesis: e:/Project/Personal/PoseEstimation/ZYNQPlatform/ZYNQ-Stereo-System/OV5640_SDCard/OV5640_display.srcs/sources_1/bd/system/ipshared/ec67/hdl/axi_infrastructure_v1_1_0.vh
Duplicated file found; will not be sent for synthesis: e:/Project/Personal/PoseEstimation/ZYNQPlatform/ZYNQ-Stereo-System/OV5640_SDCard/OV5640_display.srcs/sources_1/bd/system/ipshared/ec67/hdl/axi_infrastructure_v1_1_vl_rfs.v
Duplicated file found; will not be sent for synthesis: e:/Project/Personal/PoseEstimation/ZYNQPlatform/ZYNQ-Stereo-System/OV5640_SDCard/OV5640_display.srcs/sources_1/bd/system/ipshared/cc23/hdl/axi_register_slice_v2_1_vl_rfs.v
Duplicated file found; will not be sent for synthesis: e:/Project/Personal/PoseEstimation/ZYNQPlatform/ZYNQ-Stereo-System/OV5640_SDCard/OV5640_display.srcs/sources_1/bd/system/ipshared/7a04/hdl/axi_protocol_converter_v2_1_vl_rfs.v
Duplicated file found; will not be sent for synthesis: e:/Project/Personal/PoseEstimation/ZYNQPlatform/ZYNQ-Stereo-System/OV5640_SDCard/OV5640_display.srcs/sources_1/bd/system/ipshared/37c2/hdl/blk_mem_gen_v8_4_vhsyn_rfs.vhd
Duplicated file found; will not be sent for synthesis: e:/Project/Personal/PoseEstimation/ZYNQPlatform/ZYNQ-Stereo-System/OV5640_SDCard/OV5640_display.srcs/sources_1/bd/system/ipshared/64f4/hdl/fifo_generator_v13_2_vhsyn_rfs.vhd
Duplicated file found; will not be sent for synthesis: e:/Project/Personal/PoseEstimation/ZYNQPlatform/ZYNQ-Stereo-System/OV5640_SDCard/OV5640_display.srcs/sources_1/bd/system/ipshared/b752/hdl/generic_baseblocks_v2_1_vl_rfs.v
Duplicated file found; will not be sent for synthesis: e:/Project/Personal/PoseEstimation/ZYNQPlatform/ZYNQ-Stereo-System/OV5640_SDCard/OV5640_display.srcs/sources_1/bd/system/ipshared/c4fd/hdl/axi_data_fifo_v2_1_vl_rfs.v
Duplicated file found; will not be sent for synthesis: e:/Project/Personal/PoseEstimation/ZYNQPlatform/ZYNQ-Stereo-System/OV5640_SDCard/OV5640_display.srcs/sources_1/bd/system/ipshared/ec67/hdl/axi_infrastructure_v1_1_0.vh
Duplicated file found; will not be sent for synthesis: e:/Project/Personal/PoseEstimation/ZYNQPlatform/ZYNQ-Stereo-System/OV5640_SDCard/OV5640_display.srcs/sources_1/bd/system/ipshared/ec67/hdl/axi_infrastructure_v1_1_vl_rfs.v
Duplicated file found; will not be sent for synthesis: e:/Project/Personal/PoseEstimation/ZYNQPlatform/ZYNQ-Stereo-System/OV5640_SDCard/OV5640_display.srcs/sources_1/bd/system/ipshared/cc23/hdl/axi_register_slice_v2_1_vl_rfs.v
Duplicated file found; will not be sent for synthesis: e:/Project/Personal/PoseEstimation/ZYNQPlatform/ZYNQ-Stereo-System/OV5640_SDCard/OV5640_display.srcs/sources_1/bd/system/ipshared/7a04/hdl/axi_protocol_converter_v2_1_vl_rfs.v
Duplicated file found; will not be sent for synthesis: e:/Project/Personal/PoseEstimation/ZYNQPlatform/ZYNQ-Stereo-System/OV5640_SDCard/OV5640_display.srcs/sources_1/bd/system/ipshared/37c2/hdl/blk_mem_gen_v8_4_vhsyn_rfs.vhd
Duplicated file found; will not be sent for synthesis: e:/Project/Personal/PoseEstimation/ZYNQPlatform/ZYNQ-Stereo-System/OV5640_SDCard/OV5640_display.srcs/sources_1/bd/system/ipshared/64f4/hdl/fifo_generator_v13_2_vhsyn_rfs.vhd
CRC performance measure: elapsed=00:00:00.020s;;memory_peak=3608.453MB;;memory_gain=0.000MB
