11:00:37 **** Auto Build of configuration Debug for project OV5640_SDcard ****
make pre-build main-build 
a9-linaro-pre-build-step
' '
'Building file: ../src/ov5640_config.c'
'Invoking: ARM v7 gcc compiler'
arm-none-eabi-gcc -Wall -O0 -g3 -c -fmessage-length=0 -MT"src/ov5640_config.o" -mcpu=cortex-a9 -mfpu=vfpv3 -mfloat-abi=hard -I../../OV5640_SDcard_bsp/ps7_cortexa9_0/include -MMD -MP -MF"src/ov5640_config.d" -MT"src/ov5640_config.o" -o "src/ov5640_config.o" "../src/ov5640_config.c"
'Finished building: ../src/ov5640_config.c'
' '
'Building target: OV5640_SDcard.elf'
'Invoking: ARM v7 gcc linker'
arm-none-eabi-gcc -mcpu=cortex-a9 -mfpu=vfpv3 -mfloat-abi=hard -Wl,-build-id=none -specs=Xilinx.spec -Wl,-T -Wl,../src/lscript.ld -L../../OV5640_SDcard_bsp/ps7_cortexa9_0/lib -o "OV5640_SDcard.elf"  ./src/bmp.o ./src/emio_initial.o ./src/i2c_ctr.o ./src/main.o ./src/ov5640_config.o ./src/sys_intr.o ./src/vdma.o ./src/vdma_api.o ./src/zynq_interrupt.o   -Wl,--start-group,-lxil,-lgcc,-lc,--end-group -Wl,--start-group,-lxilffs,-lxil,-lgcc,-lc,--end-group
'Finished building target: OV5640_SDcard.elf'
' '
'Invoking: ARM v7 Print Size'
arm-none-eabi-size OV5640_SDcard.elf  |tee "OV5640_SDcard.elf.size"
   text	   data	    bss	    dec	    hex	filename
  89844	   3144	  36288	 129276	  1f8fc	OV5640_SDcard.elf
'Finished building: OV5640_SDcard.elf.size'
' '

11:00:40 Build Finished (took 2s.326ms)

