#-----------------------------------------------------------
# Vivado v2015.4 (64-bit)
# SW Build 1412921 on Wed Nov 18 09:43:45 MST 2015
# IP Build 1412160 on Tue Nov 17 13:47:24 MST 2015
# Start of session at: Thu Feb 23 17:46:10 2017
# Process ID: 4684
# Current directory: F:/miz701N/7020/s3/S03-CH07_AXI_VDMA_OV5640/Miz_sys
# Command line: vivado.exe -gui_launcher_event rodinguilauncherevent3544 F:\miz701N\7020\s3\S03-CH07_AXI_VDMA_OV5640\Miz_sys\Miz_sys.xpr
# Log file: F:/miz701N/7020/s3/S03-CH07_AXI_VDMA_OV5640/Miz_sys/vivado.log
# Journal file: F:/miz701N/7020/s3/S03-CH07_AXI_VDMA_OV5640/Miz_sys\vivado.jou
#-----------------------------------------------------------
start_gui
open_project F:/miz701N/7020/s3/S03-CH07_AXI_VDMA_OV5640/Miz_sys/Miz_sys.xpr
file copy -force F:/miz701N/7020/s3/S03-CH07_AXI_VDMA_OV5640/Miz_sys/Miz_sys.runs/impl_1/system_wrapper.sysdef F:/miz701N/7020/s3/S03-CH07_AXI_VDMA_OV5640/Miz_sys/Miz_sys.sdk/system_wrapper.hdf

launch_sdk -workspace F:/miz701N/7020/s3/S03-CH07_AXI_VDMA_OV5640/Miz_sys/Miz_sys.sdk -hwspec F:/miz701N/7020/s3/S03-CH07_AXI_VDMA_OV5640/Miz_sys/Miz_sys.sdk/system_wrapper.hdf
file copy -force F:/miz701N/7020/s3/S03-CH07_AXI_VDMA_OV5640/Miz_sys/Miz_sys.runs/impl_1/system_wrapper.sysdef F:/miz701N/7020/s3/S03-CH07_AXI_VDMA_OV5640/Miz_sys/Miz_sys.sdk/system_wrapper.hdf

launch_sdk -workspace F:/miz701N/7020/s3/S03-CH07_AXI_VDMA_OV5640/Miz_sys/Miz_sys.sdk -hwspec F:/miz701N/7020/s3/S03-CH07_AXI_VDMA_OV5640/Miz_sys/Miz_sys.sdk/system_wrapper.hdf
