12:49:43 **** Build of project AXI_DMA_VIDEO_Test_bsp ****
make -k all 
"Running Make include in ps7_cortexa9_0/libsrc/axidma_v9_0/src"
make -C ps7_cortexa9_0/libsrc/axidma_v9_0/src -s include  "SHELL=CMD" "COMPILER=arm-xilinx-eabi-gcc" "ARCHIVER=arm-xilinx-eabi-ar" "COMPILER_FLAGS=  -O2 -c" "EXTRA_COMPILER_FLAGS=-g"
"Running Make include in ps7_cortexa9_0/libsrc/coresightps_dcc_v1_2/src"
make -C ps7_cortexa9_0/libsrc/coresightps_dcc_v1_2/src -s include  "SHELL=CMD" "COMPILER=arm-xilinx-eabi-gcc" "ARCHIVER=arm-xilinx-eabi-ar" "COMPILER_FLAGS=  -O2 -c" "EXTRA_COMPILER_FLAGS=-g"
"Running Make include in ps7_cortexa9_0/libsrc/cpu_cortexa9_v2_1/src"
make -C ps7_cortexa9_0/libsrc/cpu_cortexa9_v2_1/src -s include  "SHELL=CMD" "COMPILER=arm-xilinx-eabi-gcc" "ARCHIVER=arm-xilinx-eabi-ar" "COMPILER_FLAGS=  -O2 -c" "EXTRA_COMPILER_FLAGS=-g"
"Running Make include in ps7_cortexa9_0/libsrc/ddrps_v1_0/src"
make -C ps7_cortexa9_0/libsrc/ddrps_v1_0/src -s include  "SHELL=CMD" "COMPILER=arm-xilinx-eabi-gcc" "ARCHIVER=arm-xilinx-eabi-ar" "COMPILER_FLAGS=  -O2 -c" "EXTRA_COMPILER_FLAGS=-g"
"Running Make include in ps7_cortexa9_0/libsrc/devcfg_v3_3/src"
make -C ps7_cortexa9_0/libsrc/devcfg_v3_3/src -s include  "SHELL=CMD" "COMPILER=arm-xilinx-eabi-gcc" "ARCHIVER=arm-xilinx-eabi-ar" "COMPILER_FLAGS=  -O2 -c" "EXTRA_COMPILER_FLAGS=-g"
"Running Make include in ps7_cortexa9_0/libsrc/dmaps_v2_1/src"
make -C ps7_cortexa9_0/libsrc/dmaps_v2_1/src -s include  "SHELL=CMD" "COMPILER=arm-xilinx-eabi-gcc" "ARCHIVER=arm-xilinx-eabi-ar" "COMPILER_FLAGS=  -O2 -c" "EXTRA_COMPILER_FLAGS=-g"
"Running Make include in ps7_cortexa9_0/libsrc/emacps_v3_1/src"
make -C ps7_cortexa9_0/libsrc/emacps_v3_1/src -s include  "SHELL=CMD" "COMPILER=arm-xilinx-eabi-gcc" "ARCHIVER=arm-xilinx-eabi-ar" "COMPILER_FLAGS=  -O2 -c" "EXTRA_COMPILER_FLAGS=-g"
"Running Make include in ps7_cortexa9_0/libsrc/gpio_v4_0/src"
make -C ps7_cortexa9_0/libsrc/gpio_v4_0/src -s include  "SHELL=CMD" "COMPILER=arm-xilinx-eabi-gcc" "ARCHIVER=arm-xilinx-eabi-ar" "COMPILER_FLAGS=  -O2 -c" "EXTRA_COMPILER_FLAGS=-g"
"Running Make include in ps7_cortexa9_0/libsrc/gpiops_v3_1/src"
make -C ps7_cortexa9_0/libsrc/gpiops_v3_1/src -s include  "SHELL=CMD" "COMPILER=arm-xilinx-eabi-gcc" "ARCHIVER=arm-xilinx-eabi-ar" "COMPILER_FLAGS=  -O2 -c" "EXTRA_COMPILER_FLAGS=-g"
"Running Make include in ps7_cortexa9_0/libsrc/scugic_v3_1/src"
make -C ps7_cortexa9_0/libsrc/scugic_v3_1/src -s include  "SHELL=CMD" "COMPILER=arm-xilinx-eabi-gcc" "ARCHIVER=arm-xilinx-eabi-ar" "COMPILER_FLAGS=  -O2 -c" "EXTRA_COMPILER_FLAGS=-g"
"Running Make include in ps7_cortexa9_0/libsrc/scutimer_v2_1/src"
make -C ps7_cortexa9_0/libsrc/scutimer_v2_1/src -s include  "SHELL=CMD" "COMPILER=arm-xilinx-eabi-gcc" "ARCHIVER=arm-xilinx-eabi-ar" "COMPILER_FLAGS=  -O2 -c" "EXTRA_COMPILER_FLAGS=-g"
"Running Make include in ps7_cortexa9_0/libsrc/scuwdt_v2_1/src"
make -C ps7_cortexa9_0/libsrc/scuwdt_v2_1/src -s include  "SHELL=CMD" "COMPILER=arm-xilinx-eabi-gcc" "ARCHIVER=arm-xilinx-eabi-ar" "COMPILER_FLAGS=  -O2 -c" "EXTRA_COMPILER_FLAGS=-g"
"Running Make include in ps7_cortexa9_0/libsrc/standalone_v5_3/src"
make -C ps7_cortexa9_0/libsrc/standalone_v5_3/src -s include  "SHELL=CMD" "COMPILER=arm-xilinx-eabi-gcc" "ARCHIVER=arm-xilinx-eabi-ar" "COMPILER_FLAGS=  -O2 -c" "EXTRA_COMPILER_FLAGS=-g"
"Running Make include in ps7_cortexa9_0/libsrc/uartps_v3_1/src"
make -C ps7_cortexa9_0/libsrc/uartps_v3_1/src -s include  "SHELL=CMD" "COMPILER=arm-xilinx-eabi-gcc" "ARCHIVER=arm-xilinx-eabi-ar" "COMPILER_FLAGS=  -O2 -c" "EXTRA_COMPILER_FLAGS=-g"
"Running Make include in ps7_cortexa9_0/libsrc/xadcps_v2_2/src"
make -C ps7_cortexa9_0/libsrc/xadcps_v2_2/src -s include  "SHELL=CMD" "COMPILER=arm-xilinx-eabi-gcc" "ARCHIVER=arm-xilinx-eabi-ar" "COMPILER_FLAGS=  -O2 -c" "EXTRA_COMPILER_FLAGS=-g"
"Running Make libs in ps7_cortexa9_0/libsrc/axidma_v9_0/src"
make -C ps7_cortexa9_0/libsrc/axidma_v9_0/src -s libs  "SHELL=CMD" "COMPILER=arm-xilinx-eabi-gcc" "ARCHIVER=arm-xilinx-eabi-ar" "COMPILER_FLAGS=  -O2 -c" "EXTRA_COMPILER_FLAGS=-g"
"Compiling axidma"
In file included from xaxidma.h:470:0,
                 from xaxidma.c:83:
xaxidma.c: In function 'XAxiDma_Reset':
xaxidma_bdring.h:238:26: warning: assignment makes pointer from integer without a cast
    (RingPtr)->BdaRestart =      \
                          ^
xaxidma.c:313:3: note: in expansion of macro 'XAxiDma_BdRingSnapShotCurrBd'
   XAxiDma_BdRingSnapShotCurrBd(TxRingPtr);
   ^
xaxidma_bdring.h:243:27: warning: assignment makes pointer from integer without a cast
     (RingPtr)->BdaRestart =     \
                           ^
xaxidma.c:313:3: note: in expansion of macro 'XAxiDma_BdRingSnapShotCurrBd'
   XAxiDma_BdRingSnapShotCurrBd(TxRingPtr);
   ^
xaxidma_bdring.h:248:27: warning: assignment makes pointer from integer without a cast
     (RingPtr)->BdaRestart =     \
                           ^
xaxidma.c:313:3: note: in expansion of macro 'XAxiDma_BdRingSnapShotCurrBd'
   XAxiDma_BdRingSnapShotCurrBd(TxRingPtr);
   ^
xaxidma_bdring.h:238:26: warning: assignment makes pointer from integer without a cast
    (RingPtr)->BdaRestart =      \
                          ^
xaxidma.c:319:4: note: in expansion of macro 'XAxiDma_BdRingSnapShotCurrBd'
    XAxiDma_BdRingSnapShotCurrBd(RxRingPtr);
    ^
xaxidma_bdring.h:243:27: warning: assignment makes pointer from integer without a cast
     (RingPtr)->BdaRestart =     \
                           ^
xaxidma.c:319:4: note: in expansion of macro 'XAxiDma_BdRingSnapShotCurrBd'
    XAxiDma_BdRingSnapShotCurrBd(RxRingPtr);
    ^
xaxidma_bdring.h:248:27: warning: assignment makes pointer from integer without a cast
     (RingPtr)->BdaRestart =     \
                           ^
xaxidma.c:319:4: note: in expansion of macro 'XAxiDma_BdRingSnapShotCurrBd'
    XAxiDma_BdRingSnapShotCurrBd(RxRingPtr);
    ^
arm-xilinx-eabi-ar: creating ../../../lib/libxil.a
"Running Make libs in ps7_cortexa9_0/libsrc/coresightps_dcc_v1_2/src"
make -C ps7_cortexa9_0/libsrc/coresightps_dcc_v1_2/src -s libs  "SHELL=CMD" "COMPILER=arm-xilinx-eabi-gcc" "ARCHIVER=arm-xilinx-eabi-ar" "COMPILER_FLAGS=  -O2 -c" "EXTRA_COMPILER_FLAGS=-g"
"Compiling coresightps_dcc"
"Running Make libs in ps7_cortexa9_0/libsrc/cpu_cortexa9_v2_1/src"
make -C ps7_cortexa9_0/libsrc/cpu_cortexa9_v2_1/src -s libs  "SHELL=CMD" "COMPILER=arm-xilinx-eabi-gcc" "ARCHIVER=arm-xilinx-eabi-ar" "COMPILER_FLAGS=  -O2 -c" "EXTRA_COMPILER_FLAGS=-g"
"Compiling cpu_cortexa9"
"Running Make libs in ps7_cortexa9_0/libsrc/ddrps_v1_0/src"
make -C ps7_cortexa9_0/libsrc/ddrps_v1_0/src -s libs  "SHELL=CMD" "COMPILER=arm-xilinx-eabi-gcc" "ARCHIVER=arm-xilinx-eabi-ar" "COMPILER_FLAGS=  -O2 -c" "EXTRA_COMPILER_FLAGS=-g"
"Compiling ddrps"
"Running Make libs in ps7_cortexa9_0/libsrc/devcfg_v3_3/src"
make -C ps7_cortexa9_0/libsrc/devcfg_v3_3/src -s libs  "SHELL=CMD" "COMPILER=arm-xilinx-eabi-gcc" "ARCHIVER=arm-xilinx-eabi-ar" "COMPILER_FLAGS=  -O2 -c" "EXTRA_COMPILER_FLAGS=-g"
"Compiling devcfg"
"Running Make libs in ps7_cortexa9_0/libsrc/dmaps_v2_1/src"
make -C ps7_cortexa9_0/libsrc/dmaps_v2_1/src -s libs  "SHELL=CMD" "COMPILER=arm-xilinx-eabi-gcc" "ARCHIVER=arm-xilinx-eabi-ar" "COMPILER_FLAGS=  -O2 -c" "EXTRA_COMPILER_FLAGS=-g"
"Compiling dmaps"
"Running Make libs in ps7_cortexa9_0/libsrc/emacps_v3_1/src"
make -C ps7_cortexa9_0/libsrc/emacps_v3_1/src -s libs  "SHELL=CMD" "COMPILER=arm-xilinx-eabi-gcc" "ARCHIVER=arm-xilinx-eabi-ar" "COMPILER_FLAGS=  -O2 -c" "EXTRA_COMPILER_FLAGS=-g"
"Compiling emacps"
"Running Make libs in ps7_cortexa9_0/libsrc/gpio_v4_0/src"
make -C ps7_cortexa9_0/libsrc/gpio_v4_0/src -s libs  "SHELL=CMD" "COMPILER=arm-xilinx-eabi-gcc" "ARCHIVER=arm-xilinx-eabi-ar" "COMPILER_FLAGS=  -O2 -c" "EXTRA_COMPILER_FLAGS=-g"
"Compiling gpio"
"Running Make libs in ps7_cortexa9_0/libsrc/gpiops_v3_1/src"
make -C ps7_cortexa9_0/libsrc/gpiops_v3_1/src -s libs  "SHELL=CMD" "COMPILER=arm-xilinx-eabi-gcc" "ARCHIVER=arm-xilinx-eabi-ar" "COMPILER_FLAGS=  -O2 -c" "EXTRA_COMPILER_FLAGS=-g"
"Compiling gpiops"
"Running Make libs in ps7_cortexa9_0/libsrc/scugic_v3_1/src"
make -C ps7_cortexa9_0/libsrc/scugic_v3_1/src -s libs  "SHELL=CMD" "COMPILER=arm-xilinx-eabi-gcc" "ARCHIVER=arm-xilinx-eabi-ar" "COMPILER_FLAGS=  -O2 -c" "EXTRA_COMPILER_FLAGS=-g"
"Compiling scugic"
"Running Make libs in ps7_cortexa9_0/libsrc/scutimer_v2_1/src"
make -C ps7_cortexa9_0/libsrc/scutimer_v2_1/src -s libs  "SHELL=CMD" "COMPILER=arm-xilinx-eabi-gcc" "ARCHIVER=arm-xilinx-eabi-ar" "COMPILER_FLAGS=  -O2 -c" "EXTRA_COMPILER_FLAGS=-g"
"Compiling scutimer"
"Running Make libs in ps7_cortexa9_0/libsrc/scuwdt_v2_1/src"
make -C ps7_cortexa9_0/libsrc/scuwdt_v2_1/src -s libs  "SHELL=CMD" "COMPILER=arm-xilinx-eabi-gcc" "ARCHIVER=arm-xilinx-eabi-ar" "COMPILER_FLAGS=  -O2 -c" "EXTRA_COMPILER_FLAGS=-g"
"Compiling scuwdt"
"Running Make libs in ps7_cortexa9_0/libsrc/standalone_v5_3/src"
make -C ps7_cortexa9_0/libsrc/standalone_v5_3/src -s libs  "SHELL=CMD" "COMPILER=arm-xilinx-eabi-gcc" "ARCHIVER=arm-xilinx-eabi-ar" "COMPILER_FLAGS=  -O2 -c" "EXTRA_COMPILER_FLAGS=-g"
"Compiling standalone"
"Running Make libs in ps7_cortexa9_0/libsrc/uartps_v3_1/src"
make -C ps7_cortexa9_0/libsrc/uartps_v3_1/src -s libs  "SHELL=CMD" "COMPILER=arm-xilinx-eabi-gcc" "ARCHIVER=arm-xilinx-eabi-ar" "COMPILER_FLAGS=  -O2 -c" "EXTRA_COMPILER_FLAGS=-g"
"Compiling uartps"
"Running Make libs in ps7_cortexa9_0/libsrc/xadcps_v2_2/src"
make -C ps7_cortexa9_0/libsrc/xadcps_v2_2/src -s libs  "SHELL=CMD" "COMPILER=arm-xilinx-eabi-gcc" "ARCHIVER=arm-xilinx-eabi-ar" "COMPILER_FLAGS=  -O2 -c" "EXTRA_COMPILER_FLAGS=-g"
"Compiling xadcps"
'Finished building libraries'

**** Build of configuration Debug for project AXI_DMA_VIDEO_Test ****

Nothing to build for project AXI_DMA_VIDEO_Test
12:50:14 **** Auto Build of configuration Debug for project AXI_DMA_VIDEO_Test ****
make all 
'Building file: ../src/axidma_ov7725_vga.c'
'Invoking: ARM gcc compiler'
arm-xilinx-eabi-gcc -Wall -O0 -g3 -c -fmessage-length=0 -MT"src/axidma_ov7725_vga.o" -I../../AXI_DMA_VIDEO_Test_bsp/ps7_cortexa9_0/include -MMD -MP -MF"src/axidma_ov7725_vga.d" -MT"src/axidma_ov7725_vga.d" -o "src/axidma_ov7725_vga.o" "../src/axidma_ov7725_vga.c"
'Finished building: ../src/axidma_ov7725_vga.c'
' '
'Building file: ../src/emio_initial.c'
'Invoking: ARM gcc compiler'
arm-xilinx-eabi-gcc -Wall -O0 -g3 -c -fmessage-length=0 -MT"src/emio_initial.o" -I../../AXI_DMA_VIDEO_Test_bsp/ps7_cortexa9_0/include -MMD -MP -MF"src/emio_initial.d" -MT"src/emio_initial.d" -o "src/emio_initial.o" "../src/emio_initial.c"
'Finished building: ../src/emio_initial.c'
' '
'Building file: ../src/i2c_ctr.c'
'Invoking: ARM gcc compiler'
arm-xilinx-eabi-gcc -Wall -O0 -g3 -c -fmessage-length=0 -MT"src/i2c_ctr.o" -I../../AXI_DMA_VIDEO_Test_bsp/ps7_cortexa9_0/include -MMD -MP -MF"src/i2c_ctr.d" -MT"src/i2c_ctr.d" -o "src/i2c_ctr.o" "../src/i2c_ctr.c"
'Finished building: ../src/i2c_ctr.c'
' '
'Building file: ../src/ov7725_config.c'
'Invoking: ARM gcc compiler'
arm-xilinx-eabi-gcc -Wall -O0 -g3 -c -fmessage-length=0 -MT"src/ov7725_config.o" -I../../AXI_DMA_VIDEO_Test_bsp/ps7_cortexa9_0/include -MMD -MP -MF"src/ov7725_config.d" -MT"src/ov7725_config.d" -o "src/ov7725_config.o" "../src/ov7725_config.c"
'Finished building: ../src/ov7725_config.c'
' '
'Building target: AXI_DMA_VIDEO_Test.elf'
'Invoking: ARM gcc linker'
arm-xilinx-eabi-gcc -Wl,-T -Wl,../src/lscript.ld -L../../AXI_DMA_VIDEO_Test_bsp/ps7_cortexa9_0/lib -o "AXI_DMA_VIDEO_Test.elf"  ./src/axidma_ov7725_vga.o ./src/emio_initial.o ./src/i2c_ctr.o ./src/ov7725_config.o   -Wl,--start-group,-lxil,-lgcc,-lc,--end-group
'Finished building target: AXI_DMA_VIDEO_Test.elf'
' '
'Invoking: ARM Print Size'
arm-xilinx-eabi-size AXI_DMA_VIDEO_Test.elf  |tee "AXI_DMA_VIDEO_Test.elf.size"
   text	   data	    bss	    dec	    hex	filename
  47788	   2016	  24404	  74208	  121e0	AXI_DMA_VIDEO_Test.elf
'Finished building: AXI_DMA_VIDEO_Test.elf.size'
' '
12:50:46 **** Incremental Build of configuration Debug for project AXI_DMA_VIDEO_Test ****
make all 
make: Nothing to be done for `all'.
13:13:32 **** Incremental Build of configuration Debug for project AXI_DMA_VIDEO_Test ****
make all 
make: Nothing to be done for `all'.
13:14:22 **** Incremental Build of configuration Debug for project AXI_DMA_VIDEO_Test ****
make all 
make: Nothing to be done for `all'.
13:18:37 **** Incremental Build of configuration Debug for project AXI_DMA_VIDEO_Test ****
make all 
make: Nothing to be done for `all'.
13:29:54 **** Incremental Build of configuration Debug for project AXI_DMA_VIDEO_Test ****
make all 
make: Nothing to be done for `all'.
13:30:17 **** Incremental Build of configuration Debug for project AXI_DMA_VIDEO_Test ****
make all 
make: Nothing to be done for `all'.
13:35:59 **** Auto Build of configuration Debug for project AXI_DMA_VIDEO_Test ****
make all 
'Building file: ../src/main.c'
'Invoking: ARM gcc compiler'
arm-xilinx-eabi-gcc -Wall -O0 -g3 -c -fmessage-length=0 -MT"src/main.o" -I../../AXI_DMA_VIDEO_Test_bsp/ps7_cortexa9_0/include -MMD -MP -MF"src/main.d" -MT"src/main.d" -o "src/main.o" "../src/main.c"
'Finished building: ../src/main.c'
' '
'Building target: AXI_DMA_VIDEO_Test.elf'
'Invoking: ARM gcc linker'
arm-xilinx-eabi-gcc -Wl,-T -Wl,../src/lscript.ld -L../../AXI_DMA_VIDEO_Test_bsp/ps7_cortexa9_0/lib -o "AXI_DMA_VIDEO_Test.elf"  ./src/axidma_ov7725_vga.o ./src/emio_initial.o ./src/i2c_ctr.o ./src/main.o ./src/ov7725_config.o   -Wl,--start-group,-lxil,-lgcc,-lc,--end-group
'Finished building target: AXI_DMA_VIDEO_Test.elf'
' '
'Invoking: ARM Print Size'
arm-xilinx-eabi-size AXI_DMA_VIDEO_Test.elf  |tee "AXI_DMA_VIDEO_Test.elf.size"
   text	   data	    bss	    dec	    hex	filename
  47788	   2016	  24404	  74208	  121e0	AXI_DMA_VIDEO_Test.elf
'Finished building: AXI_DMA_VIDEO_Test.elf.size'
' '
13:36:58 **** Clean-only build of configuration Debug for project AXI_DMA_VIDEO_Test ****
make clean 
rm -rf  ./src/axidma_ov7725_vga.o ./src/emio_initial.o ./src/i2c_ctr.o ./src/main.o ./src/ov7725_config.o  ./src/axidma_ov7725_vga.d ./src/emio_initial.d ./src/i2c_ctr.d ./src/main.d ./src/ov7725_config.d  AXI_DMA_VIDEO_Test.elf.size  AXI_DMA_VIDEO_Test.elf
' '
13:36:58 **** Auto Build of configuration Debug for project AXI_DMA_VIDEO_Test ****
make all 
'Building file: ../src/axidma_ov7725_vga.c'
'Invoking: ARM gcc compiler'
arm-xilinx-eabi-gcc -Wall -O0 -g3 -c -fmessage-length=0 -MT"src/axidma_ov7725_vga.o" -I../../AXI_DMA_VIDEO_Test_bsp/ps7_cortexa9_0/include -MMD -MP -MF"src/axidma_ov7725_vga.d" -MT"src/axidma_ov7725_vga.d" -o "src/axidma_ov7725_vga.o" "../src/axidma_ov7725_vga.c"
'Finished building: ../src/axidma_ov7725_vga.c'
' '
'Building file: ../src/emio_initial.c'
'Invoking: ARM gcc compiler'
arm-xilinx-eabi-gcc -Wall -O0 -g3 -c -fmessage-length=0 -MT"src/emio_initial.o" -I../../AXI_DMA_VIDEO_Test_bsp/ps7_cortexa9_0/include -MMD -MP -MF"src/emio_initial.d" -MT"src/emio_initial.d" -o "src/emio_initial.o" "../src/emio_initial.c"
'Finished building: ../src/emio_initial.c'
' '
'Building file: ../src/i2c_ctr.c'
'Invoking: ARM gcc compiler'
arm-xilinx-eabi-gcc -Wall -O0 -g3 -c -fmessage-length=0 -MT"src/i2c_ctr.o" -I../../AXI_DMA_VIDEO_Test_bsp/ps7_cortexa9_0/include -MMD -MP -MF"src/i2c_ctr.d" -MT"src/i2c_ctr.d" -o "src/i2c_ctr.o" "../src/i2c_ctr.c"
'Finished building: ../src/i2c_ctr.c'
' '
'Building file: ../src/ov7725_config.c'
'Invoking: ARM gcc compiler'
arm-xilinx-eabi-gcc -Wall -O0 -g3 -c -fmessage-length=0 -MT"src/ov7725_config.o" -I../../AXI_DMA_VIDEO_Test_bsp/ps7_cortexa9_0/include -MMD -MP -MF"src/ov7725_config.d" -MT"src/ov7725_config.d" -o "src/ov7725_config.o" "../src/ov7725_config.c"
'Finished building: ../src/ov7725_config.c'
' '
'Building target: AXI_DMA_VIDEO_Test.elf'
'Invoking: ARM gcc linker'
arm-xilinx-eabi-gcc -Wl,-T -Wl,../src/lscript.ld -L../../AXI_DMA_VIDEO_Test_bsp/ps7_cortexa9_0/lib -o "AXI_DMA_VIDEO_Test.elf"  ./src/axidma_ov7725_vga.o ./src/emio_initial.o ./src/i2c_ctr.o ./src/ov7725_config.o   -Wl,--start-group,-lxil,-lgcc,-lc,--end-group
'Finished building target: AXI_DMA_VIDEO_Test.elf'
' '
'Invoking: ARM Print Size'
arm-xilinx-eabi-size AXI_DMA_VIDEO_Test.elf  |tee "AXI_DMA_VIDEO_Test.elf.size"
   text	   data	    bss	    dec	    hex	filename
  47788	   2016	  24404	  74208	  121e0	AXI_DMA_VIDEO_Test.elf
'Finished building: AXI_DMA_VIDEO_Test.elf.size'
' '
13:38:21 **** Auto Build of configuration Debug for project AXI_DMA_VIDEO_Test ****
make all 
'Building file: ../src/dma_intr.c'
'Invoking: ARM gcc compiler'
arm-xilinx-eabi-gcc -Wall -O0 -g3 -c -fmessage-length=0 -MT"src/dma_intr.o" -I../../AXI_DMA_VIDEO_Test_bsp/ps7_cortexa9_0/include -MMD -MP -MF"src/dma_intr.d" -MT"src/dma_intr.d" -o "src/dma_intr.o" "../src/dma_intr.c"
'Finished building: ../src/dma_intr.c'
' '
'Building file: ../src/main.c'
'Invoking: ARM gcc compiler'
arm-xilinx-eabi-gcc -Wall -O0 -g3 -c -fmessage-length=0 -MT"src/main.o" -I../../AXI_DMA_VIDEO_Test_bsp/ps7_cortexa9_0/include -MMD -MP -MF"src/main.d" -MT"src/main.d" -o "src/main.o" "../src/main.c"
../src/main.c:16:18: fatal error: OLED.h: No such file or directory
 #include "OLED.h"
                  ^
compilation terminated.
make: *** [src/main.o] ´íÎó 1
13:45:38 **** Clean-only build of configuration Debug for project AXI_DMA_VIDEO_Test ****
make clean 
rm -rf  ./src/axidma_ov7725_vga.o ./src/dma_intr.o ./src/emio_initial.o ./src/i2c_ctr.o ./src/main.o ./src/ov7725_config.o ./src/sys_intr.o ./src/timer_intr.o  ./src/axidma_ov7725_vga.d ./src/dma_intr.d ./src/emio_initial.d ./src/i2c_ctr.d ./src/main.d ./src/ov7725_config.d ./src/sys_intr.d ./src/timer_intr.d  AXI_DMA_VIDEO_Test.elf.size  AXI_DMA_VIDEO_Test.elf
' '
13:45:38 **** Auto Build of configuration Debug for project AXI_DMA_VIDEO_Test ****
make all 
'Building file: ../src/axidma_ov7725_vga.c'
'Invoking: ARM gcc compiler'
arm-xilinx-eabi-gcc -Wall -O0 -g3 -c -fmessage-length=0 -MT"src/axidma_ov7725_vga.o" -I../../AXI_DMA_VIDEO_Test_bsp/ps7_cortexa9_0/include -MMD -MP -MF"src/axidma_ov7725_vga.d" -MT"src/axidma_ov7725_vga.d" -o "src/axidma_ov7725_vga.o" "../src/axidma_ov7725_vga.c"
'Finished building: ../src/axidma_ov7725_vga.c'
' '
'Building file: ../src/dma_intr.c'
'Invoking: ARM gcc compiler'
arm-xilinx-eabi-gcc -Wall -O0 -g3 -c -fmessage-length=0 -MT"src/dma_intr.o" -I../../AXI_DMA_VIDEO_Test_bsp/ps7_cortexa9_0/include -MMD -MP -MF"src/dma_intr.d" -MT"src/dma_intr.d" -o "src/dma_intr.o" "../src/dma_intr.c"
'Finished building: ../src/dma_intr.c'
' '
'Building file: ../src/emio_initial.c'
'Invoking: ARM gcc compiler'
arm-xilinx-eabi-gcc -Wall -O0 -g3 -c -fmessage-length=0 -MT"src/emio_initial.o" -I../../AXI_DMA_VIDEO_Test_bsp/ps7_cortexa9_0/include -MMD -MP -MF"src/emio_initial.d" -MT"src/emio_initial.d" -o "src/emio_initial.o" "../src/emio_initial.c"
'Finished building: ../src/emio_initial.c'
' '
'Building file: ../src/i2c_ctr.c'
'Invoking: ARM gcc compiler'
arm-xilinx-eabi-gcc -Wall -O0 -g3 -c -fmessage-length=0 -MT"src/i2c_ctr.o" -I../../AXI_DMA_VIDEO_Test_bsp/ps7_cortexa9_0/include -MMD -MP -MF"src/i2c_ctr.d" -MT"src/i2c_ctr.d" -o "src/i2c_ctr.o" "../src/i2c_ctr.c"
'Finished building: ../src/i2c_ctr.c'
' '
'Building file: ../src/main.c'
'Invoking: ARM gcc compiler'
arm-xilinx-eabi-gcc -Wall -O0 -g3 -c -fmessage-length=0 -MT"src/main.o" -I../../AXI_DMA_VIDEO_Test_bsp/ps7_cortexa9_0/include -MMD -MP -MF"src/main.d" -MT"src/main.d" -o "src/main.o" "../src/main.c"
../src/main.c:13:24: fatal error: timer_intr.h: No such file or directory
 #include "timer_intr.h"
                        ^
compilation terminated.
make: *** [src/main.o] ´íÎó 1
14:39:07 **** Auto Build of configuration Debug for project AXI_DMA_VIDEO_Test ****
make all 
'Building file: ../src/main.c'
'Invoking: ARM gcc compiler'
arm-xilinx-eabi-gcc -Wall -O0 -g3 -c -fmessage-length=0 -MT"src/main.o" -I../../AXI_DMA_VIDEO_Test_bsp/ps7_cortexa9_0/include -MMD -MP -MF"src/main.d" -MT"src/main.d" -o "src/main.o" "../src/main.c"
../src/main.c: In function 'axi_dma_video':
../src/main.c:26:2: error: 'Status' undeclared (first use in this function)
  Status = XGpio_Initialize(&Gpio, XPAR_AXI_GPIO_0_DEVICE_ID);
  ^
../src/main.c:26:2: note: each undeclared identifier is reported only once for each function it appears in
../src/main.c:37:2: error: 'tx_buffer_index' undeclared (first use in this function)
  tx_buffer_index = 0;
  ^
../src/main.c:38:2: error: 'rx_buffer_index' undeclared (first use in this function)
  rx_buffer_index = 0;
  ^
../src/main.c:40:2: warning: implicit declaration of function 'Miz702_EMIO_init' [-Wimplicit-function-declaration]
  Miz702_EMIO_init();
  ^
../src/main.c:41:2: warning: implicit declaration of function 'ov7725_init_rgb' [-Wimplicit-function-declaration]
  ov7725_init_rgb();
  ^
../src/main.c:47:48: error: 'BufferPtr' undeclared (first use in this function)
  Status = XAxiDma_SimpleTransfer(&AxiDma, (u32)BufferPtr[rx_buffer_index],
                                                ^
../src/main.c: In function 'init_intr_sys':
../src/main.c:58:2: warning: implicit declaration of function 'Setup_Intr_Exception' [-Wimplicit-function-declaration]
  Setup_Intr_Exception(&Intc);
  ^
../src/main.c: In function 'main':
../src/main.c:66:2: error: 'BufferPtr' undeclared (first use in this function)
  BufferPtr[0] = (u32 *)BUFFER0_BASE;
  ^
../src/main.c:66:24: error: 'BUFFER0_BASE' undeclared (first use in this function)
  BufferPtr[0] = (u32 *)BUFFER0_BASE;
                        ^
../src/main.c:67:24: error: 'BUFFER1_BASE' undeclared (first use in this function)
  BufferPtr[1] = (u32 *)BUFFER1_BASE;
                        ^
../src/main.c:68:24: error: 'BUFFER2_BASE' undeclared (first use in this function)
  BufferPtr[2] = (u32 *)BUFFER2_BASE;
                        ^
../src/main.c:70:2: error: 'tx_buffer_index' undeclared (first use in this function)
  tx_buffer_index = 0;
  ^
../src/main.c:71:2: error: 'rx_buffer_index' undeclared (first use in this function)
  rx_buffer_index = 0;
  ^
../src/main.c:84:2: error: 'Status' undeclared (first use in this function)
  Status = XAxiDma_SimpleTransfer(&AxiDma, (u32)BufferPtr[rx_buffer_index],
  ^
../src/main.c: In function 'axi_dma_video':
../src/main.c:52:1: warning: control reaches end of non-void function [-Wreturn-type]
 }
 ^
../src/main.c: In function 'init_intr_sys':
../src/main.c:61:1: warning: control reaches end of non-void function [-Wreturn-type]
 }
 ^
make: *** [src/main.o] ´íÎó 1
14:39:45 **** Auto Build of configuration Debug for project AXI_DMA_VIDEO_Test ****
make all 
'Building file: ../src/dma_intr.c'
'Invoking: ARM gcc compiler'
arm-xilinx-eabi-gcc -Wall -O0 -g3 -c -fmessage-length=0 -MT"src/dma_intr.o" -I../../AXI_DMA_VIDEO_Test_bsp/ps7_cortexa9_0/include -MMD -MP -MF"src/dma_intr.d" -MT"src/dma_intr.d" -o "src/dma_intr.o" "../src/dma_intr.c"
../src/dma_intr.c: In function 'DMA_CheckData':
../src/dma_intr.c:36:20: error: 'RX_BUFFER_BASE' undeclared (first use in this function)
  RxPacket = (u8 *) RX_BUFFER_BASE;
                    ^
../src/dma_intr.c:36:20: note: each undeclared identifier is reported only once for each function it appears in
make: *** [src/dma_intr.o] ´íÎó 1
14:40:53 **** Auto Build of configuration Debug for project AXI_DMA_VIDEO_Test ****
make all 
'Building file: ../src/dma_intr.c'
'Invoking: ARM gcc compiler'
arm-xilinx-eabi-gcc -Wall -O0 -g3 -c -fmessage-length=0 -MT"src/dma_intr.o" -I../../AXI_DMA_VIDEO_Test_bsp/ps7_cortexa9_0/include -MMD -MP -MF"src/dma_intr.d" -MT"src/dma_intr.d" -o "src/dma_intr.o" "../src/dma_intr.c"
../src/dma_intr.c: In function 'DMA_TxIntrHandler':
../src/dma_intr.c:150:2: error: 'Status' undeclared (first use in this function)
  Status = XAxiDma_SimpleTransfer(&AxiDma, (u32)BufferPtr[tx_buffer_index],
  ^
../src/dma_intr.c:150:2: note: each undeclared identifier is reported only once for each function it appears in
../src/dma_intr.c:150:35: error: 'AxiDma' undeclared (first use in this function)
  Status = XAxiDma_SimpleTransfer(&AxiDma, (u32)BufferPtr[tx_buffer_index],
                                   ^
../src/dma_intr.c:106:6: warning: unused variable 'TimeOut' [-Wunused-variable]
  int TimeOut;
      ^
../src/dma_intr.c: In function 'DMA_RxIntrHandler':
../src/dma_intr.c:216:2: error: 'Status' undeclared (first use in this function)
  Status = XAxiDma_SimpleTransfer(&AxiDma, (u32)BufferPtr[rx_buffer_index],
  ^
../src/dma_intr.c:216:35: error: 'AxiDma' undeclared (first use in this function)
  Status = XAxiDma_SimpleTransfer(&AxiDma, (u32)BufferPtr[rx_buffer_index],
                                   ^
../src/dma_intr.c:178:6: warning: unused variable 'TimeOut' [-Wunused-variable]
  int TimeOut;
      ^
make: *** [src/dma_intr.o] ´íÎó 1
14:41:42 **** Auto Build of configuration Debug for project AXI_DMA_VIDEO_Test ****
make all 
'Building file: ../src/dma_intr.c'
'Invoking: ARM gcc compiler'
arm-xilinx-eabi-gcc -Wall -O0 -g3 -c -fmessage-length=0 -MT"src/dma_intr.o" -I../../AXI_DMA_VIDEO_Test_bsp/ps7_cortexa9_0/include -MMD -MP -MF"src/dma_intr.d" -MT"src/dma_intr.d" -o "src/dma_intr.o" "../src/dma_intr.c"
../src/dma_intr.c: In function 'DMA_TxIntrHandler':
../src/dma_intr.c:151:35: error: 'AxiDma' undeclared (first use in this function)
  Status = XAxiDma_SimpleTransfer(&AxiDma, (u32)BufferPtr[tx_buffer_index],
                                   ^
../src/dma_intr.c:151:35: note: each undeclared identifier is reported only once for each function it appears in
../src/dma_intr.c:107:6: warning: unused variable 'TimeOut' [-Wunused-variable]
  int TimeOut;
      ^
../src/dma_intr.c: In function 'DMA_RxIntrHandler':
../src/dma_intr.c:218:35: error: 'AxiDma' undeclared (first use in this function)
  Status = XAxiDma_SimpleTransfer(&AxiDma, (u32)BufferPtr[rx_buffer_index],
                                   ^
../src/dma_intr.c:180:6: warning: unused variable 'TimeOut' [-Wunused-variable]
  int TimeOut;
      ^
make: *** [src/dma_intr.o] ´íÎó 1
14:42:13 **** Auto Build of configuration Debug for project AXI_DMA_VIDEO_Test ****
make all 
'Building file: ../src/dma_intr.c'
'Invoking: ARM gcc compiler'
arm-xilinx-eabi-gcc -Wall -O0 -g3 -c -fmessage-length=0 -MT"src/dma_intr.o" -I../../AXI_DMA_VIDEO_Test_bsp/ps7_cortexa9_0/include -MMD -MP -MF"src/dma_intr.d" -MT"src/dma_intr.d" -o "src/dma_intr.o" "../src/dma_intr.c"
../src/dma_intr.c: In function 'DMA_TxIntrHandler':
../src/dma_intr.c:107:6: warning: unused variable 'TimeOut' [-Wunused-variable]
  int TimeOut;
      ^
../src/dma_intr.c: In function 'DMA_RxIntrHandler':
../src/dma_intr.c:180:6: warning: unused variable 'TimeOut' [-Wunused-variable]
  int TimeOut;
      ^
'Finished building: ../src/dma_intr.c'
' '
'Building file: ../src/main.c'
'Invoking: ARM gcc compiler'
arm-xilinx-eabi-gcc -Wall -O0 -g3 -c -fmessage-length=0 -MT"src/main.o" -I../../AXI_DMA_VIDEO_Test_bsp/ps7_cortexa9_0/include -MMD -MP -MF"src/main.d" -MT"src/main.d" -o "src/main.o" "../src/main.c"
../src/main.c: In function 'axi_dma_video':
../src/main.c:26:2: error: 'Status' undeclared (first use in this function)
  Status = XGpio_Initialize(&Gpio, XPAR_AXI_GPIO_0_DEVICE_ID);
  ^
../src/main.c:26:2: note: each undeclared identifier is reported only once for each function it appears in
../src/main.c:40:2: warning: implicit declaration of function 'Miz702_EMIO_init' [-Wimplicit-function-declaration]
  Miz702_EMIO_init();
  ^
../src/main.c:41:2: warning: implicit declaration of function 'ov7725_init_rgb' [-Wimplicit-function-declaration]
  ov7725_init_rgb();
  ^
../src/main.c: In function 'init_intr_sys':
../src/main.c:58:2: warning: implicit declaration of function 'Setup_Intr_Exception' [-Wimplicit-function-declaration]
  Setup_Intr_Exception(&Intc);
  ^
../src/main.c: In function 'main':
../src/main.c:84:2: error: 'Status' undeclared (first use in this function)
  Status = XAxiDma_SimpleTransfer(&AxiDma, (u32)BufferPtr[rx_buffer_index],
  ^
../src/main.c: In function 'axi_dma_video':
../src/main.c:52:1: warning: control reaches end of non-void function [-Wreturn-type]
 }
 ^
../src/main.c: In function 'init_intr_sys':
../src/main.c:61:1: warning: control reaches end of non-void function [-Wreturn-type]
 }
 ^
make: *** [src/main.o] ´íÎó 1
14:42:39 **** Auto Build of configuration Debug for project AXI_DMA_VIDEO_Test ****
make all 
'Building file: ../src/main.c'
'Invoking: ARM gcc compiler'
arm-xilinx-eabi-gcc -Wall -O0 -g3 -c -fmessage-length=0 -MT"src/main.o" -I../../AXI_DMA_VIDEO_Test_bsp/ps7_cortexa9_0/include -MMD -MP -MF"src/main.d" -MT"src/main.d" -o "src/main.o" "../src/main.c"
../src/main.c: In function 'axi_dma_video':
../src/main.c:26:2: error: 'Status' undeclared (first use in this function)
  Status = XGpio_Initialize(&Gpio, XPAR_AXI_GPIO_0_DEVICE_ID);
  ^
../src/main.c:26:2: note: each undeclared identifier is reported only once for each function it appears in
../src/main.c:40:2: warning: implicit declaration of function 'Miz702_EMIO_init' [-Wimplicit-function-declaration]
  Miz702_EMIO_init();
  ^
../src/main.c:41:2: warning: implicit declaration of function 'ov7725_init_rgb' [-Wimplicit-function-declaration]
  ov7725_init_rgb();
  ^
../src/main.c: In function 'init_intr_sys':
../src/main.c:58:2: warning: implicit declaration of function 'Setup_Intr_Exception' [-Wimplicit-function-declaration]
  Setup_Intr_Exception(&Intc);
  ^
../src/main.c: In function 'main':
../src/main.c:66:6: warning: variable 'Status' set but not used [-Wunused-but-set-variable]
  u32 Status;
      ^
../src/main.c: In function 'axi_dma_video':
../src/main.c:52:1: warning: control reaches end of non-void function [-Wreturn-type]
 }
 ^
../src/main.c: In function 'init_intr_sys':
../src/main.c:61:1: warning: control reaches end of non-void function [-Wreturn-type]
 }
 ^
make: *** [src/main.o] ´íÎó 1
14:42:54 **** Auto Build of configuration Debug for project AXI_DMA_VIDEO_Test ****
make all 
'Building file: ../src/main.c'
'Invoking: ARM gcc compiler'
arm-xilinx-eabi-gcc -Wall -O0 -g3 -c -fmessage-length=0 -MT"src/main.o" -I../../AXI_DMA_VIDEO_Test_bsp/ps7_cortexa9_0/include -MMD -MP -MF"src/main.d" -MT"src/main.d" -o "src/main.o" "../src/main.c"
../src/main.c: In function 'axi_dma_video':
../src/main.c:26:2: error: 'Status' undeclared (first use in this function)
  Status = XGpio_Initialize(&Gpio, AXI_GPIO_DEV_ID);
  ^
../src/main.c:26:2: note: each undeclared identifier is reported only once for each function it appears in
../src/main.c:40:2: warning: implicit declaration of function 'Miz702_EMIO_init' [-Wimplicit-function-declaration]
  Miz702_EMIO_init();
  ^
../src/main.c:41:2: warning: implicit declaration of function 'ov7725_init_rgb' [-Wimplicit-function-declaration]
  ov7725_init_rgb();
  ^
../src/main.c: In function 'init_intr_sys':
../src/main.c:58:2: warning: implicit declaration of function 'Setup_Intr_Exception' [-Wimplicit-function-declaration]
  Setup_Intr_Exception(&Intc);
  ^
../src/main.c: In function 'main':
../src/main.c:66:6: warning: variable 'Status' set but not used [-Wunused-but-set-variable]
  u32 Status;
      ^
../src/main.c: In function 'axi_dma_video':
../src/main.c:52:1: warning: control reaches end of non-void function [-Wreturn-type]
 }
 ^
../src/main.c: In function 'init_intr_sys':
../src/main.c:61:1: warning: control reaches end of non-void function [-Wreturn-type]
 }
 ^
make: *** [src/main.o] ´íÎó 1
14:43:06 **** Auto Build of configuration Debug for project AXI_DMA_VIDEO_Test ****
make all 
'Building file: ../src/main.c'
'Invoking: ARM gcc compiler'
arm-xilinx-eabi-gcc -Wall -O0 -g3 -c -fmessage-length=0 -MT"src/main.o" -I../../AXI_DMA_VIDEO_Test_bsp/ps7_cortexa9_0/include -MMD -MP -MF"src/main.d" -MT"src/main.d" -o "src/main.o" "../src/main.c"
../src/main.c: In function 'axi_dma_video':
../src/main.c:41:2: warning: implicit declaration of function 'Miz702_EMIO_init' [-Wimplicit-function-declaration]
  Miz702_EMIO_init();
  ^
../src/main.c:42:2: warning: implicit declaration of function 'ov7725_init_rgb' [-Wimplicit-function-declaration]
  ov7725_init_rgb();
  ^
../src/main.c: In function 'init_intr_sys':
../src/main.c:59:2: warning: implicit declaration of function 'Setup_Intr_Exception' [-Wimplicit-function-declaration]
  Setup_Intr_Exception(&Intc);
  ^
../src/main.c: In function 'main':
../src/main.c:67:6: warning: variable 'Status' set but not used [-Wunused-but-set-variable]
  u32 Status;
      ^
../src/main.c: In function 'axi_dma_video':
../src/main.c:53:1: warning: control reaches end of non-void function [-Wreturn-type]
 }
 ^
../src/main.c: In function 'init_intr_sys':
../src/main.c:62:1: warning: control reaches end of non-void function [-Wreturn-type]
 }
 ^
'Finished building: ../src/main.c'
' '
'Building file: ../src/ov7725_config.c'
'Invoking: ARM gcc compiler'
arm-xilinx-eabi-gcc -Wall -O0 -g3 -c -fmessage-length=0 -MT"src/ov7725_config.o" -I../../AXI_DMA_VIDEO_Test_bsp/ps7_cortexa9_0/include -MMD -MP -MF"src/ov7725_config.d" -MT"src/ov7725_config.d" -o "src/ov7725_config.o" "../src/ov7725_config.c"
'Finished building: ../src/ov7725_config.c'
' '
'Building file: ../src/sys_intr.c'
'Invoking: ARM gcc compiler'
arm-xilinx-eabi-gcc -Wall -O0 -g3 -c -fmessage-length=0 -MT"src/sys_intr.o" -I../../AXI_DMA_VIDEO_Test_bsp/ps7_cortexa9_0/include -MMD -MP -MF"src/sys_intr.d" -MT"src/sys_intr.d" -o "src/sys_intr.o" "../src/sys_intr.c"
'Finished building: ../src/sys_intr.c'
' '
'Building target: AXI_DMA_VIDEO_Test.elf'
'Invoking: ARM gcc linker'
arm-xilinx-eabi-gcc -Wl,-T -Wl,../src/lscript.ld -L../../AXI_DMA_VIDEO_Test_bsp/ps7_cortexa9_0/lib -o "AXI_DMA_VIDEO_Test.elf"  ./src/axidma_ov7725_vga.o ./src/dma_intr.o ./src/emio_initial.o ./src/i2c_ctr.o ./src/main.o ./src/ov7725_config.o ./src/sys_intr.o   -Wl,--start-group,-lxil,-lgcc,-lc,--end-group
./src/main.o: In function `main':
D:\MIZ_SOC\SEASON_03\CH03_AXI_DMA_CMOS\Miz_sys\Miz_sys.sdk\AXI_DMA_VIDEO_Test\Debug/../src/main.c:65: multiple definition of `main'
./src/axidma_ov7725_vga.o:D:\MIZ_SOC\SEASON_03\CH03_AXI_DMA_CMOS\Miz_sys\Miz_sys.sdk\AXI_DMA_VIDEO_Test\Debug/../src/axidma_ov7725_vga.c:213: first defined here
collect2.exe: error: ld returned 1 exit status
make: *** [AXI_DMA_VIDEO_Test.elf] ´íÎó 1
14:43:36 **** Clean-only build of configuration Debug for project AXI_DMA_VIDEO_Test ****
make clean 
rm -rf  ./src/axidma_ov7725_vga.o ./src/dma_intr.o ./src/emio_initial.o ./src/i2c_ctr.o ./src/main.o ./src/ov7725_config.o ./src/sys_intr.o  ./src/axidma_ov7725_vga.d ./src/dma_intr.d ./src/emio_initial.d ./src/i2c_ctr.d ./src/main.d ./src/ov7725_config.d ./src/sys_intr.d  AXI_DMA_VIDEO_Test.elf.size  AXI_DMA_VIDEO_Test.elf
' '
14:43:37 **** Auto Build of configuration Debug for project AXI_DMA_VIDEO_Test ****
make all 
'Building file: ../src/dma_intr.c'
'Invoking: ARM gcc compiler'
arm-xilinx-eabi-gcc -Wall -O0 -g3 -c -fmessage-length=0 -MT"src/dma_intr.o" -I../../AXI_DMA_VIDEO_Test_bsp/ps7_cortexa9_0/include -MMD -MP -MF"src/dma_intr.d" -MT"src/dma_intr.d" -o "src/dma_intr.o" "../src/dma_intr.c"
../src/dma_intr.c: In function 'DMA_TxIntrHandler':
../src/dma_intr.c:107:6: warning: unused variable 'TimeOut' [-Wunused-variable]
  int TimeOut;
      ^
../src/dma_intr.c: In function 'DMA_RxIntrHandler':
../src/dma_intr.c:180:6: warning: unused variable 'TimeOut' [-Wunused-variable]
  int TimeOut;
      ^
'Finished building: ../src/dma_intr.c'
' '
'Building file: ../src/emio_initial.c'
'Invoking: ARM gcc compiler'
arm-xilinx-eabi-gcc -Wall -O0 -g3 -c -fmessage-length=0 -MT"src/emio_initial.o" -I../../AXI_DMA_VIDEO_Test_bsp/ps7_cortexa9_0/include -MMD -MP -MF"src/emio_initial.d" -MT"src/emio_initial.d" -o "src/emio_initial.o" "../src/emio_initial.c"
'Finished building: ../src/emio_initial.c'
' '
'Building file: ../src/i2c_ctr.c'
'Invoking: ARM gcc compiler'
arm-xilinx-eabi-gcc -Wall -O0 -g3 -c -fmessage-length=0 -MT"src/i2c_ctr.o" -I../../AXI_DMA_VIDEO_Test_bsp/ps7_cortexa9_0/include -MMD -MP -MF"src/i2c_ctr.d" -MT"src/i2c_ctr.d" -o "src/i2c_ctr.o" "../src/i2c_ctr.c"
'Finished building: ../src/i2c_ctr.c'
' '
'Building file: ../src/main.c'
'Invoking: ARM gcc compiler'
arm-xilinx-eabi-gcc -Wall -O0 -g3 -c -fmessage-length=0 -MT"src/main.o" -I../../AXI_DMA_VIDEO_Test_bsp/ps7_cortexa9_0/include -MMD -MP -MF"src/main.d" -MT"src/main.d" -o "src/main.o" "../src/main.c"
../src/main.c: In function 'axi_dma_video':
../src/main.c:41:2: warning: implicit declaration of function 'Miz702_EMIO_init' [-Wimplicit-function-declaration]
  Miz702_EMIO_init();
  ^
../src/main.c:42:2: warning: implicit declaration of function 'ov7725_init_rgb' [-Wimplicit-function-declaration]
  ov7725_init_rgb();
  ^
../src/main.c: In function 'init_intr_sys':
../src/main.c:59:2: warning: implicit declaration of function 'Setup_Intr_Exception' [-Wimplicit-function-declaration]
  Setup_Intr_Exception(&Intc);
  ^
../src/main.c: In function 'main':
../src/main.c:67:6: warning: variable 'Status' set but not used [-Wunused-but-set-variable]
  u32 Status;
      ^
../src/main.c: In function 'axi_dma_video':
../src/main.c:53:1: warning: control reaches end of non-void function [-Wreturn-type]
 }
 ^
../src/main.c: In function 'init_intr_sys':
../src/main.c:62:1: warning: control reaches end of non-void function [-Wreturn-type]
 }
 ^
'Finished building: ../src/main.c'
' '
'Building file: ../src/ov7725_config.c'
'Invoking: ARM gcc compiler'
arm-xilinx-eabi-gcc -Wall -O0 -g3 -c -fmessage-length=0 -MT"src/ov7725_config.o" -I../../AXI_DMA_VIDEO_Test_bsp/ps7_cortexa9_0/include -MMD -MP -MF"src/ov7725_config.d" -MT"src/ov7725_config.d" -o "src/ov7725_config.o" "../src/ov7725_config.c"
'Finished building: ../src/ov7725_config.c'
' '
'Building file: ../src/sys_intr.c'
'Invoking: ARM gcc compiler'
arm-xilinx-eabi-gcc -Wall -O0 -g3 -c -fmessage-length=0 -MT"src/sys_intr.o" -I../../AXI_DMA_VIDEO_Test_bsp/ps7_cortexa9_0/include -MMD -MP -MF"src/sys_intr.d" -MT"src/sys_intr.d" -o "src/sys_intr.o" "../src/sys_intr.c"
'Finished building: ../src/sys_intr.c'
' '
'Building target: AXI_DMA_VIDEO_Test.elf'
'Invoking: ARM gcc linker'
arm-xilinx-eabi-gcc -Wl,-T -Wl,../src/lscript.ld -L../../AXI_DMA_VIDEO_Test_bsp/ps7_cortexa9_0/lib -o "AXI_DMA_VIDEO_Test.elf"  ./src/dma_intr.o ./src/emio_initial.o ./src/i2c_ctr.o ./src/main.o ./src/ov7725_config.o ./src/sys_intr.o   -Wl,--start-group,-lxil,-lgcc,-lc,--end-group
./src/dma_intr.o: In function `DMA_TxIntrHandler':
D:\MIZ_SOC\SEASON_03\CH03_AXI_DMA_CMOS\Miz_sys\Miz_sys.sdk\AXI_DMA_VIDEO_Test\Debug/../src/dma_intr.c:146: undefined reference to `rx_buffer_index'
D:\MIZ_SOC\SEASON_03\CH03_AXI_DMA_CMOS\Miz_sys\Miz_sys.sdk\AXI_DMA_VIDEO_Test\Debug/../src/dma_intr.c:146: undefined reference to `rx_buffer_index'
D:\MIZ_SOC\SEASON_03\CH03_AXI_DMA_CMOS\Miz_sys\Miz_sys.sdk\AXI_DMA_VIDEO_Test\Debug/../src/dma_intr.c:147: undefined reference to `tx_buffer_index'
D:\MIZ_SOC\SEASON_03\CH03_AXI_DMA_CMOS\Miz_sys\Miz_sys.sdk\AXI_DMA_VIDEO_Test\Debug/../src/dma_intr.c:147: undefined reference to `tx_buffer_index'
D:\MIZ_SOC\SEASON_03\CH03_AXI_DMA_CMOS\Miz_sys\Miz_sys.sdk\AXI_DMA_VIDEO_Test\Debug/../src/dma_intr.c:149: undefined reference to `rx_buffer_index'
D:\MIZ_SOC\SEASON_03\CH03_AXI_DMA_CMOS\Miz_sys\Miz_sys.sdk\AXI_DMA_VIDEO_Test\Debug/../src/dma_intr.c:149: undefined reference to `rx_buffer_index'
D:\MIZ_SOC\SEASON_03\CH03_AXI_DMA_CMOS\Miz_sys\Miz_sys.sdk\AXI_DMA_VIDEO_Test\Debug/../src/dma_intr.c:149: undefined reference to `tx_buffer_index'
D:\MIZ_SOC\SEASON_03\CH03_AXI_DMA_CMOS\Miz_sys\Miz_sys.sdk\AXI_DMA_VIDEO_Test\Debug/../src/dma_intr.c:149: undefined reference to `tx_buffer_index'
D:\MIZ_SOC\SEASON_03\CH03_AXI_DMA_CMOS\Miz_sys\Miz_sys.sdk\AXI_DMA_VIDEO_Test\Debug/../src/dma_intr.c:151: undefined reference to `tx_buffer_index'
D:\MIZ_SOC\SEASON_03\CH03_AXI_DMA_CMOS\Miz_sys\Miz_sys.sdk\AXI_DMA_VIDEO_Test\Debug/../src/dma_intr.c:151: undefined reference to `tx_buffer_index'
D:\MIZ_SOC\SEASON_03\CH03_AXI_DMA_CMOS\Miz_sys\Miz_sys.sdk\AXI_DMA_VIDEO_Test\Debug/../src/dma_intr.c:151: undefined reference to `BufferPtr'
D:\MIZ_SOC\SEASON_03\CH03_AXI_DMA_CMOS\Miz_sys\Miz_sys.sdk\AXI_DMA_VIDEO_Test\Debug/../src/dma_intr.c:151: undefined reference to `BufferPtr'
./src/dma_intr.o: In function `DMA_RxIntrHandler':
D:\MIZ_SOC\SEASON_03\CH03_AXI_DMA_CMOS\Miz_sys\Miz_sys.sdk\AXI_DMA_VIDEO_Test\Debug/../src/dma_intr.c:213: undefined reference to `rx_buffer_index'
D:\MIZ_SOC\SEASON_03\CH03_AXI_DMA_CMOS\Miz_sys\Miz_sys.sdk\AXI_DMA_VIDEO_Test\Debug/../src/dma_intr.c:213: undefined reference to `rx_buffer_index'
D:\MIZ_SOC\SEASON_03\CH03_AXI_DMA_CMOS\Miz_sys\Miz_sys.sdk\AXI_DMA_VIDEO_Test\Debug/../src/dma_intr.c:214: undefined reference to `rx_buffer_index'
D:\MIZ_SOC\SEASON_03\CH03_AXI_DMA_CMOS\Miz_sys\Miz_sys.sdk\AXI_DMA_VIDEO_Test\Debug/../src/dma_intr.c:214: undefined reference to `rx_buffer_index'
D:\MIZ_SOC\SEASON_03\CH03_AXI_DMA_CMOS\Miz_sys\Miz_sys.sdk\AXI_DMA_VIDEO_Test\Debug/../src/dma_intr.c:216: undefined reference to `rx_buffer_index'
./src/dma_intr.o:D:\MIZ_SOC\SEASON_03\CH03_AXI_DMA_CMOS\Miz_sys\Miz_sys.sdk\AXI_DMA_VIDEO_Test\Debug/../src/dma_intr.c:216: more undefined references to `rx_buffer_index' follow
./src/dma_intr.o: In function `DMA_RxIntrHandler':
D:\MIZ_SOC\SEASON_03\CH03_AXI_DMA_CMOS\Miz_sys\Miz_sys.sdk\AXI_DMA_VIDEO_Test\Debug/../src/dma_intr.c:218: undefined reference to `BufferPtr'
D:\MIZ_SOC\SEASON_03\CH03_AXI_DMA_CMOS\Miz_sys\Miz_sys.sdk\AXI_DMA_VIDEO_Test\Debug/../src/dma_intr.c:218: undefined reference to `BufferPtr'
./src/main.o: In function `axi_dma_video':
D:\MIZ_SOC\SEASON_03\CH03_AXI_DMA_CMOS\Miz_sys\Miz_sys.sdk\AXI_DMA_VIDEO_Test\Debug/../src/main.c:38: undefined reference to `tx_buffer_index'
D:\MIZ_SOC\SEASON_03\CH03_AXI_DMA_CMOS\Miz_sys\Miz_sys.sdk\AXI_DMA_VIDEO_Test\Debug/../src/main.c:38: undefined reference to `tx_buffer_index'
D:\MIZ_SOC\SEASON_03\CH03_AXI_DMA_CMOS\Miz_sys\Miz_sys.sdk\AXI_DMA_VIDEO_Test\Debug/../src/main.c:39: undefined reference to `rx_buffer_index'
D:\MIZ_SOC\SEASON_03\CH03_AXI_DMA_CMOS\Miz_sys\Miz_sys.sdk\AXI_DMA_VIDEO_Test\Debug/../src/main.c:39: undefined reference to `rx_buffer_index'
D:\MIZ_SOC\SEASON_03\CH03_AXI_DMA_CMOS\Miz_sys\Miz_sys.sdk\AXI_DMA_VIDEO_Test\Debug/../src/main.c:48: undefined reference to `rx_buffer_index'
D:\MIZ_SOC\SEASON_03\CH03_AXI_DMA_CMOS\Miz_sys\Miz_sys.sdk\AXI_DMA_VIDEO_Test\Debug/../src/main.c:48: undefined reference to `rx_buffer_index'
D:\MIZ_SOC\SEASON_03\CH03_AXI_DMA_CMOS\Miz_sys\Miz_sys.sdk\AXI_DMA_VIDEO_Test\Debug/../src/main.c:48: undefined reference to `BufferPtr'
D:\MIZ_SOC\SEASON_03\CH03_AXI_DMA_CMOS\Miz_sys\Miz_sys.sdk\AXI_DMA_VIDEO_Test\Debug/../src/main.c:48: undefined reference to `BufferPtr'
D:\MIZ_SOC\SEASON_03\CH03_AXI_DMA_CMOS\Miz_sys\Miz_sys.sdk\AXI_DMA_VIDEO_Test\Debug/../src/main.c:51: undefined reference to `tx_buffer_index'
D:\MIZ_SOC\SEASON_03\CH03_AXI_DMA_CMOS\Miz_sys\Miz_sys.sdk\AXI_DMA_VIDEO_Test\Debug/../src/main.c:51: undefined reference to `tx_buffer_index'
D:\MIZ_SOC\SEASON_03\CH03_AXI_DMA_CMOS\Miz_sys\Miz_sys.sdk\AXI_DMA_VIDEO_Test\Debug/../src/main.c:51: undefined reference to `BufferPtr'
D:\MIZ_SOC\SEASON_03\CH03_AXI_DMA_CMOS\Miz_sys\Miz_sys.sdk\AXI_DMA_VIDEO_Test\Debug/../src/main.c:51: undefined reference to `BufferPtr'
./src/main.o: In function `main':
D:\MIZ_SOC\SEASON_03\CH03_AXI_DMA_CMOS\Miz_sys\Miz_sys.sdk\AXI_DMA_VIDEO_Test\Debug/../src/main.c:68: undefined reference to `BufferPtr'
D:\MIZ_SOC\SEASON_03\CH03_AXI_DMA_CMOS\Miz_sys\Miz_sys.sdk\AXI_DMA_VIDEO_Test\Debug/../src/main.c:68: undefined reference to `BufferPtr'
D:\MIZ_SOC\SEASON_03\CH03_AXI_DMA_CMOS\Miz_sys\Miz_sys.sdk\AXI_DMA_VIDEO_Test\Debug/../src/main.c:69: undefined reference to `BufferPtr'
./src/main.o:D:\MIZ_SOC\SEASON_03\CH03_AXI_DMA_CMOS\Miz_sys\Miz_sys.sdk\AXI_DMA_VIDEO_Test\Debug/../src/main.c:69: more undefined references to `BufferPtr' follow
./src/main.o: In function `main':
D:\MIZ_SOC\SEASON_03\CH03_AXI_DMA_CMOS\Miz_sys\Miz_sys.sdk\AXI_DMA_VIDEO_Test\Debug/../src/main.c:72: undefined reference to `tx_buffer_index'
D:\MIZ_SOC\SEASON_03\CH03_AXI_DMA_CMOS\Miz_sys\Miz_sys.sdk\AXI_DMA_VIDEO_Test\Debug/../src/main.c:72: undefined reference to `tx_buffer_index'
D:\MIZ_SOC\SEASON_03\CH03_AXI_DMA_CMOS\Miz_sys\Miz_sys.sdk\AXI_DMA_VIDEO_Test\Debug/../src/main.c:73: undefined reference to `rx_buffer_index'
D:\MIZ_SOC\SEASON_03\CH03_AXI_DMA_CMOS\Miz_sys\Miz_sys.sdk\AXI_DMA_VIDEO_Test\Debug/../src/main.c:73: undefined reference to `rx_buffer_index'
D:\MIZ_SOC\SEASON_03\CH03_AXI_DMA_CMOS\Miz_sys\Miz_sys.sdk\AXI_DMA_VIDEO_Test\Debug/../src/main.c:86: undefined reference to `rx_buffer_index'
D:\MIZ_SOC\SEASON_03\CH03_AXI_DMA_CMOS\Miz_sys\Miz_sys.sdk\AXI_DMA_VIDEO_Test\Debug/../src/main.c:86: undefined reference to `rx_buffer_index'
D:\MIZ_SOC\SEASON_03\CH03_AXI_DMA_CMOS\Miz_sys\Miz_sys.sdk\AXI_DMA_VIDEO_Test\Debug/../src/main.c:86: undefined reference to `BufferPtr'
D:\MIZ_SOC\SEASON_03\CH03_AXI_DMA_CMOS\Miz_sys\Miz_sys.sdk\AXI_DMA_VIDEO_Test\Debug/../src/main.c:86: undefined reference to `BufferPtr'
D:\MIZ_SOC\SEASON_03\CH03_AXI_DMA_CMOS\Miz_sys\Miz_sys.sdk\AXI_DMA_VIDEO_Test\Debug/../src/main.c:89: undefined reference to `tx_buffer_index'
D:\MIZ_SOC\SEASON_03\CH03_AXI_DMA_CMOS\Miz_sys\Miz_sys.sdk\AXI_DMA_VIDEO_Test\Debug/../src/main.c:89: undefined reference to `tx_buffer_index'
D:\MIZ_SOC\SEASON_03\CH03_AXI_DMA_CMOS\Miz_sys\Miz_sys.sdk\AXI_DMA_VIDEO_Test\Debug/../src/main.c:89: undefined reference to `BufferPtr'
D:\MIZ_SOC\SEASON_03\CH03_AXI_DMA_CMOS\Miz_sys\Miz_sys.sdk\AXI_DMA_VIDEO_Test\Debug/../src/main.c:89: undefined reference to `BufferPtr'
collect2.exe: error: ld returned 1 exit status
make: *** [AXI_DMA_VIDEO_Test.elf] ´íÎó 1
14:45:13 **** Auto Build of configuration Debug for project AXI_DMA_VIDEO_Test ****
make all 
'Building file: ../src/main.c'
'Invoking: ARM gcc compiler'
arm-xilinx-eabi-gcc -Wall -O0 -g3 -c -fmessage-length=0 -MT"src/main.o" -I../../AXI_DMA_VIDEO_Test_bsp/ps7_cortexa9_0/include -MMD -MP -MF"src/main.d" -MT"src/main.d" -o "src/main.o" "../src/main.c"
../src/main.c: In function 'axi_dma_video':
../src/main.c:50:2: warning: implicit declaration of function 'Miz702_EMIO_init' [-Wimplicit-function-declaration]
  Miz702_EMIO_init();
  ^
../src/main.c:51:2: warning: implicit declaration of function 'ov7725_init_rgb' [-Wimplicit-function-declaration]
  ov7725_init_rgb();
  ^
../src/main.c: In function 'init_intr_sys':
../src/main.c:68:2: warning: implicit declaration of function 'Setup_Intr_Exception' [-Wimplicit-function-declaration]
  Setup_Intr_Exception(&Intc);
  ^
../src/main.c: In function 'main':
../src/main.c:76:6: warning: variable 'Status' set but not used [-Wunused-but-set-variable]
  u32 Status;
      ^
../src/main.c: In function 'axi_dma_video':
../src/main.c:62:1: warning: control reaches end of non-void function [-Wreturn-type]
 }
 ^
../src/main.c: In function 'init_intr_sys':
../src/main.c:71:1: warning: control reaches end of non-void function [-Wreturn-type]
 }
 ^
'Finished building: ../src/main.c'
' '
'Building target: AXI_DMA_VIDEO_Test.elf'
'Invoking: ARM gcc linker'
arm-xilinx-eabi-gcc -Wl,-T -Wl,../src/lscript.ld -L../../AXI_DMA_VIDEO_Test_bsp/ps7_cortexa9_0/lib -o "AXI_DMA_VIDEO_Test.elf"  ./src/dma_intr.o ./src/emio_initial.o ./src/i2c_ctr.o ./src/main.o ./src/ov7725_config.o ./src/sys_intr.o   -Wl,--start-group,-lxil,-lgcc,-lc,--end-group
'Finished building target: AXI_DMA_VIDEO_Test.elf'
' '
'Invoking: ARM Print Size'
arm-xilinx-eabi-size AXI_DMA_VIDEO_Test.elf  |tee "AXI_DMA_VIDEO_Test.elf.size"
   text	   data	    bss	    dec	    hex	filename
  48384	   2016	  24404	  74804	  12434	AXI_DMA_VIDEO_Test.elf
'Finished building: AXI_DMA_VIDEO_Test.elf.size'
' '
14:45:23 **** Auto Build of configuration Debug for project AXI_DMA_VIDEO_Test ****
make all 
'Building file: ../src/main.c'
'Invoking: ARM gcc compiler'
arm-xilinx-eabi-gcc -Wall -O0 -g3 -c -fmessage-length=0 -MT"src/main.o" -I../../AXI_DMA_VIDEO_Test_bsp/ps7_cortexa9_0/include -MMD -MP -MF"src/main.d" -MT"src/main.d" -o "src/main.o" "../src/main.c"
../src/main.c: In function 'axi_dma_video':
../src/main.c:49:2: warning: implicit declaration of function 'Miz702_EMIO_init' [-Wimplicit-function-declaration]
  Miz702_EMIO_init();
  ^
../src/main.c:50:2: warning: implicit declaration of function 'ov7725_init_rgb' [-Wimplicit-function-declaration]
  ov7725_init_rgb();
  ^
../src/main.c: In function 'init_intr_sys':
../src/main.c:67:2: warning: implicit declaration of function 'Setup_Intr_Exception' [-Wimplicit-function-declaration]
  Setup_Intr_Exception(&Intc);
  ^
../src/main.c: In function 'main':
../src/main.c:75:6: warning: variable 'Status' set but not used [-Wunused-but-set-variable]
  u32 Status;
      ^
../src/main.c: In function 'axi_dma_video':
../src/main.c:61:1: warning: control reaches end of non-void function [-Wreturn-type]
 }
 ^
../src/main.c: In function 'init_intr_sys':
../src/main.c:70:1: warning: control reaches end of non-void function [-Wreturn-type]
 }
 ^
'Finished building: ../src/main.c'
' '
'Building target: AXI_DMA_VIDEO_Test.elf'
'Invoking: ARM gcc linker'
arm-xilinx-eabi-gcc -Wl,-T -Wl,../src/lscript.ld -L../../AXI_DMA_VIDEO_Test_bsp/ps7_cortexa9_0/lib -o "AXI_DMA_VIDEO_Test.elf"  ./src/dma_intr.o ./src/emio_initial.o ./src/i2c_ctr.o ./src/main.o ./src/ov7725_config.o ./src/sys_intr.o   -Wl,--start-group,-lxil,-lgcc,-lc,--end-group
'Finished building target: AXI_DMA_VIDEO_Test.elf'
' '
'Invoking: ARM Print Size'
arm-xilinx-eabi-size AXI_DMA_VIDEO_Test.elf  |tee "AXI_DMA_VIDEO_Test.elf.size"
   text	   data	    bss	    dec	    hex	filename
  48384	   2016	  24404	  74804	  12434	AXI_DMA_VIDEO_Test.elf
'Finished building: AXI_DMA_VIDEO_Test.elf.size'
' '
14:45:32 **** Incremental Build of configuration Debug for project AXI_DMA_VIDEO_Test ****
make all 
'Building file: ../src/dma_intr.c'
'Invoking: ARM gcc compiler'
arm-xilinx-eabi-gcc -Wall -O0 -g3 -c -fmessage-length=0 -MT"src/dma_intr.o" -I../../AXI_DMA_VIDEO_Test_bsp/ps7_cortexa9_0/include -MMD -MP -MF"src/dma_intr.d" -MT"src/dma_intr.d" -o "src/dma_intr.o" "../src/dma_intr.c"
../src/dma_intr.c: In function 'DMA_TxIntrHandler':
../src/dma_intr.c:107:6: warning: unused variable 'TimeOut' [-Wunused-variable]
  int TimeOut;
      ^
../src/dma_intr.c: In function 'DMA_RxIntrHandler':
../src/dma_intr.c:180:6: warning: unused variable 'TimeOut' [-Wunused-variable]
  int TimeOut;
      ^
'Finished building: ../src/dma_intr.c'
' '
'Building target: AXI_DMA_VIDEO_Test.elf'
'Invoking: ARM gcc linker'
arm-xilinx-eabi-gcc -Wl,-T -Wl,../src/lscript.ld -L../../AXI_DMA_VIDEO_Test_bsp/ps7_cortexa9_0/lib -o "AXI_DMA_VIDEO_Test.elf"  ./src/dma_intr.o ./src/emio_initial.o ./src/i2c_ctr.o ./src/main.o ./src/ov7725_config.o ./src/sys_intr.o   -Wl,--start-group,-lxil,-lgcc,-lc,--end-group
'Finished building target: AXI_DMA_VIDEO_Test.elf'
' '
'Invoking: ARM Print Size'
arm-xilinx-eabi-size AXI_DMA_VIDEO_Test.elf  |tee "AXI_DMA_VIDEO_Test.elf.size"
   text	   data	    bss	    dec	    hex	filename
  48384	   2016	  24404	  74804	  12434	AXI_DMA_VIDEO_Test.elf
'Finished building: AXI_DMA_VIDEO_Test.elf.size'
' '
14:46:21 **** Incremental Build of configuration Debug for project AXI_DMA_VIDEO_Test ****
make all 
make: Nothing to be done for `all'.
14:48:57 **** Auto Build of configuration Debug for project AXI_DMA_VIDEO_Test ****
make all 
'Building file: ../src/main.c'
'Invoking: ARM gcc compiler'
arm-xilinx-eabi-gcc -Wall -O0 -g3 -c -fmessage-length=0 -MT"src/main.o" -I../../AXI_DMA_VIDEO_Test_bsp/ps7_cortexa9_0/include -MMD -MP -MF"src/main.d" -MT"src/main.d" -o "src/main.o" "../src/main.c"
../src/main.c: In function 'axi_dma_video':
../src/main.c:50:2: warning: implicit declaration of function 'Miz702_EMIO_init' [-Wimplicit-function-declaration]
  Miz702_EMIO_init();//initial emio
  ^
../src/main.c:51:2: warning: implicit declaration of function 'ov7725_init_rgb' [-Wimplicit-function-declaration]
  ov7725_init_rgb();// ov7725 i2c cofiguration
  ^
../src/main.c: In function 'init_intr_sys':
../src/main.c:68:2: warning: implicit declaration of function 'Setup_Intr_Exception' [-Wimplicit-function-declaration]
  Setup_Intr_Exception(&Intc);
  ^
../src/main.c: In function 'main':
../src/main.c:76:6: warning: variable 'Status' set but not used [-Wunused-but-set-variable]
  u32 Status;
      ^
../src/main.c: In function 'axi_dma_video':
../src/main.c:62:1: warning: control reaches end of non-void function [-Wreturn-type]
 }
 ^
../src/main.c: In function 'init_intr_sys':
../src/main.c:71:1: warning: control reaches end of non-void function [-Wreturn-type]
 }
 ^
'Finished building: ../src/main.c'
' '
'Building target: AXI_DMA_VIDEO_Test.elf'
'Invoking: ARM gcc linker'
arm-xilinx-eabi-gcc -Wl,-T -Wl,../src/lscript.ld -L../../AXI_DMA_VIDEO_Test_bsp/ps7_cortexa9_0/lib -o "AXI_DMA_VIDEO_Test.elf"  ./src/dma_intr.o ./src/emio_initial.o ./src/i2c_ctr.o ./src/main.o ./src/ov7725_config.o ./src/sys_intr.o   -Wl,--start-group,-lxil,-lgcc,-lc,--end-group
'Finished building target: AXI_DMA_VIDEO_Test.elf'
' '
'Invoking: ARM Print Size'
arm-xilinx-eabi-size AXI_DMA_VIDEO_Test.elf  |tee "AXI_DMA_VIDEO_Test.elf.size"
   text	   data	    bss	    dec	    hex	filename
  48384	   2016	  24404	  74804	  12434	AXI_DMA_VIDEO_Test.elf
'Finished building: AXI_DMA_VIDEO_Test.elf.size'
' '
15:04:16 **** Incremental Build of configuration Debug for project AXI_DMA_VIDEO_Test ****
make all 
'Building file: ../src/dma_intr.c'
'Invoking: ARM gcc compiler'
arm-xilinx-eabi-gcc -Wall -O0 -g3 -c -fmessage-length=0 -MT"src/dma_intr.o" -I../../AXI_DMA_VIDEO_Test_bsp/ps7_cortexa9_0/include -MMD -MP -MF"src/dma_intr.d" -MT"src/dma_intr.d" -o "src/dma_intr.o" "../src/dma_intr.c"
In file included from ../src/dma_intr.c:8:0:
../src/dma_intr.h:9:21: fatal error: xaxidma.h: No such file or directory
 #include "xaxidma.h"
                     ^
compilation terminated.
make: *** [src/dma_intr.o] ´íÎó 1
15:05:55 **** Auto Build of project AXI_DMA_VIDEO_Test_bsp ****
make -k all 
"Running Make include in ps7_cortexa9_0/libsrc/axidma_v9_0/src"
make -C ps7_cortexa9_0/libsrc/axidma_v9_0/src -s include  "SHELL=CMD" "COMPILER=arm-xilinx-eabi-gcc" "ARCHIVER=arm-xilinx-eabi-ar" "COMPILER_FLAGS=  -O2 -c" "EXTRA_COMPILER_FLAGS=-g"
"Running Make include in ps7_cortexa9_0/libsrc/coresightps_dcc_v1_2/src"
make -C ps7_cortexa9_0/libsrc/coresightps_dcc_v1_2/src -s include  "SHELL=CMD" "COMPILER=arm-xilinx-eabi-gcc" "ARCHIVER=arm-xilinx-eabi-ar" "COMPILER_FLAGS=  -O2 -c" "EXTRA_COMPILER_FLAGS=-g"
"Running Make include in ps7_cortexa9_0/libsrc/cpu_cortexa9_v2_1/src"
make -C ps7_cortexa9_0/libsrc/cpu_cortexa9_v2_1/src -s include  "SHELL=CMD" "COMPILER=arm-xilinx-eabi-gcc" "ARCHIVER=arm-xilinx-eabi-ar" "COMPILER_FLAGS=  -O2 -c" "EXTRA_COMPILER_FLAGS=-g"
"Running Make include in ps7_cortexa9_0/libsrc/ddrps_v1_0/src"
make -C ps7_cortexa9_0/libsrc/ddrps_v1_0/src -s include  "SHELL=CMD" "COMPILER=arm-xilinx-eabi-gcc" "ARCHIVER=arm-xilinx-eabi-ar" "COMPILER_FLAGS=  -O2 -c" "EXTRA_COMPILER_FLAGS=-g"
"Running Make include in ps7_cortexa9_0/libsrc/devcfg_v3_3/src"
make -C ps7_cortexa9_0/libsrc/devcfg_v3_3/src -s include  "SHELL=CMD" "COMPILER=arm-xilinx-eabi-gcc" "ARCHIVER=arm-xilinx-eabi-ar" "COMPILER_FLAGS=  -O2 -c" "EXTRA_COMPILER_FLAGS=-g"
"Running Make include in ps7_cortexa9_0/libsrc/dmaps_v2_1/src"
make -C ps7_cortexa9_0/libsrc/dmaps_v2_1/src -s include  "SHELL=CMD" "COMPILER=arm-xilinx-eabi-gcc" "ARCHIVER=arm-xilinx-eabi-ar" "COMPILER_FLAGS=  -O2 -c" "EXTRA_COMPILER_FLAGS=-g"
"Running Make include in ps7_cortexa9_0/libsrc/emacps_v3_1/src"
make -C ps7_cortexa9_0/libsrc/emacps_v3_1/src -s include  "SHELL=CMD" "COMPILER=arm-xilinx-eabi-gcc" "ARCHIVER=arm-xilinx-eabi-ar" "COMPILER_FLAGS=  -O2 -c" "EXTRA_COMPILER_FLAGS=-g"
"Running Make include in ps7_cortexa9_0/libsrc/gpio_v4_0/src"
make -C ps7_cortexa9_0/libsrc/gpio_v4_0/src -s include  "SHELL=CMD" "COMPILER=arm-xilinx-eabi-gcc" "ARCHIVER=arm-xilinx-eabi-ar" "COMPILER_FLAGS=  -O2 -c" "EXTRA_COMPILER_FLAGS=-g"
"Running Make include in ps7_cortexa9_0/libsrc/gpiops_v3_1/src"
make -C ps7_cortexa9_0/libsrc/gpiops_v3_1/src -s include  "SHELL=CMD" "COMPILER=arm-xilinx-eabi-gcc" "ARCHIVER=arm-xilinx-eabi-ar" "COMPILER_FLAGS=  -O2 -c" "EXTRA_COMPILER_FLAGS=-g"
"Running Make include in ps7_cortexa9_0/libsrc/scugic_v3_1/src"
make -C ps7_cortexa9_0/libsrc/scugic_v3_1/src -s include  "SHELL=CMD" "COMPILER=arm-xilinx-eabi-gcc" "ARCHIVER=arm-xilinx-eabi-ar" "COMPILER_FLAGS=  -O2 -c" "EXTRA_COMPILER_FLAGS=-g"
"Running Make include in ps7_cortexa9_0/libsrc/scutimer_v2_1/src"
make -C ps7_cortexa9_0/libsrc/scutimer_v2_1/src -s include  "SHELL=CMD" "COMPILER=arm-xilinx-eabi-gcc" "ARCHIVER=arm-xilinx-eabi-ar" "COMPILER_FLAGS=  -O2 -c" "EXTRA_COMPILER_FLAGS=-g"
"Running Make include in ps7_cortexa9_0/libsrc/scuwdt_v2_1/src"
make -C ps7_cortexa9_0/libsrc/scuwdt_v2_1/src -s include  "SHELL=CMD" "COMPILER=arm-xilinx-eabi-gcc" "ARCHIVER=arm-xilinx-eabi-ar" "COMPILER_FLAGS=  -O2 -c" "EXTRA_COMPILER_FLAGS=-g"
"Running Make include in ps7_cortexa9_0/libsrc/standalone_v5_3/src"
make -C ps7_cortexa9_0/libsrc/standalone_v5_3/src -s include  "SHELL=CMD" "COMPILER=arm-xilinx-eabi-gcc" "ARCHIVER=arm-xilinx-eabi-ar" "COMPILER_FLAGS=  -O2 -c" "EXTRA_COMPILER_FLAGS=-g"
"Running Make include in ps7_cortexa9_0/libsrc/uartps_v3_1/src"
make -C ps7_cortexa9_0/libsrc/uartps_v3_1/src -s include  "SHELL=CMD" "COMPILER=arm-xilinx-eabi-gcc" "ARCHIVER=arm-xilinx-eabi-ar" "COMPILER_FLAGS=  -O2 -c" "EXTRA_COMPILER_FLAGS=-g"
"Running Make include in ps7_cortexa9_0/libsrc/xadcps_v2_2/src"
make -C ps7_cortexa9_0/libsrc/xadcps_v2_2/src -s include  "SHELL=CMD" "COMPILER=arm-xilinx-eabi-gcc" "ARCHIVER=arm-xilinx-eabi-ar" "COMPILER_FLAGS=  -O2 -c" "EXTRA_COMPILER_FLAGS=-g"
"Running Make libs in ps7_cortexa9_0/libsrc/axidma_v9_0/src"
make -C ps7_cortexa9_0/libsrc/axidma_v9_0/src -s libs  "SHELL=CMD" "COMPILER=arm-xilinx-eabi-gcc" "ARCHIVER=arm-xilinx-eabi-ar" "COMPILER_FLAGS=  -O2 -c" "EXTRA_COMPILER_FLAGS=-g"
"Compiling axidma"
In file included from xaxidma.h:470:0,
                 from xaxidma.c:83:
xaxidma.c: In function 'XAxiDma_Reset':
xaxidma_bdring.h:238:26: warning: assignment makes pointer from integer without a cast
    (RingPtr)->BdaRestart =      \
                          ^
xaxidma.c:313:3: note: in expansion of macro 'XAxiDma_BdRingSnapShotCurrBd'
   XAxiDma_BdRingSnapShotCurrBd(TxRingPtr);
   ^
xaxidma_bdring.h:243:27: warning: assignment makes pointer from integer without a cast
     (RingPtr)->BdaRestart =     \
                           ^
xaxidma.c:313:3: note: in expansion of macro 'XAxiDma_BdRingSnapShotCurrBd'
   XAxiDma_BdRingSnapShotCurrBd(TxRingPtr);
   ^
xaxidma_bdring.h:248:27: warning: assignment makes pointer from integer without a cast
     (RingPtr)->BdaRestart =     \
                           ^
xaxidma.c:313:3: note: in expansion of macro 'XAxiDma_BdRingSnapShotCurrBd'
   XAxiDma_BdRingSnapShotCurrBd(TxRingPtr);
   ^
xaxidma_bdring.h:238:26: warning: assignment makes pointer from integer without a cast
    (RingPtr)->BdaRestart =      \
                          ^
xaxidma.c:319:4: note: in expansion of macro 'XAxiDma_BdRingSnapShotCurrBd'
    XAxiDma_BdRingSnapShotCurrBd(RxRingPtr);
    ^
xaxidma_bdring.h:243:27: warning: assignment makes pointer from integer without a cast
     (RingPtr)->BdaRestart =     \
                           ^
xaxidma.c:319:4: note: in expansion of macro 'XAxiDma_BdRingSnapShotCurrBd'
    XAxiDma_BdRingSnapShotCurrBd(RxRingPtr);
    ^
xaxidma_bdring.h:248:27: warning: assignment makes pointer from integer without a cast
     (RingPtr)->BdaRestart =     \
                           ^
xaxidma.c:319:4: note: in expansion of macro 'XAxiDma_BdRingSnapShotCurrBd'
    XAxiDma_BdRingSnapShotCurrBd(RxRingPtr);
    ^
arm-xilinx-eabi-ar: creating ../../../lib/libxil.a
"Running Make libs in ps7_cortexa9_0/libsrc/coresightps_dcc_v1_2/src"
make -C ps7_cortexa9_0/libsrc/coresightps_dcc_v1_2/src -s libs  "SHELL=CMD" "COMPILER=arm-xilinx-eabi-gcc" "ARCHIVER=arm-xilinx-eabi-ar" "COMPILER_FLAGS=  -O2 -c" "EXTRA_COMPILER_FLAGS=-g"
"Compiling coresightps_dcc"
"Running Make libs in ps7_cortexa9_0/libsrc/cpu_cortexa9_v2_1/src"
make -C ps7_cortexa9_0/libsrc/cpu_cortexa9_v2_1/src -s libs  "SHELL=CMD" "COMPILER=arm-xilinx-eabi-gcc" "ARCHIVER=arm-xilinx-eabi-ar" "COMPILER_FLAGS=  -O2 -c" "EXTRA_COMPILER_FLAGS=-g"
"Compiling cpu_cortexa9"
"Running Make libs in ps7_cortexa9_0/libsrc/ddrps_v1_0/src"
make -C ps7_cortexa9_0/libsrc/ddrps_v1_0/src -s libs  "SHELL=CMD" "COMPILER=arm-xilinx-eabi-gcc" "ARCHIVER=arm-xilinx-eabi-ar" "COMPILER_FLAGS=  -O2 -c" "EXTRA_COMPILER_FLAGS=-g"
"Compiling ddrps"
"Running Make libs in ps7_cortexa9_0/libsrc/devcfg_v3_3/src"
make -C ps7_cortexa9_0/libsrc/devcfg_v3_3/src -s libs  "SHELL=CMD" "COMPILER=arm-xilinx-eabi-gcc" "ARCHIVER=arm-xilinx-eabi-ar" "COMPILER_FLAGS=  -O2 -c" "EXTRA_COMPILER_FLAGS=-g"
"Compiling devcfg"
"Running Make libs in ps7_cortexa9_0/libsrc/dmaps_v2_1/src"
make -C ps7_cortexa9_0/libsrc/dmaps_v2_1/src -s libs  "SHELL=CMD" "COMPILER=arm-xilinx-eabi-gcc" "ARCHIVER=arm-xilinx-eabi-ar" "COMPILER_FLAGS=  -O2 -c" "EXTRA_COMPILER_FLAGS=-g"
"Compiling dmaps"
"Running Make libs in ps7_cortexa9_0/libsrc/emacps_v3_1/src"
make -C ps7_cortexa9_0/libsrc/emacps_v3_1/src -s libs  "SHELL=CMD" "COMPILER=arm-xilinx-eabi-gcc" "ARCHIVER=arm-xilinx-eabi-ar" "COMPILER_FLAGS=  -O2 -c" "EXTRA_COMPILER_FLAGS=-g"
"Compiling emacps"
"Running Make libs in ps7_cortexa9_0/libsrc/gpio_v4_0/src"
make -C ps7_cortexa9_0/libsrc/gpio_v4_0/src -s libs  "SHELL=CMD" "COMPILER=arm-xilinx-eabi-gcc" "ARCHIVER=arm-xilinx-eabi-ar" "COMPILER_FLAGS=  -O2 -c" "EXTRA_COMPILER_FLAGS=-g"
"Compiling gpio"
"Running Make libs in ps7_cortexa9_0/libsrc/gpiops_v3_1/src"
make -C ps7_cortexa9_0/libsrc/gpiops_v3_1/src -s libs  "SHELL=CMD" "COMPILER=arm-xilinx-eabi-gcc" "ARCHIVER=arm-xilinx-eabi-ar" "COMPILER_FLAGS=  -O2 -c" "EXTRA_COMPILER_FLAGS=-g"
"Compiling gpiops"
"Running Make libs in ps7_cortexa9_0/libsrc/scugic_v3_1/src"
make -C ps7_cortexa9_0/libsrc/scugic_v3_1/src -s libs  "SHELL=CMD" "COMPILER=arm-xilinx-eabi-gcc" "ARCHIVER=arm-xilinx-eabi-ar" "COMPILER_FLAGS=  -O2 -c" "EXTRA_COMPILER_FLAGS=-g"
"Compiling scugic"
"Running Make libs in ps7_cortexa9_0/libsrc/scutimer_v2_1/src"
make -C ps7_cortexa9_0/libsrc/scutimer_v2_1/src -s libs  "SHELL=CMD" "COMPILER=arm-xilinx-eabi-gcc" "ARCHIVER=arm-xilinx-eabi-ar" "COMPILER_FLAGS=  -O2 -c" "EXTRA_COMPILER_FLAGS=-g"
"Compiling scutimer"
"Running Make libs in ps7_cortexa9_0/libsrc/scuwdt_v2_1/src"
make -C ps7_cortexa9_0/libsrc/scuwdt_v2_1/src -s libs  "SHELL=CMD" "COMPILER=arm-xilinx-eabi-gcc" "ARCHIVER=arm-xilinx-eabi-ar" "COMPILER_FLAGS=  -O2 -c" "EXTRA_COMPILER_FLAGS=-g"
"Compiling scuwdt"
"Running Make libs in ps7_cortexa9_0/libsrc/standalone_v5_3/src"
make -C ps7_cortexa9_0/libsrc/standalone_v5_3/src -s libs  "SHELL=CMD" "COMPILER=arm-xilinx-eabi-gcc" "ARCHIVER=arm-xilinx-eabi-ar" "COMPILER_FLAGS=  -O2 -c" "EXTRA_COMPILER_FLAGS=-g"
"Compiling standalone"
"Running Make libs in ps7_cortexa9_0/libsrc/uartps_v3_1/src"
make -C ps7_cortexa9_0/libsrc/uartps_v3_1/src -s libs  "SHELL=CMD" "COMPILER=arm-xilinx-eabi-gcc" "ARCHIVER=arm-xilinx-eabi-ar" "COMPILER_FLAGS=  -O2 -c" "EXTRA_COMPILER_FLAGS=-g"
"Compiling uartps"
"Running Make libs in ps7_cortexa9_0/libsrc/xadcps_v2_2/src"
make -C ps7_cortexa9_0/libsrc/xadcps_v2_2/src -s libs  "SHELL=CMD" "COMPILER=arm-xilinx-eabi-gcc" "ARCHIVER=arm-xilinx-eabi-ar" "COMPILER_FLAGS=  -O2 -c" "EXTRA_COMPILER_FLAGS=-g"
"Compiling xadcps"
'Finished building libraries'
15:06:27 **** Auto Build of configuration Debug for project AXI_DMA_VIDEO_Test ****
make all 
'Building file: ../src/dma_intr.c'
'Invoking: ARM gcc compiler'
arm-xilinx-eabi-gcc -Wall -O0 -g3 -c -fmessage-length=0 -MT"src/dma_intr.o" -I../../AXI_DMA_VIDEO_Test_bsp/ps7_cortexa9_0/include -MMD -MP -MF"src/dma_intr.d" -MT"src/dma_intr.d" -o "src/dma_intr.o" "../src/dma_intr.c"
../src/dma_intr.c: In function 'DMA_TxIntrHandler':
../src/dma_intr.c:107:6: warning: unused variable 'TimeOut' [-Wunused-variable]
  int TimeOut;
      ^
../src/dma_intr.c: In function 'DMA_RxIntrHandler':
../src/dma_intr.c:180:6: warning: unused variable 'TimeOut' [-Wunused-variable]
  int TimeOut;
      ^
'Finished building: ../src/dma_intr.c'
' '
'Building file: ../src/emio_initial.c'
'Invoking: ARM gcc compiler'
arm-xilinx-eabi-gcc -Wall -O0 -g3 -c -fmessage-length=0 -MT"src/emio_initial.o" -I../../AXI_DMA_VIDEO_Test_bsp/ps7_cortexa9_0/include -MMD -MP -MF"src/emio_initial.d" -MT"src/emio_initial.d" -o "src/emio_initial.o" "../src/emio_initial.c"
'Finished building: ../src/emio_initial.c'
' '
'Building file: ../src/i2c_ctr.c'
'Invoking: ARM gcc compiler'
arm-xilinx-eabi-gcc -Wall -O0 -g3 -c -fmessage-length=0 -MT"src/i2c_ctr.o" -I../../AXI_DMA_VIDEO_Test_bsp/ps7_cortexa9_0/include -MMD -MP -MF"src/i2c_ctr.d" -MT"src/i2c_ctr.d" -o "src/i2c_ctr.o" "../src/i2c_ctr.c"
'Finished building: ../src/i2c_ctr.c'
' '
'Building file: ../src/main.c'
'Invoking: ARM gcc compiler'
arm-xilinx-eabi-gcc -Wall -O0 -g3 -c -fmessage-length=0 -MT"src/main.o" -I../../AXI_DMA_VIDEO_Test_bsp/ps7_cortexa9_0/include -MMD -MP -MF"src/main.d" -MT"src/main.d" -o "src/main.o" "../src/main.c"
../src/main.c: In function 'axi_dma_video':
../src/main.c:50:2: warning: implicit declaration of function 'Miz702_EMIO_init' [-Wimplicit-function-declaration]
  Miz702_EMIO_init();//initial emio
  ^
../src/main.c:51:2: warning: implicit declaration of function 'ov7725_init_rgb' [-Wimplicit-function-declaration]
  ov7725_init_rgb();// ov7725 i2c cofiguration
  ^
../src/main.c: In function 'init_intr_sys':
../src/main.c:68:2: warning: implicit declaration of function 'Setup_Intr_Exception' [-Wimplicit-function-declaration]
  Setup_Intr_Exception(&Intc);
  ^
../src/main.c: In function 'main':
../src/main.c:76:6: warning: variable 'Status' set but not used [-Wunused-but-set-variable]
  u32 Status;
      ^
../src/main.c: In function 'axi_dma_video':
../src/main.c:62:1: warning: control reaches end of non-void function [-Wreturn-type]
 }
 ^
../src/main.c: In function 'init_intr_sys':
../src/main.c:71:1: warning: control reaches end of non-void function [-Wreturn-type]
 }
 ^
'Finished building: ../src/main.c'
' '
'Building file: ../src/ov7725_config.c'
'Invoking: ARM gcc compiler'
arm-xilinx-eabi-gcc -Wall -O0 -g3 -c -fmessage-length=0 -MT"src/ov7725_config.o" -I../../AXI_DMA_VIDEO_Test_bsp/ps7_cortexa9_0/include -MMD -MP -MF"src/ov7725_config.d" -MT"src/ov7725_config.d" -o "src/ov7725_config.o" "../src/ov7725_config.c"
'Finished building: ../src/ov7725_config.c'
' '
'Building file: ../src/sys_intr.c'
'Invoking: ARM gcc compiler'
arm-xilinx-eabi-gcc -Wall -O0 -g3 -c -fmessage-length=0 -MT"src/sys_intr.o" -I../../AXI_DMA_VIDEO_Test_bsp/ps7_cortexa9_0/include -MMD -MP -MF"src/sys_intr.d" -MT"src/sys_intr.d" -o "src/sys_intr.o" "../src/sys_intr.c"
'Finished building: ../src/sys_intr.c'
' '
'Building target: AXI_DMA_VIDEO_Test.elf'
'Invoking: ARM gcc linker'
arm-xilinx-eabi-gcc -Wl,-T -Wl,../src/lscript.ld -L../../AXI_DMA_VIDEO_Test_bsp/ps7_cortexa9_0/lib -o "AXI_DMA_VIDEO_Test.elf"  ./src/dma_intr.o ./src/emio_initial.o ./src/i2c_ctr.o ./src/main.o ./src/ov7725_config.o ./src/sys_intr.o   -Wl,--start-group,-lxil,-lgcc,-lc,--end-group
'Finished building target: AXI_DMA_VIDEO_Test.elf'
' '
'Invoking: ARM Print Size'
arm-xilinx-eabi-size AXI_DMA_VIDEO_Test.elf  |tee "AXI_DMA_VIDEO_Test.elf.size"
   text	   data	    bss	    dec	    hex	filename
  48384	   2016	  24404	  74804	  12434	AXI_DMA_VIDEO_Test.elf
'Finished building: AXI_DMA_VIDEO_Test.elf.size'
' '
15:06:36 **** Incremental Build of configuration Debug for project AXI_DMA_VIDEO_Test ****
make all 
make: Nothing to be done for `all'.
15:07:05 **** Incremental Build of configuration Debug for project AXI_DMA_VIDEO_Test ****
make all 
make: Nothing to be done for `all'.
15:20:34 **** Incremental Build of configuration Debug for project AXI_DMA_VIDEO_Test ****
make all 
make: Nothing to be done for `all'.
16:21:51 **** Auto Build of configuration Debug for project AXI_DMA_VIDEO_Test ****
make all 
'Building file: ../src/main.c'
'Invoking: ARM gcc compiler'
arm-xilinx-eabi-gcc -Wall -O0 -g3 -c -fmessage-length=0 -MT"src/main.o" -I../../AXI_DMA_VIDEO_Test_bsp/ps7_cortexa9_0/include -MMD -MP -MF"src/main.d" -MT"src/main.d" -o "src/main.o" "../src/main.c"
../src/main.c: In function 'init_intr_sys':
../src/main.c:35:2: warning: implicit declaration of function 'Setup_Intr_Exception' [-Wimplicit-function-declaration]
  Setup_Intr_Exception(&Intc);
  ^
../src/main.c: In function 'main':
../src/main.c:58:2: warning: implicit declaration of function 'Miz702_EMIO_init' [-Wimplicit-function-declaration]
  Miz702_EMIO_init();
  ^
../src/main.c:59:2: warning: implicit declaration of function 'ov7725_init_rgb' [-Wimplicit-function-declaration]
  ov7725_init_rgb();
  ^
../src/main.c:43:6: warning: variable 'Status' set but not used [-Wunused-but-set-variable]
  u32 Status;
      ^
../src/main.c: In function 'init_intr_sys':
../src/main.c:38:1: warning: control reaches end of non-void function [-Wreturn-type]
 }
 ^
'Finished building: ../src/main.c'
make: *** ¾Ü¾ø·ÃÎÊ¡£

¡£ Í£Ö¹¡£
make: *** ÕýÔÚµÈ´ýÎ´Íê³ÉµÄÈÎÎñ....
16:25:50 **** Auto Build of configuration Debug for project AXI_DMA_VIDEO_Test ****
make all 
'Building target: AXI_DMA_VIDEO_Test.elf'
'Invoking: ARM gcc linker'
arm-xilinx-eabi-gcc -Wl,-T -Wl,../src/lscript.ld -L../../AXI_DMA_VIDEO_Test_bsp/ps7_cortexa9_0/lib -o "AXI_DMA_VIDEO_Test.elf"  ./src/dma_intr.o ./src/emio_initial.o ./src/i2c_ctr.o ./src/main.o ./src/ov7725_config.o ./src/sys_intr.o   -Wl,--start-group,-lxil,-lgcc,-lc,--end-group
'Finished building target: AXI_DMA_VIDEO_Test.elf'
' '
'Invoking: ARM Print Size'
arm-xilinx-eabi-size AXI_DMA_VIDEO_Test.elf  |tee "AXI_DMA_VIDEO_Test.elf.size"
   text	   data	    bss	    dec	    hex	filename
  47944	   2016	  24404	  74364	  1227c	AXI_DMA_VIDEO_Test.elf
'Finished building: AXI_DMA_VIDEO_Test.elf.size'
' '
16:28:26 **** Incremental Build of configuration Debug for project AXI_DMA_VIDEO_Test ****
make all 
make: Nothing to be done for `all'.
16:34:22 **** Incremental Build of configuration Debug for project AXI_DMA_VIDEO_Test ****
make all 
make: Nothing to be done for `all'.
16:34:45 **** Incremental Build of configuration Debug for project AXI_DMA_VIDEO_Test ****
make all 
make: Nothing to be done for `all'.
16:35:13 **** Auto Build of configuration Debug for project AXI_DMA_VIDEO_Test ****
make all 
'Building file: ../src/main.c'
'Invoking: ARM gcc compiler'
arm-xilinx-eabi-gcc -Wall -O0 -g3 -c -fmessage-length=0 -MT"src/main.o" -I../../AXI_DMA_VIDEO_Test_bsp/ps7_cortexa9_0/include -MMD -MP -MF"src/main.d" -MT"src/main.d" -o "src/main.o" "../src/main.c"
../src/main.c: In function 'init_intr_sys':
../src/main.c:35:2: warning: implicit declaration of function 'Setup_Intr_Exception' [-Wimplicit-function-declaration]
  Setup_Intr_Exception(&Intc);
  ^
../src/main.c: In function 'main':
../src/main.c:59:2: warning: implicit declaration of function 'Miz702_EMIO_init' [-Wimplicit-function-declaration]
  Miz702_EMIO_init();
  ^
../src/main.c:60:2: warning: implicit declaration of function 'ov7725_init_rgb' [-Wimplicit-function-declaration]
  ov7725_init_rgb();
  ^
../src/main.c:44:6: warning: variable 'Status' set but not used [-Wunused-but-set-variable]
  u32 Status;
      ^
../src/main.c: In function 'init_intr_sys':
../src/main.c:38:1: warning: control reaches end of non-void function [-Wreturn-type]
 }
 ^
'Finished building: ../src/main.c'
' '
'Building target: AXI_DMA_VIDEO_Test.elf'
'Invoking: ARM gcc linker'
arm-xilinx-eabi-gcc -Wl,-T -Wl,../src/lscript.ld -L../../AXI_DMA_VIDEO_Test_bsp/ps7_cortexa9_0/lib -o "AXI_DMA_VIDEO_Test.elf"  ./src/dma_intr.o ./src/emio_initial.o ./src/i2c_ctr.o ./src/main.o ./src/ov7725_config.o ./src/sys_intr.o   -Wl,--start-group,-lxil,-lgcc,-lc,--end-group
'Finished building target: AXI_DMA_VIDEO_Test.elf'
' '
'Invoking: ARM Print Size'
arm-xilinx-eabi-size AXI_DMA_VIDEO_Test.elf  |tee "AXI_DMA_VIDEO_Test.elf.size"
   text	   data	    bss	    dec	    hex	filename
  47944	   2016	  24404	  74364	  1227c	AXI_DMA_VIDEO_Test.elf
'Finished building: AXI_DMA_VIDEO_Test.elf.size'
' '
16:35:19 **** Incremental Build of configuration Debug for project AXI_DMA_VIDEO_Test ****
make all 
make: Nothing to be done for `all'.
21:06:19 **** Incremental Build of configuration Debug for project AXI_DMA_VIDEO_Test ****
make all 
make: Nothing to be done for `all'.
21:07:07 **** Incremental Build of configuration Debug for project AXI_DMA_VIDEO_Test ****
make all 
make: Nothing to be done for `all'.
21:07:25 **** Incremental Build of configuration Debug for project AXI_DMA_VIDEO_Test ****
make all 
make: Nothing to be done for `all'.
19:18:24 **** Incremental Build of configuration Debug for project AXI_DMA_VIDEO_Test ****
make all 
make: Nothing to be done for `all'.
19:19:25 **** Incremental Build of configuration Debug for project AXI_DMA_VIDEO_Test ****
make all 
make: Nothing to be done for `all'.
19:21:37 **** Incremental Build of configuration Debug for project AXI_DMA_VIDEO_Test ****
make all 
make: Nothing to be done for `all'.
19:24:33 **** Incremental Build of configuration Debug for project AXI_DMA_VIDEO_Test ****
make all 
make: Nothing to be done for `all'.
19:56:52 **** Incremental Build of configuration Debug for project AXI_DMA_VIDEO_Test ****
make all 
make: Nothing to be done for `all'.
20:30:17 **** Incremental Build of configuration Debug for project AXI_DMA_VIDEO_Test ****
make all 
make: Nothing to be done for `all'.
22:01:26 **** Clean-only build of configuration Debug for project AXI_DMA_VIDEO_Test ****
make clean 
rm -rf  ./src/dma_intr.o ./src/emio_initial.o ./src/i2c_ctr.o ./src/main.o ./src/ov7725_config.o ./src/sys_intr.o  ./src/dma_intr.d ./src/emio_initial.d ./src/i2c_ctr.d ./src/main.d ./src/ov7725_config.d ./src/sys_intr.d  AXI_DMA_VIDEO_Test.elf.size  AXI_DMA_VIDEO_Test.elf
' '

****  of configuration Debug for project AXI_DMA_VIDEO_Test ****

Nothing to build for project AXI_DMA_VIDEO_Test
22:01:49 **** Auto Build of configuration Debug for project AXI_DMA_VIDEO_Test ****
make all 
'Building file: ../src/dma_intr.c'
'Invoking: ARM gcc compiler'
arm-xilinx-eabi-gcc -Wall -O0 -g3 -c -fmessage-length=0 -MT"src/dma_intr.o" -I../../AXI_DMA_VIDEO_Test_bsp/ps7_cortexa9_0/include -MMD -MP -MF"src/dma_intr.d" -MT"src/dma_intr.d" -o "src/dma_intr.o" "../src/dma_intr.c"
../src/dma_intr.c: In function 'DMA_TxIntrHandler':
../src/dma_intr.c:107:6: warning: unused variable 'TimeOut' [-Wunused-variable]
  int TimeOut;
      ^
../src/dma_intr.c: In function 'DMA_RxIntrHandler':
../src/dma_intr.c:180:6: warning: unused variable 'TimeOut' [-Wunused-variable]
  int TimeOut;
      ^
'Finished building: ../src/dma_intr.c'
' '
'Building file: ../src/emio_initial.c'
'Invoking: ARM gcc compiler'
arm-xilinx-eabi-gcc -Wall -O0 -g3 -c -fmessage-length=0 -MT"src/emio_initial.o" -I../../AXI_DMA_VIDEO_Test_bsp/ps7_cortexa9_0/include -MMD -MP -MF"src/emio_initial.d" -MT"src/emio_initial.d" -o "src/emio_initial.o" "../src/emio_initial.c"
'Finished building: ../src/emio_initial.c'
' '
'Building file: ../src/i2c_ctr.c'
'Invoking: ARM gcc compiler'
arm-xilinx-eabi-gcc -Wall -O0 -g3 -c -fmessage-length=0 -MT"src/i2c_ctr.o" -I../../AXI_DMA_VIDEO_Test_bsp/ps7_cortexa9_0/include -MMD -MP -MF"src/i2c_ctr.d" -MT"src/i2c_ctr.d" -o "src/i2c_ctr.o" "../src/i2c_ctr.c"
'Finished building: ../src/i2c_ctr.c'
' '
'Building file: ../src/main.c'
'Invoking: ARM gcc compiler'
arm-xilinx-eabi-gcc -Wall -O0 -g3 -c -fmessage-length=0 -MT"src/main.o" -I../../AXI_DMA_VIDEO_Test_bsp/ps7_cortexa9_0/include -MMD -MP -MF"src/main.d" -MT"src/main.d" -o "src/main.o" "../src/main.c"
../src/main.c: In function 'init_intr_sys':
../src/main.c:35:2: warning: implicit declaration of function 'Setup_Intr_Exception' [-Wimplicit-function-declaration]
  Setup_Intr_Exception(&Intc);
  ^
../src/main.c: In function 'main':
../src/main.c:59:2: warning: implicit declaration of function 'Miz702_EMIO_init' [-Wimplicit-function-declaration]
  Miz702_EMIO_init();
  ^
../src/main.c:60:2: warning: implicit declaration of function 'ov5640_init_rgb' [-Wimplicit-function-declaration]
  ov5640_init_rgb();
  ^
../src/main.c:44:6: warning: variable 'Status' set but not used [-Wunused-but-set-variable]
  u32 Status;
      ^
../src/main.c: In function 'init_intr_sys':
../src/main.c:38:1: warning: control reaches end of non-void function [-Wreturn-type]
 }
 ^
'Finished building: ../src/main.c'
' '
'Building file: ../src/ov5640_config.c'
'Invoking: ARM gcc compiler'
arm-xilinx-eabi-gcc -Wall -O0 -g3 -c -fmessage-length=0 -MT"src/ov5640_config.o" -I../../AXI_DMA_VIDEO_Test_bsp/ps7_cortexa9_0/include -MMD -MP -MF"src/ov5640_config.d" -MT"src/ov5640_config.d" -o "src/ov5640_config.o" "../src/ov5640_config.c"
'Finished building: ../src/ov5640_config.c'
' '
'Building file: ../src/sys_intr.c'
'Invoking: ARM gcc compiler'
arm-xilinx-eabi-gcc -Wall -O0 -g3 -c -fmessage-length=0 -MT"src/sys_intr.o" -I../../AXI_DMA_VIDEO_Test_bsp/ps7_cortexa9_0/include -MMD -MP -MF"src/sys_intr.d" -MT"src/sys_intr.d" -o "src/sys_intr.o" "../src/sys_intr.c"
'Finished building: ../src/sys_intr.c'
' '
'Building target: AXI_DMA_VIDEO_Test.elf'
'Invoking: ARM gcc linker'
arm-xilinx-eabi-gcc -Wl,-T -Wl,../src/lscript.ld -L../../AXI_DMA_VIDEO_Test_bsp/ps7_cortexa9_0/lib -o "AXI_DMA_VIDEO_Test.elf"  ./src/dma_intr.o ./src/emio_initial.o ./src/i2c_ctr.o ./src/main.o ./src/ov5640_config.o ./src/sys_intr.o   -Wl,--start-group,-lxil,-lgcc,-lc,--end-group
'Finished building target: AXI_DMA_VIDEO_Test.elf'
' '
'Invoking: ARM Print Size'
arm-xilinx-eabi-size AXI_DMA_VIDEO_Test.elf  |tee "AXI_DMA_VIDEO_Test.elf.size"
   text	   data	    bss	    dec	    hex	filename
  51144	   2016	  24404	  77564	  12efc	AXI_DMA_VIDEO_Test.elf
'Finished building: AXI_DMA_VIDEO_Test.elf.size'
' '
22:02:18 **** Incremental Build of configuration Debug for project AXI_DMA_VIDEO_Test ****
make all 
make: Nothing to be done for `all'.
22:05:11 **** Incremental Build of configuration Debug for project AXI_DMA_VIDEO_Test ****
make all 
make: Nothing to be done for `all'.
22:07:05 **** Incremental Build of configuration Debug for project AXI_DMA_VIDEO_Test ****
make all 
make: Nothing to be done for `all'.
22:22:54 **** Auto Build of project AXI_DMA_VIDEO_Test_bsp ****
make -k all 
"Running Make include in ps7_cortexa9_0/libsrc/axidma_v9_0/src"
make -C ps7_cortexa9_0/libsrc/axidma_v9_0/src -s include  "SHELL=CMD" "COMPILER=arm-xilinx-eabi-gcc" "ARCHIVER=arm-xilinx-eabi-ar" "COMPILER_FLAGS=  -O2 -c" "EXTRA_COMPILER_FLAGS=-g"
"Running Make include in ps7_cortexa9_0/libsrc/coresightps_dcc_v1_2/src"
make -C ps7_cortexa9_0/libsrc/coresightps_dcc_v1_2/src -s include  "SHELL=CMD" "COMPILER=arm-xilinx-eabi-gcc" "ARCHIVER=arm-xilinx-eabi-ar" "COMPILER_FLAGS=  -O2 -c" "EXTRA_COMPILER_FLAGS=-g"
"Running Make include in ps7_cortexa9_0/libsrc/cpu_cortexa9_v2_1/src"
make -C ps7_cortexa9_0/libsrc/cpu_cortexa9_v2_1/src -s include  "SHELL=CMD" "COMPILER=arm-xilinx-eabi-gcc" "ARCHIVER=arm-xilinx-eabi-ar" "COMPILER_FLAGS=  -O2 -c" "EXTRA_COMPILER_FLAGS=-g"
"Running Make include in ps7_cortexa9_0/libsrc/ddrps_v1_0/src"
make -C ps7_cortexa9_0/libsrc/ddrps_v1_0/src -s include  "SHELL=CMD" "COMPILER=arm-xilinx-eabi-gcc" "ARCHIVER=arm-xilinx-eabi-ar" "COMPILER_FLAGS=  -O2 -c" "EXTRA_COMPILER_FLAGS=-g"
"Running Make include in ps7_cortexa9_0/libsrc/devcfg_v3_3/src"
make -C ps7_cortexa9_0/libsrc/devcfg_v3_3/src -s include  "SHELL=CMD" "COMPILER=arm-xilinx-eabi-gcc" "ARCHIVER=arm-xilinx-eabi-ar" "COMPILER_FLAGS=  -O2 -c" "EXTRA_COMPILER_FLAGS=-g"
"Running Make include in ps7_cortexa9_0/libsrc/dmaps_v2_1/src"
make -C ps7_cortexa9_0/libsrc/dmaps_v2_1/src -s include  "SHELL=CMD" "COMPILER=arm-xilinx-eabi-gcc" "ARCHIVER=arm-xilinx-eabi-ar" "COMPILER_FLAGS=  -O2 -c" "EXTRA_COMPILER_FLAGS=-g"
"Running Make include in ps7_cortexa9_0/libsrc/emacps_v3_1/src"
make -C ps7_cortexa9_0/libsrc/emacps_v3_1/src -s include  "SHELL=CMD" "COMPILER=arm-xilinx-eabi-gcc" "ARCHIVER=arm-xilinx-eabi-ar" "COMPILER_FLAGS=  -O2 -c" "EXTRA_COMPILER_FLAGS=-g"
[...]
  50440	   2016	  24404	  76860	  12c3c	AXI_DMA_VIDEO.elf
'Finished building: AXI_DMA_VIDEO.elf.size'
' '
02:16:42 **** Incremental Build of configuration Debug for project AXI_DMA_VIDEO ****
make all 
make: Nothing to be done for `all'.
21:32:35 **** Incremental Build of configuration Debug for project AXI_DMA_VIDEO ****
make all 
make: Nothing to be done for `all'.
10:28:09 **** Incremental Build of configuration Debug for project AXI_DMA_VIDEO ****
make all 
make: Nothing to be done for `all'.
10:28:57 **** Incremental Build of configuration Debug for project AXI_DMA_VIDEO ****
make all 
make: Nothing to be done for `all'.
10:50:39 **** Incremental Build of configuration Debug for project AXI_DMA_VIDEO ****
make all 
make: Nothing to be done for `all'.
14:05:58 **** Incremental Build of configuration Debug for project AXI_DMA_VIDEO ****
make all 
make: Nothing to be done for `all'.
16:25:34 **** Build of project AXI_DMA_VIDEO_bsp ****
make -k all 
"Running Make include in ps7_cortexa9_0/libsrc/axidma_v9_0/src"
make -C ps7_cortexa9_0/libsrc/axidma_v9_0/src -s include  "SHELL=CMD" "COMPILER=arm-xilinx-eabi-gcc" "ARCHIVER=arm-xilinx-eabi-ar" "COMPILER_FLAGS=  -O2 -c" "EXTRA_COMPILER_FLAGS=-g"
"Running Make include in ps7_cortexa9_0/libsrc/coresightps_dcc_v1_2/src"
make -C ps7_cortexa9_0/libsrc/coresightps_dcc_v1_2/src -s include  "SHELL=CMD" "COMPILER=arm-xilinx-eabi-gcc" "ARCHIVER=arm-xilinx-eabi-ar" "COMPILER_FLAGS=  -O2 -c" "EXTRA_COMPILER_FLAGS=-g"
"Running Make include in ps7_cortexa9_0/libsrc/cpu_cortexa9_v2_1/src"
make -C ps7_cortexa9_0/libsrc/cpu_cortexa9_v2_1/src -s include  "SHELL=CMD" "COMPILER=arm-xilinx-eabi-gcc" "ARCHIVER=arm-xilinx-eabi-ar" "COMPILER_FLAGS=  -O2 -c" "EXTRA_COMPILER_FLAGS=-g"
"Running Make include in ps7_cortexa9_0/libsrc/ddrps_v1_0/src"
make -C ps7_cortexa9_0/libsrc/ddrps_v1_0/src -s include  "SHELL=CMD" "COMPILER=arm-xilinx-eabi-gcc" "ARCHIVER=arm-xilinx-eabi-ar" "COMPILER_FLAGS=  -O2 -c" "EXTRA_COMPILER_FLAGS=-g"
"Running Make include in ps7_cortexa9_0/libsrc/devcfg_v3_3/src"
make -C ps7_cortexa9_0/libsrc/devcfg_v3_3/src -s include  "SHELL=CMD" "COMPILER=arm-xilinx-eabi-gcc" "ARCHIVER=arm-xilinx-eabi-ar" "COMPILER_FLAGS=  -O2 -c" "EXTRA_COMPILER_FLAGS=-g"
"Running Make include in ps7_cortexa9_0/libsrc/dmaps_v2_1/src"
make -C ps7_cortexa9_0/libsrc/dmaps_v2_1/src -s include  "SHELL=CMD" "COMPILER=arm-xilinx-eabi-gcc" "ARCHIVER=arm-xilinx-eabi-ar" "COMPILER_FLAGS=  -O2 -c" "EXTRA_COMPILER_FLAGS=-g"
"Running Make include in ps7_cortexa9_0/libsrc/emacps_v3_1/src"
make -C ps7_cortexa9_0/libsrc/emacps_v3_1/src -s include  "SHELL=CMD" "COMPILER=arm-xilinx-eabi-gcc" "ARCHIVER=arm-xilinx-eabi-ar" "COMPILER_FLAGS=  -O2 -c" "EXTRA_COMPILER_FLAGS=-g"
"Running Make include in ps7_cortexa9_0/libsrc/gpio_v4_0/src"
make -C ps7_cortexa9_0/libsrc/gpio_v4_0/src -s include  "SHELL=CMD" "COMPILER=arm-xilinx-eabi-gcc" "ARCHIVER=arm-xilinx-eabi-ar" "COMPILER_FLAGS=  -O2 -c" "EXTRA_COMPILER_FLAGS=-g"
"Running Make include in ps7_cortexa9_0/libsrc/gpiops_v3_1/src"
make -C ps7_cortexa9_0/libsrc/gpiops_v3_1/src -s include  "SHELL=CMD" "COMPILER=arm-xilinx-eabi-gcc" "ARCHIVER=arm-xilinx-eabi-ar" "COMPILER_FLAGS=  -O2 -c" "EXTRA_COMPILER_FLAGS=-g"
"Running Make include in ps7_cortexa9_0/libsrc/scugic_v3_1/src"
make -C ps7_cortexa9_0/libsrc/scugic_v3_1/src -s include  "SHELL=CMD" "COMPILER=arm-xilinx-eabi-gcc" "ARCHIVER=arm-xilinx-eabi-ar" "COMPILER_FLAGS=  -O2 -c" "EXTRA_COMPILER_FLAGS=-g"
"Running Make include in ps7_cortexa9_0/libsrc/scutimer_v2_1/src"
make -C ps7_cortexa9_0/libsrc/scutimer_v2_1/src -s include  "SHELL=CMD" "COMPILER=arm-xilinx-eabi-gcc" "ARCHIVER=arm-xilinx-eabi-ar" "COMPILER_FLAGS=  -O2 -c" "EXTRA_COMPILER_FLAGS=-g"
"Running Make include in ps7_cortexa9_0/libsrc/scuwdt_v2_1/src"
make -C ps7_cortexa9_0/libsrc/scuwdt_v2_1/src -s include  "SHELL=CMD" "COMPILER=arm-xilinx-eabi-gcc" "ARCHIVER=arm-xilinx-eabi-ar" "COMPILER_FLAGS=  -O2 -c" "EXTRA_COMPILER_FLAGS=-g"
"Running Make include in ps7_cortexa9_0/libsrc/standalone_v5_3/src"
make -C ps7_cortexa9_0/libsrc/standalone_v5_3/src -s include  "SHELL=CMD" "COMPILER=arm-xilinx-eabi-gcc" "ARCHIVER=arm-xilinx-eabi-ar" "COMPILER_FLAGS=  -O2 -c" "EXTRA_COMPILER_FLAGS=-g"
"Running Make include in ps7_cortexa9_0/libsrc/uartps_v3_1/src"
make -C ps7_cortexa9_0/libsrc/uartps_v3_1/src -s include  "SHELL=CMD" "COMPILER=arm-xilinx-eabi-gcc" "ARCHIVER=arm-xilinx-eabi-ar" "COMPILER_FLAGS=  -O2 -c" "EXTRA_COMPILER_FLAGS=-g"
"Running Make include in ps7_cortexa9_0/libsrc/xadcps_v2_2/src"
make -C ps7_cortexa9_0/libsrc/xadcps_v2_2/src -s include  "SHELL=CMD" "COMPILER=arm-xilinx-eabi-gcc" "ARCHIVER=arm-xilinx-eabi-ar" "COMPILER_FLAGS=  -O2 -c" "EXTRA_COMPILER_FLAGS=-g"
"Running Make libs in ps7_cortexa9_0/libsrc/axidma_v9_0/src"
make -C ps7_cortexa9_0/libsrc/axidma_v9_0/src -s libs  "SHELL=CMD" "COMPILER=arm-xilinx-eabi-gcc" "ARCHIVER=arm-xilinx-eabi-ar" "COMPILER_FLAGS=  -O2 -c" "EXTRA_COMPILER_FLAGS=-g"
"Compiling axidma"
In file included from xaxidma.h:470:0,
                 from xaxidma.c:83:
xaxidma.c: In function 'XAxiDma_Reset':
xaxidma_bdring.h:238:26: warning: assignment makes pointer from integer without a cast
    (RingPtr)->BdaRestart =      \
                          ^
xaxidma.c:313:3: note: in expansion of macro 'XAxiDma_BdRingSnapShotCurrBd'
   XAxiDma_BdRingSnapShotCurrBd(TxRingPtr);
   ^
xaxidma_bdring.h:243:27: warning: assignment makes pointer from integer without a cast
     (RingPtr)->BdaRestart =     \
                           ^
xaxidma.c:313:3: note: in expansion of macro 'XAxiDma_BdRingSnapShotCurrBd'
   XAxiDma_BdRingSnapShotCurrBd(TxRingPtr);
   ^
xaxidma_bdring.h:248:27: warning: assignment makes pointer from integer without a cast
     (RingPtr)->BdaRestart =     \
                           ^
xaxidma.c:313:3: note: in expansion of macro 'XAxiDma_BdRingSnapShotCurrBd'
   XAxiDma_BdRingSnapShotCurrBd(TxRingPtr);
   ^
xaxidma_bdring.h:238:26: warning: assignment makes pointer from integer without a cast
    (RingPtr)->BdaRestart =      \
                          ^
xaxidma.c:319:4: note: in expansion of macro 'XAxiDma_BdRingSnapShotCurrBd'
    XAxiDma_BdRingSnapShotCurrBd(RxRingPtr);
    ^
xaxidma_bdring.h:243:27: warning: assignment makes pointer from integer without a cast
     (RingPtr)->BdaRestart =     \
                           ^
xaxidma.c:319:4: note: in expansion of macro 'XAxiDma_BdRingSnapShotCurrBd'
    XAxiDma_BdRingSnapShotCurrBd(RxRingPtr);
    ^
xaxidma_bdring.h:248:27: warning: assignment makes pointer from integer without a cast
     (RingPtr)->BdaRestart =     \
                           ^
xaxidma.c:319:4: note: in expansion of macro 'XAxiDma_BdRingSnapShotCurrBd'
    XAxiDma_BdRingSnapShotCurrBd(RxRingPtr);
    ^
"Running Make libs in ps7_cortexa9_0/libsrc/coresightps_dcc_v1_2/src"
make -C ps7_cortexa9_0/libsrc/coresightps_dcc_v1_2/src -s libs  "SHELL=CMD" "COMPILER=arm-xilinx-eabi-gcc" "ARCHIVER=arm-xilinx-eabi-ar" "COMPILER_FLAGS=  -O2 -c" "EXTRA_COMPILER_FLAGS=-g"
"Compiling coresightps_dcc"
"Running Make libs in ps7_cortexa9_0/libsrc/cpu_cortexa9_v2_1/src"
make -C ps7_cortexa9_0/libsrc/cpu_cortexa9_v2_1/src -s libs  "SHELL=CMD" "COMPILER=arm-xilinx-eabi-gcc" "ARCHIVER=arm-xilinx-eabi-ar" "COMPILER_FLAGS=  -O2 -c" "EXTRA_COMPILER_FLAGS=-g"
"Compiling cpu_cortexa9"
"Running Make libs in ps7_cortexa9_0/libsrc/ddrps_v1_0/src"
make -C ps7_cortexa9_0/libsrc/ddrps_v1_0/src -s libs  "SHELL=CMD" "COMPILER=arm-xilinx-eabi-gcc" "ARCHIVER=arm-xilinx-eabi-ar" "COMPILER_FLAGS=  -O2 -c" "EXTRA_COMPILER_FLAGS=-g"
"Compiling ddrps"
"Running Make libs in ps7_cortexa9_0/libsrc/devcfg_v3_3/src"
make -C ps7_cortexa9_0/libsrc/devcfg_v3_3/src -s libs  "SHELL=CMD" "COMPILER=arm-xilinx-eabi-gcc" "ARCHIVER=arm-xilinx-eabi-ar" "COMPILER_FLAGS=  -O2 -c" "EXTRA_COMPILER_FLAGS=-g"
"Compiling devcfg"
"Running Make libs in ps7_cortexa9_0/libsrc/dmaps_v2_1/src"
make -C ps7_cortexa9_0/libsrc/dmaps_v2_1/src -s libs  "SHELL=CMD" "COMPILER=arm-xilinx-eabi-gcc" "ARCHIVER=arm-xilinx-eabi-ar" "COMPILER_FLAGS=  -O2 -c" "EXTRA_COMPILER_FLAGS=-g"
"Compiling dmaps"
"Running Make libs in ps7_cortexa9_0/libsrc/emacps_v3_1/src"
make -C ps7_cortexa9_0/libsrc/emacps_v3_1/src -s libs  "SHELL=CMD" "COMPILER=arm-xilinx-eabi-gcc" "ARCHIVER=arm-xilinx-eabi-ar" "COMPILER_FLAGS=  -O2 -c" "EXTRA_COMPILER_FLAGS=-g"
"Compiling emacps"
"Running Make libs in ps7_cortexa9_0/libsrc/gpio_v4_0/src"
make -C ps7_cortexa9_0/libsrc/gpio_v4_0/src -s libs  "SHELL=CMD" "COMPILER=arm-xilinx-eabi-gcc" "ARCHIVER=arm-xilinx-eabi-ar" "COMPILER_FLAGS=  -O2 -c" "EXTRA_COMPILER_FLAGS=-g"
"Compiling gpio"
"Running Make libs in ps7_cortexa9_0/libsrc/gpiops_v3_1/src"
make -C ps7_cortexa9_0/libsrc/gpiops_v3_1/src -s libs  "SHELL=CMD" "COMPILER=arm-xilinx-eabi-gcc" "ARCHIVER=arm-xilinx-eabi-ar" "COMPILER_FLAGS=  -O2 -c" "EXTRA_COMPILER_FLAGS=-g"
"Compiling gpiops"
"Running Make libs in ps7_cortexa9_0/libsrc/scugic_v3_1/src"
make -C ps7_cortexa9_0/libsrc/scugic_v3_1/src -s libs  "SHELL=CMD" "COMPILER=arm-xilinx-eabi-gcc" "ARCHIVER=arm-xilinx-eabi-ar" "COMPILER_FLAGS=  -O2 -c" "EXTRA_COMPILER_FLAGS=-g"
"Compiling scugic"
"Running Make libs in ps7_cortexa9_0/libsrc/scutimer_v2_1/src"
make -C ps7_cortexa9_0/libsrc/scutimer_v2_1/src -s libs  "SHELL=CMD" "COMPILER=arm-xilinx-eabi-gcc" "ARCHIVER=arm-xilinx-eabi-ar" "COMPILER_FLAGS=  -O2 -c" "EXTRA_COMPILER_FLAGS=-g"
"Compiling scutimer"
"Running Make libs in ps7_cortexa9_0/libsrc/scuwdt_v2_1/src"
make -C ps7_cortexa9_0/libsrc/scuwdt_v2_1/src -s libs  "SHELL=CMD" "COMPILER=arm-xilinx-eabi-gcc" "ARCHIVER=arm-xilinx-eabi-ar" "COMPILER_FLAGS=  -O2 -c" "EXTRA_COMPILER_FLAGS=-g"
"Compiling scuwdt"
"Running Make libs in ps7_cortexa9_0/libsrc/standalone_v5_3/src"
make -C ps7_cortexa9_0/libsrc/standalone_v5_3/src -s libs  "SHELL=CMD" "COMPILER=arm-xilinx-eabi-gcc" "ARCHIVER=arm-xilinx-eabi-ar" "COMPILER_FLAGS=  -O2 -c" "EXTRA_COMPILER_FLAGS=-g"
"Compiling standalone"
"Running Make libs in ps7_cortexa9_0/libsrc/uartps_v3_1/src"
make -C ps7_cortexa9_0/libsrc/uartps_v3_1/src -s libs  "SHELL=CMD" "COMPILER=arm-xilinx-eabi-gcc" "ARCHIVER=arm-xilinx-eabi-ar" "COMPILER_FLAGS=  -O2 -c" "EXTRA_COMPILER_FLAGS=-g"
"Compiling uartps"
"Running Make libs in ps7_cortexa9_0/libsrc/xadcps_v2_2/src"
make -C ps7_cortexa9_0/libsrc/xadcps_v2_2/src -s libs  "SHELL=CMD" "COMPILER=arm-xilinx-eabi-gcc" "ARCHIVER=arm-xilinx-eabi-ar" "COMPILER_FLAGS=  -O2 -c" "EXTRA_COMPILER_FLAGS=-g"
"Compiling xadcps"
'Finished building libraries'
16:26:24 **** Build of configuration Debug for project AXI_DMA_VIDEO ****
make all 
'Building file: ../src/dma_intr.c'
'Invoking: ARM gcc compiler'
arm-xilinx-eabi-gcc -Wall -O0 -g3 -c -fmessage-length=0 -MT"src/dma_intr.o" -I../../AXI_DMA_VIDEO_bsp/ps7_cortexa9_0/include -MMD -MP -MF"src/dma_intr.d" -MT"src/dma_intr.d" -o "src/dma_intr.o" "../src/dma_intr.c"
../src/dma_intr.c: In function 'DMA_TxIntrHandler':
../src/dma_intr.c:107:6: warning: unused variable 'TimeOut' [-Wunused-variable]
  int TimeOut;
      ^
../src/dma_intr.c: In function 'DMA_RxIntrHandler':
../src/dma_intr.c:181:6: warning: unused variable 'TimeOut' [-Wunused-variable]
  int TimeOut;
      ^
'Finished building: ../src/dma_intr.c'
' '
'Building file: ../src/emio_initial.c'
'Invoking: ARM gcc compiler'
arm-xilinx-eabi-gcc -Wall -O0 -g3 -c -fmessage-length=0 -MT"src/emio_initial.o" -I../../AXI_DMA_VIDEO_bsp/ps7_cortexa9_0/include -MMD -MP -MF"src/emio_initial.d" -MT"src/emio_initial.d" -o "src/emio_initial.o" "../src/emio_initial.c"
'Finished building: ../src/emio_initial.c'
' '
'Building file: ../src/i2c_ctr.c'
'Invoking: ARM gcc compiler'
arm-xilinx-eabi-gcc -Wall -O0 -g3 -c -fmessage-length=0 -MT"src/i2c_ctr.o" -I../../AXI_DMA_VIDEO_bsp/ps7_cortexa9_0/include -MMD -MP -MF"src/i2c_ctr.d" -MT"src/i2c_ctr.d" -o "src/i2c_ctr.o" "../src/i2c_ctr.c"
'Finished building: ../src/i2c_ctr.c'
' '
'Building file: ../src/main.c'
'Invoking: ARM gcc compiler'
arm-xilinx-eabi-gcc -Wall -O0 -g3 -c -fmessage-length=0 -MT"src/main.o" -I../../AXI_DMA_VIDEO_bsp/ps7_cortexa9_0/include -MMD -MP -MF"src/main.d" -MT"src/main.d" -o "src/main.o" "../src/main.c"
../src/main.c: In function 'init_intr_sys':
../src/main.c:35:2: warning: implicit declaration of function 'Setup_Intr_Exception' [-Wimplicit-function-declaration]
  Setup_Intr_Exception(&Intc);
  ^
../src/main.c: In function 'main':
../src/main.c:48:2: warning: implicit declaration of function 'sleep' [-Wimplicit-function-declaration]
  sleep(1);
  ^
../src/main.c:58:2: warning: implicit declaration of function 'Miz702_EMIO_init' [-Wimplicit-function-declaration]
  Miz702_EMIO_init();
  ^
../src/main.c:59:2: warning: implicit declaration of function 'ov5640_init_rgb' [-Wimplicit-function-declaration]
  ov5640_init_rgb();
  ^
../src/main.c:44:6: warning: variable 'Status' set but not used [-Wunused-but-set-variable]
  u32 Status;
      ^
../src/main.c: In function 'init_intr_sys':
../src/main.c:38:1: warning: control reaches end of non-void function [-Wreturn-type]
 }
 ^
'Finished building: ../src/main.c'
' '
'Building file: ../src/ov5640_config.c'
'Invoking: ARM gcc compiler'
arm-xilinx-eabi-gcc -Wall -O0 -g3 -c -fmessage-length=0 -MT"src/ov5640_config.o" -I../../AXI_DMA_VIDEO_bsp/ps7_cortexa9_0/include -MMD -MP -MF"src/ov5640_config.d" -MT"src/ov5640_config.d" -o "src/ov5640_config.o" "../src/ov5640_config.c"
'Finished building: ../src/ov5640_config.c'
' '
'Building file: ../src/sys_intr.c'
'Invoking: ARM gcc compiler'
arm-xilinx-eabi-gcc -Wall -O0 -g3 -c -fmessage-length=0 -MT"src/sys_intr.o" -I../../AXI_DMA_VIDEO_bsp/ps7_cortexa9_0/include -MMD -MP -MF"src/sys_intr.d" -MT"src/sys_intr.d" -o "src/sys_intr.o" "../src/sys_intr.c"
'Finished building: ../src/sys_intr.c'
' '
'Building target: AXI_DMA_VIDEO.elf'
'Invoking: ARM gcc linker'
arm-xilinx-eabi-gcc -Wl,-T -Wl,../src/lscript.ld -L../../AXI_DMA_VIDEO_bsp/ps7_cortexa9_0/lib -o "AXI_DMA_VIDEO.elf"  ./src/dma_intr.o ./src/emio_initial.o ./src/i2c_ctr.o ./src/main.o ./src/ov5640_config.o ./src/sys_intr.o   -Wl,--start-group,-lxil,-lgcc,-lc,--end-group
'Finished building target: AXI_DMA_VIDEO.elf'
' '
'Invoking: ARM Print Size'
arm-xilinx-eabi-size AXI_DMA_VIDEO.elf  |tee "AXI_DMA_VIDEO.elf.size"
   text	   data	    bss	    dec	    hex	filename
  50440	   2016	  24404	  76860	  12c3c	AXI_DMA_VIDEO.elf
'Finished building: AXI_DMA_VIDEO.elf.size'
' '
16:26:29 **** Incremental Build of configuration Debug for project AXI_DMA_VIDEO ****
make all 
make: Nothing to be done for `all'.
21:35:22 **** Incremental Build of configuration Debug for project AXI_DMA_VIDEO ****
make all 
make: Nothing to be done for `all'.
21:36:13 **** Incremental Build of configuration Debug for project AXI_DMA_VIDEO ****
make all 
make: Nothing to be done for `all'.
21:36:22 **** Incremental Build of configuration Debug for project AXI_DMA_VIDEO ****
make all 
make: Nothing to be done for `all'.
21:37:19 **** Incremental Build of configuration Debug for project AXI_DMA_VIDEO ****
make all 
make: Nothing to be done for `all'.
21:38:07 **** Incremental Build of configuration Debug for project AXI_DMA_VIDEO ****
make all 
make: Nothing to be done for `all'.
21:39:01 **** Incremental Build of configuration Debug for project AXI_DMA_VIDEO ****
make all 
make: Nothing to be done for `all'.
21:39:42 **** Auto Build of configuration Debug for project AXI_DMA_VIDEO ****
make all 
'Building file: ../src/main.c'
'Invoking: ARM gcc compiler'
arm-xilinx-eabi-gcc -Wall -O0 -g3 -c -fmessage-length=0 -MT"src/main.o" -I../../AXI_DMA_VIDEO_bsp/ps7_cortexa9_0/include -MMD -MP -MF"src/main.d" -MT"src/main.d" -o "src/main.o" "../src/main.c"
../src/main.c: In function 'init_intr_sys':
../src/main.c:35:2: warning: implicit declaration of function 'Setup_Intr_Exception' [-Wimplicit-function-declaration]
  Setup_Intr_Exception(&Intc);
  ^
../src/main.c: In function 'main':
../src/main.c:47:2: warning: implicit declaration of function 'sleep' [-Wimplicit-function-declaration]
  sleep(1);
  ^
../src/main.c:57:2: warning: implicit declaration of function 'Miz702_EMIO_init' [-Wimplicit-function-declaration]
  Miz702_EMIO_init();
  ^
../src/main.c:58:2: warning: implicit declaration of function 'ov5640_init_rgb' [-Wimplicit-function-declaration]
  ov5640_init_rgb();
  ^
../src/main.c:43:6: warning: variable 'Status' set but not used [-Wunused-but-set-variable]
  u32 Status;
      ^
../src/main.c: In function 'init_intr_sys':
../src/main.c:38:1: warning: control reaches end of non-void function [-Wreturn-type]
 }
 ^
'Finished building: ../src/main.c'
' '
'Building target: AXI_DMA_VIDEO.elf'
'Invoking: ARM gcc linker'
arm-xilinx-eabi-gcc -Wl,-T -Wl,../src/lscript.ld -L../../AXI_DMA_VIDEO_bsp/ps7_cortexa9_0/lib -o "AXI_DMA_VIDEO.elf"  ./src/dma_intr.o ./src/emio_initial.o ./src/i2c_ctr.o ./src/main.o ./src/ov5640_config.o ./src/sys_intr.o   -Wl,--start-group,-lxil,-lgcc,-lc,--end-group
'Finished building target: AXI_DMA_VIDEO.elf'
' '
'Invoking: ARM Print Size'
arm-xilinx-eabi-size AXI_DMA_VIDEO.elf  |tee "AXI_DMA_VIDEO.elf.size"
   text	   data	    bss	    dec	    hex	filename
  50440	   2016	  24404	  76860	  12c3c	AXI_DMA_VIDEO.elf
'Finished building: AXI_DMA_VIDEO.elf.size'
' '
21:39:48 **** Incremental Build of configuration Debug for project AXI_DMA_VIDEO ****
make all 
make: Nothing to be done for `all'.
22:04:47 **** Incremental Build of configuration Debug for project AXI_DMA_VIDEO ****
make all 
make: Nothing to be done for `all'.
22:05:02 **** Incremental Build of configuration Debug for project AXI_DMA_VIDEO ****
make all 
make: Nothing to be done for `all'.
22:07:32 **** Incremental Build of configuration Debug for project AXI_DMA_VIDEO ****
make all 
make: Nothing to be done for `all'.
22:07:56 **** Incremental Build of configuration Debug for project AXI_DMA_VIDEO ****
make all 
make: Nothing to be done for `all'.
22:09:24 **** Auto Build of configuration Debug for project AXI_DMA_VIDEO ****
make all 
'Building file: ../src/main.c'
'Invoking: ARM gcc compiler'
arm-xilinx-eabi-gcc -Wall -O0 -g3 -c -fmessage-length=0 -MT"src/main.o" -I../../AXI_DMA_VIDEO_bsp/ps7_cortexa9_0/include -MMD -MP -MF"src/main.d" -MT"src/main.d" -o "src/main.o" "../src/main.c"
../src/main.c: In function 'init_intr_sys':
../src/main.c:35:2: warning: implicit declaration of function 'Setup_Intr_Exception' [-Wimplicit-function-declaration]
  Setup_Intr_Exception(&Intc);
  ^
../src/main.c: In function 'main':
../src/main.c:46:2: warning: implicit declaration of function 'sleep' [-Wimplicit-function-declaration]
  sleep(1);
  ^
../src/main.c:56:2: warning: implicit declaration of function 'Miz702_EMIO_init' [-Wimplicit-function-declaration]
  Miz702_EMIO_init();
  ^
../src/main.c:57:2: warning: implicit declaration of function 'ov5640_init_rgb' [-Wimplicit-function-declaration]
  ov5640_init_rgb();
  ^
../src/main.c:42:6: warning: variable 'Status' set but not used [-Wunused-but-set-variable]
  u32 Status;
      ^
../src/main.c: In function 'init_intr_sys':
../src/main.c:38:1: warning: control reaches end of non-void function [-Wreturn-type]
 }
 ^
'Finished building: ../src/main.c'
' '
'Building target: AXI_DMA_VIDEO.elf'
'Invoking: ARM gcc linker'
arm-xilinx-eabi-gcc -Wl,-T -Wl,../src/lscript.ld -L../../AXI_DMA_VIDEO_bsp/ps7_cortexa9_0/lib -o "AXI_DMA_VIDEO.elf"  ./src/dma_intr.o ./src/emio_initial.o ./src/i2c_ctr.o ./src/main.o ./src/ov5640_config.o ./src/sys_intr.o   -Wl,--start-group,-lxil,-lgcc,-lc,--end-group
'Finished building target: AXI_DMA_VIDEO.elf'
' '
'Invoking: ARM Print Size'
arm-xilinx-eabi-size AXI_DMA_VIDEO.elf  |tee "AXI_DMA_VIDEO.elf.size"
   text	   data	    bss	    dec	    hex	filename
  50440	   2016	  24404	  76860	  12c3c	AXI_DMA_VIDEO.elf
'Finished building: AXI_DMA_VIDEO.elf.size'
' '
22:09:33 **** Incremental Build of configuration Debug for project AXI_DMA_VIDEO ****
make all 
make: Nothing to be done for `all'.
22:10:03 **** Incremental Build of configuration Debug for project AXI_DMA_VIDEO ****
make all 
make: Nothing to be done for `all'.
