11:27:42 **** Build of project StereoDisplay_bsp ****
make -k all 
"Running Make include in ps7_cortexa9_0/libsrc/axivdma_v6_6/src"
make -C ps7_cortexa9_0/libsrc/axivdma_v6_6/src -s include  "SHELL=CMD" "COMPILER=arm-none-eabi-gcc" "ARCHIVER=arm-none-eabi-ar" "COMPILER_FLAGS=  -O2 -c" "EXTRA_COMPILER_FLAGS=-mcpu=cortex-a9 -mfpu=vfpv3 -mfloat-abi=hard -nostartfiles -g -Wall -Wextra"
"Running Make include in ps7_cortexa9_0/libsrc/coresightps_dcc_v1_4/src"
make -C ps7_cortexa9_0/libsrc/coresightps_dcc_v1_4/src -s include  "SHELL=CMD" "COMPILER=arm-none-eabi-gcc" "ARCHIVER=arm-none-eabi-ar" "COMPILER_FLAGS=  -O2 -c" "EXTRA_COMPILER_FLAGS=-mcpu=cortex-a9 -mfpu=vfpv3 -mfloat-abi=hard -nostartfiles -g -Wall -Wextra"
"Running Make include in ps7_cortexa9_0/libsrc/cpu_cortexa9_v2_7/src"
make -C ps7_cortexa9_0/libsrc/cpu_cortexa9_v2_7/src -s include  "SHELL=CMD" "COMPILER=arm-none-eabi-gcc" "ARCHIVER=arm-none-eabi-ar" "COMPILER_FLAGS=  -O2 -c" "EXTRA_COMPILER_FLAGS=-mcpu=cortex-a9 -mfpu=vfpv3 -mfloat-abi=hard -nostartfiles -g -Wall -Wextra"
"Running Make include in ps7_cortexa9_0/libsrc/ddrps_v1_0/src"
make -C ps7_cortexa9_0/libsrc/ddrps_v1_0/src -s include  "SHELL=CMD" "COMPILER=arm-none-eabi-gcc" "ARCHIVER=arm-none-eabi-ar" "COMPILER_FLAGS=  -O2 -c" "EXTRA_COMPILER_FLAGS=-mcpu=cortex-a9 -mfpu=vfpv3 -mfloat-abi=hard -nostartfiles -g -Wall -Wextra"
"Running Make include in ps7_cortexa9_0/libsrc/devcfg_v3_5/src"
make -C ps7_cortexa9_0/libsrc/devcfg_v3_5/src -s include  "SHELL=CMD" "COMPILER=arm-none-eabi-gcc" "ARCHIVER=arm-none-eabi-ar" "COMPILER_FLAGS=  -O2 -c" "EXTRA_COMPILER_FLAGS=-mcpu=cortex-a9 -mfpu=vfpv3 -mfloat-abi=hard -nostartfiles -g -Wall -Wextra"
"Running Make include in ps7_cortexa9_0/libsrc/dmaps_v2_4/src"
make -C ps7_cortexa9_0/libsrc/dmaps_v2_4/src -s include  "SHELL=CMD" "COMPILER=arm-none-eabi-gcc" "ARCHIVER=arm-none-eabi-ar" "COMPILER_FLAGS=  -O2 -c" "EXTRA_COMPILER_FLAGS=-mcpu=cortex-a9 -mfpu=vfpv3 -mfloat-abi=hard -nostartfiles -g -Wall -Wextra"
"Running Make include in ps7_cortexa9_0/libsrc/emacps_v3_8/src"
make -C ps7_cortexa9_0/libsrc/emacps_v3_8/src -s include  "SHELL=CMD" "COMPILER=arm-none-eabi-gcc" "ARCHIVER=arm-none-eabi-ar" "COMPILER_FLAGS=  -O2 -c" "EXTRA_COMPILER_FLAGS=-mcpu=cortex-a9 -mfpu=vfpv3 -mfloat-abi=hard -nostartfiles -g -Wall -Wextra"
"Running Make include in ps7_cortexa9_0/libsrc/gpiops_v3_4/src"
make -C ps7_cortexa9_0/libsrc/gpiops_v3_4/src -s include  "SHELL=CMD" "COMPILER=arm-none-eabi-gcc" "ARCHIVER=arm-none-eabi-ar" "COMPILER_FLAGS=  -O2 -c" "EXTRA_COMPILER_FLAGS=-mcpu=cortex-a9 -mfpu=vfpv3 -mfloat-abi=hard -nostartfiles -g -Wall -Wextra"
"Running Make include in ps7_cortexa9_0/libsrc/qspips_v3_5/src"
make -C ps7_cortexa9_0/libsrc/qspips_v3_5/src -s include  "SHELL=CMD" "COMPILER=arm-none-eabi-gcc" "ARCHIVER=arm-none-eabi-ar" "COMPILER_FLAGS=  -O2 -c" "EXTRA_COMPILER_FLAGS=-mcpu=cortex-a9 -mfpu=vfpv3 -mfloat-abi=hard -nostartfiles -g -Wall -Wextra"
"Running Make include in ps7_cortexa9_0/libsrc/scugic_v3_10/src"
make -C ps7_cortexa9_0/libsrc/scugic_v3_10/src -s include  "SHELL=CMD" "COMPILER=arm-none-eabi-gcc" "ARCHIVER=arm-none-eabi-ar" "COMPILER_FLAGS=  -O2 -c" "EXTRA_COMPILER_FLAGS=-mcpu=cortex-a9 -mfpu=vfpv3 -mfloat-abi=hard -nostartfiles -g -Wall -Wextra"
"Running Make include in ps7_cortexa9_0/libsrc/scutimer_v2_1/src"
make -C ps7_cortexa9_0/libsrc/scutimer_v2_1/src -s include  "SHELL=CMD" "COMPILER=arm-none-eabi-gcc" "ARCHIVER=arm-none-eabi-ar" "COMPILER_FLAGS=  -O2 -c" "EXTRA_COMPILER_FLAGS=-mcpu=cortex-a9 -mfpu=vfpv3 -mfloat-abi=hard -nostartfiles -g -Wall -Wextra"
"Running Make include in ps7_cortexa9_0/libsrc/scuwdt_v2_1/src"
make -C ps7_cortexa9_0/libsrc/scuwdt_v2_1/src -s include  "SHELL=CMD" "COMPILER=arm-none-eabi-gcc" "ARCHIVER=arm-none-eabi-ar" "COMPILER_FLAGS=  -O2 -c" "EXTRA_COMPILER_FLAGS=-mcpu=cortex-a9 -mfpu=vfpv3 -mfloat-abi=hard -nostartfiles -g -Wall -Wextra"
"Running Make include in ps7_cortexa9_0/libsrc/sdps_v3_6/src"
make -C ps7_cortexa9_0/libsrc/sdps_v3_6/src -s include  "SHELL=CMD" "COMPILER=arm-none-eabi-gcc" "ARCHIVER=arm-none-eabi-ar" "COMPILER_FLAGS=  -O2 -c" "EXTRA_COMPILER_FLAGS=-mcpu=cortex-a9 -mfpu=vfpv3 -mfloat-abi=hard -nostartfiles -g -Wall -Wextra"
"Running Make include in ps7_cortexa9_0/libsrc/standalone_v6_8/src"
make -C ps7_cortexa9_0/libsrc/standalone_v6_8/src -s include  "SHELL=CMD" "COMPILER=arm-none-eabi-gcc" "ARCHIVER=arm-none-eabi-ar" "COMPILER_FLAGS=  -O2 -c" "EXTRA_COMPILER_FLAGS=-mcpu=cortex-a9 -mfpu=vfpv3 -mfloat-abi=hard -nostartfiles -g -Wall -Wextra"
"Running Make include in ps7_cortexa9_0/libsrc/uartps_v3_7/src"
make -C ps7_cortexa9_0/libsrc/uartps_v3_7/src -s include  "SHELL=CMD" "COMPILER=arm-none-eabi-gcc" "ARCHIVER=arm-none-eabi-ar" "COMPILER_FLAGS=  -O2 -c" "EXTRA_COMPILER_FLAGS=-mcpu=cortex-a9 -mfpu=vfpv3 -mfloat-abi=hard -nostartfiles -g -Wall -Wextra"
"Running Make include in ps7_cortexa9_0/libsrc/usbps_v2_4/src"
make -C ps7_cortexa9_0/libsrc/usbps_v2_4/src -s include  "SHELL=CMD" "COMPILER=arm-none-eabi-gcc" "ARCHIVER=arm-none-eabi-ar" "COMPILER_FLAGS=  -O2 -c" "EXTRA_COMPILER_FLAGS=-mcpu=cortex-a9 -mfpu=vfpv3 -mfloat-abi=hard -nostartfiles -g -Wall -Wextra"
"Running Make include in ps7_cortexa9_0/libsrc/video_common_v4_5/src"
make -C ps7_cortexa9_0/libsrc/video_common_v4_5/src -s include  "SHELL=CMD" "COMPILER=arm-none-eabi-gcc" "ARCHIVER=arm-none-eabi-ar" "COMPILER_FLAGS=  -O2 -c" "EXTRA_COMPILER_FLAGS=-mcpu=cortex-a9 -mfpu=vfpv3 -mfloat-abi=hard -nostartfiles -g -Wall -Wextra"
"Running Make include in ps7_cortexa9_0/libsrc/v_mix_v5_0/src"
make -C ps7_cortexa9_0/libsrc/v_mix_v5_0/src -s include  "SHELL=CMD" "COMPILER=arm-none-eabi-gcc" "ARCHIVER=arm-none-eabi-ar" "COMPILER_FLAGS=  -O2 -c" "EXTRA_COMPILER_FLAGS=-mcpu=cortex-a9 -mfpu=vfpv3 -mfloat-abi=hard -nostartfiles -g -Wall -Wextra"
"Running Make include in ps7_cortexa9_0/libsrc/xadcps_v2_3/src"
make -C ps7_cortexa9_0/libsrc/xadcps_v2_3/src -s include  "SHELL=CMD" "COMPILER=arm-none-eabi-gcc" "ARCHIVER=arm-none-eabi-ar" "COMPILER_FLAGS=  -O2 -c" "EXTRA_COMPILER_FLAGS=-mcpu=cortex-a9 -mfpu=vfpv3 -mfloat-abi=hard -nostartfiles -g -Wall -Wextra"
"Running Make libs in ps7_cortexa9_0/libsrc/axivdma_v6_6/src"
make -C ps7_cortexa9_0/libsrc/axivdma_v6_6/src -s libs  "SHELL=CMD" "COMPILER=arm-none-eabi-gcc" "ARCHIVER=arm-none-eabi-ar" "COMPILER_FLAGS=  -O2 -c" "EXTRA_COMPILER_FLAGS=-mcpu=cortex-a9 -mfpu=vfpv3 -mfloat-abi=hard -nostartfiles -g -Wall -Wextra"
"Compiling axivdma"
arm-none-eabi-ar: creating ../../../lib/libxil.a
"Running Make libs in ps7_cortexa9_0/libsrc/coresightps_dcc_v1_4/src"
make -C ps7_cortexa9_0/libsrc/coresightps_dcc_v1_4/src -s libs  "SHELL=CMD" "COMPILER=arm-none-eabi-gcc" "ARCHIVER=arm-none-eabi-ar" "COMPILER_FLAGS=  -O2 -c" "EXTRA_COMPILER_FLAGS=-mcpu=cortex-a9 -mfpu=vfpv3 -mfloat-abi=hard -nostartfiles -g -Wall -Wextra"
"Compiling coresightps_dcc"
"Running Make libs in ps7_cortexa9_0/libsrc/cpu_cortexa9_v2_7/src"
make -C ps7_cortexa9_0/libsrc/cpu_cortexa9_v2_7/src -s libs  "SHELL=CMD" "COMPILER=arm-none-eabi-gcc" "ARCHIVER=arm-none-eabi-ar" "COMPILER_FLAGS=  -O2 -c" "EXTRA_COMPILER_FLAGS=-mcpu=cortex-a9 -mfpu=vfpv3 -mfloat-abi=hard -nostartfiles -g -Wall -Wextra"
"Compiling cpu_cortexa9"
"Running Make libs in ps7_cortexa9_0/libsrc/ddrps_v1_0/src"
make -C ps7_cortexa9_0/libsrc/ddrps_v1_0/src -s libs  "SHELL=CMD" "COMPILER=arm-none-eabi-gcc" "ARCHIVER=arm-none-eabi-ar" "COMPILER_FLAGS=  -O2 -c" "EXTRA_COMPILER_FLAGS=-mcpu=cortex-a9 -mfpu=vfpv3 -mfloat-abi=hard -nostartfiles -g -Wall -Wextra"
"Compiling ddrps"
"Running Make libs in ps7_cortexa9_0/libsrc/devcfg_v3_5/src"
make -C ps7_cortexa9_0/libsrc/devcfg_v3_5/src -s libs  "SHELL=CMD" "COMPILER=arm-none-eabi-gcc" "ARCHIVER=arm-none-eabi-ar" "COMPILER_FLAGS=  -O2 -c" "EXTRA_COMPILER_FLAGS=-mcpu=cortex-a9 -mfpu=vfpv3 -mfloat-abi=hard -nostartfiles -g -Wall -Wextra"
"Compiling devcfg"
"Running Make libs in ps7_cortexa9_0/libsrc/dmaps_v2_4/src"
make -C ps7_cortexa9_0/libsrc/dmaps_v2_4/src -s libs  "SHELL=CMD" "COMPILER=arm-none-eabi-gcc" "ARCHIVER=arm-none-eabi-ar" "COMPILER_FLAGS=  -O2 -c" "EXTRA_COMPILER_FLAGS=-mcpu=cortex-a9 -mfpu=vfpv3 -mfloat-abi=hard -nostartfiles -g -Wall -Wextra"
"Compiling dmaps"
"Running Make libs in ps7_cortexa9_0/libsrc/emacps_v3_8/src"
make -C ps7_cortexa9_0/libsrc/emacps_v3_8/src -s libs  "SHELL=CMD" "COMPILER=arm-none-eabi-gcc" "ARCHIVER=arm-none-eabi-ar" "COMPILER_FLAGS=  -O2 -c" "EXTRA_COMPILER_FLAGS=-mcpu=cortex-a9 -mfpu=vfpv3 -mfloat-abi=hard -nostartfiles -g -Wall -Wextra"
"Compiling emacps"
"Running Make libs in ps7_cortexa9_0/libsrc/gpiops_v3_4/src"
make -C ps7_cortexa9_0/libsrc/gpiops_v3_4/src -s libs  "SHELL=CMD" "COMPILER=arm-none-eabi-gcc" "ARCHIVER=arm-none-eabi-ar" "COMPILER_FLAGS=  -O2 -c" "EXTRA_COMPILER_FLAGS=-mcpu=cortex-a9 -mfpu=vfpv3 -mfloat-abi=hard -nostartfiles -g -Wall -Wextra"
"Compiling gpiops"
"Running Make libs in ps7_cortexa9_0/libsrc/qspips_v3_5/src"
make -C ps7_cortexa9_0/libsrc/qspips_v3_5/src -s libs  "SHELL=CMD" "COMPILER=arm-none-eabi-gcc" "ARCHIVER=arm-none-eabi-ar" "COMPILER_FLAGS=  -O2 -c" "EXTRA_COMPILER_FLAGS=-mcpu=cortex-a9 -mfpu=vfpv3 -mfloat-abi=hard -nostartfiles -g -Wall -Wextra"
"Compiling qspips"
"Running Make libs in ps7_cortexa9_0/libsrc/scugic_v3_10/src"
make -C ps7_cortexa9_0/libsrc/scugic_v3_10/src -s libs  "SHELL=CMD" "COMPILER=arm-none-eabi-gcc" "ARCHIVER=arm-none-eabi-ar" "COMPILER_FLAGS=  -O2 -c" "EXTRA_COMPILER_FLAGS=-mcpu=cortex-a9 -mfpu=vfpv3 -mfloat-abi=hard -nostartfiles -g -Wall -Wextra"
"Compiling scugic"
"Running Make libs in ps7_cortexa9_0/libsrc/scutimer_v2_1/src"
make -C ps7_cortexa9_0/libsrc/scutimer_v2_1/src -s libs  "SHELL=CMD" "COMPILER=arm-none-eabi-gcc" "ARCHIVER=arm-none-eabi-ar" "COMPILER_FLAGS=  -O2 -c" "EXTRA_COMPILER_FLAGS=-mcpu=cortex-a9 -mfpu=vfpv3 -mfloat-abi=hard -nostartfiles -g -Wall -Wextra"
"Compiling scutimer"
"Running Make libs in ps7_cortexa9_0/libsrc/scuwdt_v2_1/src"
make -C ps7_cortexa9_0/libsrc/scuwdt_v2_1/src -s libs  "SHELL=CMD" "COMPILER=arm-none-eabi-gcc" "ARCHIVER=arm-none-eabi-ar" "COMPILER_FLAGS=  -O2 -c" "EXTRA_COMPILER_FLAGS=-mcpu=cortex-a9 -mfpu=vfpv3 -mfloat-abi=hard -nostartfiles -g -Wall -Wextra"
"Compiling scuwdt"
"Running Make libs in ps7_cortexa9_0/libsrc/sdps_v3_6/src"
make -C ps7_cortexa9_0/libsrc/sdps_v3_6/src -s libs  "SHELL=CMD" "COMPILER=arm-none-eabi-gcc" "ARCHIVER=arm-none-eabi-ar" "COMPILER_FLAGS=  -O2 -c" "EXTRA_COMPILER_FLAGS=-mcpu=cortex-a9 -mfpu=vfpv3 -mfloat-abi=hard -nostartfiles -g -Wall -Wextra"
"Compiling sdps"
"Running Make libs in ps7_cortexa9_0/libsrc/standalone_v6_8/src"
make -C ps7_cortexa9_0/libsrc/standalone_v6_8/src -s libs  "SHELL=CMD" "COMPILER=arm-none-eabi-gcc" "ARCHIVER=arm-none-eabi-ar" "COMPILER_FLAGS=  -O2 -c" "EXTRA_COMPILER_FLAGS=-mcpu=cortex-a9 -mfpu=vfpv3 -mfloat-abi=hard -nostartfiles -g -Wall -Wextra"
"Compiling standalone"
In file included from usleep.c:56:0:
xtime_l.h:87:9: note: #pragma message: For the sleep routines, Global timer is being used
 #pragma message ("For the sleep routines, Global timer is being used")
         ^~~~~~~
In file included from xil_sleeptimer.c:51:0:
xtime_l.h:87:9: note: #pragma message: For the sleep routines, Global timer is being used
 #pragma message ("For the sleep routines, Global timer is being used")
         ^~~~~~~
In file included from xtime_l.c:49:0:
xtime_l.h:87:9: note: #pragma message: For the sleep routines, Global timer is being used
 #pragma message ("For the sleep routines, Global timer is being used")
         ^~~~~~~
In file included from sleep.c:53:0:
xtime_l.h:87:9: note: #pragma message: For the sleep routines, Global timer is being used
 #pragma message ("For the sleep routines, Global timer is being used")
         ^~~~~~~
"Running Make libs in ps7_cortexa9_0/libsrc/uartps_v3_7/src"
make -C ps7_cortexa9_0/libsrc/uartps_v3_7/src -s libs  "SHELL=CMD" "COMPILER=arm-none-eabi-gcc" "ARCHIVER=arm-none-eabi-ar" "COMPILER_FLAGS=  -O2 -c" "EXTRA_COMPILER_FLAGS=-mcpu=cortex-a9 -mfpu=vfpv3 -mfloat-abi=hard -nostartfiles -g -Wall -Wextra"
"Compiling uartps"
"Running Make libs in ps7_cortexa9_0/libsrc/usbps_v2_4/src"
make -C ps7_cortexa9_0/libsrc/usbps_v2_4/src -s libs  "SHELL=CMD" "COMPILER=arm-none-eabi-gcc" "ARCHIVER=arm-none-eabi-ar" "COMPILER_FLAGS=  -O2 -c" "EXTRA_COMPILER_FLAGS=-mcpu=cortex-a9 -mfpu=vfpv3 -mfloat-abi=hard -nostartfiles -g -Wall -Wextra"
"Compiling usbps"
"Running Make libs in ps7_cortexa9_0/libsrc/video_common_v4_5/src"
make -C ps7_cortexa9_0/libsrc/video_common_v4_5/src -s libs  "SHELL=CMD" "COMPILER=arm-none-eabi-gcc" "ARCHIVER=arm-none-eabi-ar" "COMPILER_FLAGS=  -O2 -c" "EXTRA_COMPILER_FLAGS=-mcpu=cortex-a9 -mfpu=vfpv3 -mfloat-abi=hard -nostartfiles -g -Wall -Wextra"
"Compiling video_common"
"Running Make libs in ps7_cortexa9_0/libsrc/v_mix_v5_0/src"
make -C ps7_cortexa9_0/libsrc/v_mix_v5_0/src -s libs  "SHELL=CMD" "COMPILER=arm-none-eabi-gcc" "ARCHIVER=arm-none-eabi-ar" "COMPILER_FLAGS=  -O2 -c" "EXTRA_COMPILER_FLAGS=-mcpu=cortex-a9 -mfpu=vfpv3 -mfloat-abi=hard -nostartfiles -g -Wall -Wextra"
"Compiling v_mix"
In file included from xv_mix.h:18:0,
                 from xv_mix_l2.h:141,
                 from xv_mix_l2.c:77:
xv_mix_l2.c: In function 'XVMix_LayerEnable':
xv_mix_l2.c:375:30: warning: comparison is always true due to limited range of data type [-Wtype-limits]
   Xil_AssertNonvoid((LayerId >= XVMIX_LAYER_MASTER) &&
                              ^
../../../include/xil_assert.h:128:9: note: in definition of macro 'Xil_AssertNonvoid'
     if (Expression) {                              \
         ^~~~~~~~~~
xv_mix_l2.c: In function 'XVMix_LayerDisable':
xv_mix_l2.c:417:30: warning: comparison is always true due to limited range of data type [-Wtype-limits]
   Xil_AssertNonvoid((LayerId >= XVMIX_LAYER_MASTER) &&
                              ^
../../../include/xil_assert.h:128:9: note: in definition of macro 'Xil_AssertNonvoid'
     if (Expression) {                              \
         ^~~~~~~~~~
xv_mix_l2.c: In function 'XVMix_IsLayerEnabled':
xv_mix_l2.c:456:30: warning: comparison is always true due to limited range of data type [-Wtype-limits]
   Xil_AssertNonvoid((LayerId >= XVMIX_LAYER_MASTER) &&
                              ^
../../../include/xil_assert.h:128:9: note: in definition of macro 'Xil_AssertNonvoid'
     if (Expression) {                              \
         ^~~~~~~~~~
xv_mix_l2.c: In function 'XVMix_SetBackgndColor':
xv_mix_l2.c:488:27: warning: comparison is always true due to limited range of data type [-Wtype-limits]
   Xil_AssertVoid((ColorId >= XVMIX_BKGND_BLACK) &&
                           ^
../../../include/xil_assert.h:103:9: note: in definition of macro 'Xil_AssertVoid'
     if (Expression) {                              \
         ^~~~~~~~~~
xv_mix_l2.c: In function 'XVMix_SetLayerScaleFactor':
xv_mix_l2.c:833:28: warning: comparison is always true due to limited range of data type [-Wtype-limits]
   Xil_AssertNonvoid((Scale >= XVMIX_SCALE_FACTOR_1X) &&
                            ^
../../../include/xil_assert.h:128:9: note: in definition of macro 'Xil_AssertNonvoid'
     if (Expression) {                              \
         ^~~~~~~~~~
xv_mix_l2.c: In function 'XVMix_GetLayerColorFormat':
xv_mix_l2.c:1083:30: warning: comparison is always true due to limited range of data type [-Wtype-limits]
   Xil_AssertNonvoid((LayerId >= XVMIX_LAYER_MASTER) &&
                              ^
../../../include/xil_assert.h:128:9: note: in definition of macro 'Xil_AssertNonvoid'
     if (Expression) {                              \
         ^~~~~~~~~~
xv_mix_l2.c: In function 'XVMix_DbgLayerInfo':
xv_mix_l2.c:1563:27: warning: comparison is always true due to limited range of data type [-Wtype-limits]
   Xil_AssertVoid((LayerId >= XVMIX_LAYER_MASTER) &&
                           ^
../../../include/xil_assert.h:103:9: note: in definition of macro 'Xil_AssertVoid'
     if (Expression) {                              \
         ^~~~~~~~~~
"Running Make libs in ps7_cortexa9_0/libsrc/xadcps_v2_3/src"
make -C ps7_cortexa9_0/libsrc/xadcps_v2_3/src -s libs  "SHELL=CMD" "COMPILER=arm-none-eabi-gcc" "ARCHIVER=arm-none-eabi-ar" "COMPILER_FLAGS=  -O2 -c" "EXTRA_COMPILER_FLAGS=-mcpu=cortex-a9 -mfpu=vfpv3 -mfloat-abi=hard -nostartfiles -g -Wall -Wextra"
"Compiling xadcps"
'Finished building libraries'

**** Build of configuration Debug for project StereoDisplay ****

Nothing to build for project StereoDisplay
18:26:11 **** Auto Build of configuration Debug for project StereoDisplay ****
make pre-build main-build 
a9-linaro-pre-build-step
' '
'Building file: ../src/emio_initial.c'
'Invoking: ARM v7 gcc compiler'
arm-none-eabi-gcc -Wall -O0 -g3 -c -fmessage-length=0 -MT"src/emio_initial.o" -mcpu=cortex-a9 -mfpu=vfpv3 -mfloat-abi=hard -I../../StereoDisplay_bsp/ps7_cortexa9_0/include -MMD -MP -MF"src/emio_initial.d" -MT"src/emio_initial.o" -o "src/emio_initial.o" "../src/emio_initial.c"
'Finished building: ../src/emio_initial.c'
' '
'Building file: ../src/i2c_ctr.c'
'Invoking: ARM v7 gcc compiler'
arm-none-eabi-gcc -Wall -O0 -g3 -c -fmessage-length=0 -MT"src/i2c_ctr.o" -mcpu=cortex-a9 -mfpu=vfpv3 -mfloat-abi=hard -I../../StereoDisplay_bsp/ps7_cortexa9_0/include -MMD -MP -MF"src/i2c_ctr.d" -MT"src/i2c_ctr.o" -o "src/i2c_ctr.o" "../src/i2c_ctr.c"
'Finished building: ../src/i2c_ctr.c'
' '
'Building file: ../src/main.c'
'Invoking: ARM v7 gcc compiler'
arm-none-eabi-gcc -Wall -O0 -g3 -c -fmessage-length=0 -MT"src/main.o" -mcpu=cortex-a9 -mfpu=vfpv3 -mfloat-abi=hard -I../../StereoDisplay_bsp/ps7_cortexa9_0/include -MMD -MP -MF"src/main.d" -MT"src/main.o" -o "src/main.o" "../src/main.c"
../src/main.c: In function 'main':
../src/main.c:45:2: warning: implicit declaration of function 'Miz702_EMIO_init' [-Wimplicit-function-declaration]
  Miz702_EMIO_init();
  ^~~~~~~~~~~~~~~~
../src/main.c:46:2: warning: implicit declaration of function 'ov5640_init_rgb' [-Wimplicit-function-declaration]
  ov5640_init_rgb();
  ^~~~~~~~~~~~~~~
../src/main.c:73:2: warning: "/*" within comment [-Wcomment]
  /*****************从DDR读数据设置**********************/
   
../src/main.c:82:2: warning: this 'while' clause does not guard... [-Wmisleading-indentation]
  while (1) ;
  ^~~~~
../src/main.c:83:3: note: ...this statement, but the latter is misleadingly indented as if it were guarded by the 'while'
   return XST_SUCCESS;
   ^~~~~~
'Finished building: ../src/main.c'
' '
'Building file: ../src/ov5640_config.c'
'Invoking: ARM v7 gcc compiler'
arm-none-eabi-gcc -Wall -O0 -g3 -c -fmessage-length=0 -MT"src/ov5640_config.o" -mcpu=cortex-a9 -mfpu=vfpv3 -mfloat-abi=hard -I../../StereoDisplay_bsp/ps7_cortexa9_0/include -MMD -MP -MF"src/ov5640_config.d" -MT"src/ov5640_config.o" -o "src/ov5640_config.o" "../src/ov5640_config.c"
'Finished building: ../src/ov5640_config.c'
' '
'Building file: ../src/sys_intr.c'
'Invoking: ARM v7 gcc compiler'
arm-none-eabi-gcc -Wall -O0 -g3 -c -fmessage-length=0 -MT"src/sys_intr.o" -mcpu=cortex-a9 -mfpu=vfpv3 -mfloat-abi=hard -I../../StereoDisplay_bsp/ps7_cortexa9_0/include -MMD -MP -MF"src/sys_intr.d" -MT"src/sys_intr.o" -o "src/sys_intr.o" "../src/sys_intr.c"
'Finished building: ../src/sys_intr.c'
' '
'Building file: ../src/vdma_api.c'
'Invoking: ARM v7 gcc compiler'
arm-none-eabi-gcc -Wall -O0 -g3 -c -fmessage-length=0 -MT"src/vdma_api.o" -mcpu=cortex-a9 -mfpu=vfpv3 -mfloat-abi=hard -I../../StereoDisplay_bsp/ps7_cortexa9_0/include -MMD -MP -MF"src/vdma_api.d" -MT"src/vdma_api.o" -o "src/vdma_api.o" "../src/vdma_api.c"
'Finished building: ../src/vdma_api.c'
' '
'Building target: StereoDisplay.elf'
'Invoking: ARM v7 gcc linker'
arm-none-eabi-gcc -mcpu=cortex-a9 -mfpu=vfpv3 -mfloat-abi=hard -Wl,-build-id=none -specs=Xilinx.spec -Wl,-T -Wl,../src/lscript.ld -L../../StereoDisplay_bsp/ps7_cortexa9_0/lib -o "StereoDisplay.elf"  ./src/emio_initial.o ./src/i2c_ctr.o ./src/main.o ./src/ov5640_config.o ./src/sys_intr.o ./src/vdma_api.o   -Wl,--start-group,-lxil,-lgcc,-lc,--end-group
'Finished building target: StereoDisplay.elf'
' '
'Invoking: ARM v7 Print Size'
arm-none-eabi-size StereoDisplay.elf  |tee "StereoDisplay.elf.size"
   text	   data	    bss	    dec	    hex	filename
  47792	   2192	  23384	  73368	  11e98	StereoDisplay.elf
'Finished building: StereoDisplay.elf.size'
' '
18:26:17 **** Auto Build of configuration Debug for project StereoDisplay ****
make pre-build main-build 
a9-linaro-pre-build-step
' '
make: Nothing to be done for 'main-build'.
18:33:22 **** Auto Build of configuration Debug for project StereoDisplay ****
make pre-build main-build 
a9-linaro-pre-build-step
' '
'Building file: ../src/emio_initial.c'
'Invoking: ARM v7 gcc compiler'
arm-none-eabi-gcc -Wall -O0 -g3 -c -fmessage-length=0 -MT"src/emio_initial.o" -mcpu=cortex-a9 -mfpu=vfpv3 -mfloat-abi=hard -I../../StereoDisplay_bsp/ps7_cortexa9_0/include -MMD -MP -MF"src/emio_initial.d" -MT"src/emio_initial.o" -o "src/emio_initial.o" "../src/emio_initial.c"
../src/emio_initial.c: In function 'Miz702_EMIO_init':
../src/emio_initial.c:25:46: error: 'SCL_PIN_0' undeclared (first use in this function); did you mean 'SCL_PIN'?
  XGpioPs_SetDirectionPin(&psGpioInstancePtr, SCL_PIN_0,DIRECTION_OUTPUT);
                                              ^~~~~~~~~
                                              SCL_PIN
../src/emio_initial.c:25:46: note: each undeclared identifier is reported only once for each function it appears in
../src/emio_initial.c:26:46: error: 'SDA_PIN_0' undeclared (first use in this function); did you mean 'SCL_PIN_0'?
  XGpioPs_SetDirectionPin(&psGpioInstancePtr, SDA_PIN_0,DIRECTION_OUTPUT);
                                              ^~~~~~~~~
                                              SCL_PIN_0
../src/emio_initial.c:31:46: error: 'SCL_PIN_1' undeclared (first use in this function); did you mean 'SCL_PIN_0'?
  XGpioPs_SetDirectionPin(&psGpioInstancePtr, SCL_PIN_1,DIRECTION_OUTPUT);
                                              ^~~~~~~~~
                                              SCL_PIN_0
../src/emio_initial.c:32:46: error: 'SDA_PIN_1' undeclared (first use in this function); did you mean 'SDA_PIN_0'?
  XGpioPs_SetDirectionPin(&psGpioInstancePtr, SDA_PIN_1,DIRECTION_OUTPUT);
                                              ^~~~~~~~~
                                              SDA_PIN_0
../src/emio_initial.c: In function 'CLOCK_HIGH':
../src/emio_initial.c:42:38: error: 'SCL_PIN_0' undeclared (first use in this function); did you mean 'SCL_PIN'?
  XGpioPs_WritePin(&psGpioInstancePtr,SCL_PIN_0, 1);
                                      ^~~~~~~~~
                                      SCL_PIN
../src/emio_initial.c:43:38: error: 'SCL_PIN_1' undeclared (first use in this function); did you mean 'SCL_PIN_0'?
  XGpioPs_WritePin(&psGpioInstancePtr,SCL_PIN_1, 1);
                                      ^~~~~~~~~
                                      SCL_PIN_0
../src/emio_initial.c: In function 'CLOCK_LOW':
../src/emio_initial.c:48:38: error: 'SCL_PIN_0' undeclared (first use in this function); did you mean 'SCL_PIN'?
  XGpioPs_WritePin(&psGpioInstancePtr,SCL_PIN_0, 0);
                                      ^~~~~~~~~
                                      SCL_PIN
../src/emio_initial.c:49:38: error: 'SCL_PIN_1' undeclared (first use in this function); did you mean 'SCL_PIN_0'?
  XGpioPs_WritePin(&psGpioInstancePtr,SCL_PIN_1, 0);
                                      ^~~~~~~~~
                                      SCL_PIN_0
../src/emio_initial.c: In function 'DATA_HIGH':
../src/emio_initial.c:54:38: error: 'SDA_PIN_0' undeclared (first use in this function); did you mean 'SDA_PIN'?
  XGpioPs_WritePin(&psGpioInstancePtr,SDA_PIN_0, 1);
                                      ^~~~~~~~~
                                      SDA_PIN
../src/emio_initial.c:55:38: error: 'SDA_PIN_1' undeclared (first use in this function); did you mean 'SDA_PIN_0'?
  XGpioPs_WritePin(&psGpioInstancePtr,SDA_PIN_1, 1);
                                      ^~~~~~~~~
                                      SDA_PIN_0
../src/emio_initial.c: In function 'DATA_LOW':
../src/emio_initial.c:60:38: error: 'SDA_PIN_0' undeclared (first use in this function); did you mean 'SDA_PIN'?
  XGpioPs_WritePin(&psGpioInstancePtr,SDA_PIN_0,0);
                                      ^~~~~~~~~
                                      SDA_PIN
../src/emio_initial.c:61:38: error: 'SDA_PIN_1' undeclared (first use in this function); did you mean 'SDA_PIN_0'?
  XGpioPs_WritePin(&psGpioInstancePtr,SDA_PIN_1,0);
                                      ^~~~~~~~~
                                      SDA_PIN_0
make: *** [src/subdir.mk:38: src/emio_initial.o] Error 1
18:33:38 **** Auto Build of configuration Debug for project StereoDisplay ****
make pre-build main-build 
a9-linaro-pre-build-step
' '
'Building file: ../src/emio_initial.c'
'Invoking: ARM v7 gcc compiler'
arm-none-eabi-gcc -Wall -O0 -g3 -c -fmessage-length=0 -MT"src/emio_initial.o" -mcpu=cortex-a9 -mfpu=vfpv3 -mfloat-abi=hard -I../../StereoDisplay_bsp/ps7_cortexa9_0/include -MMD -MP -MF"src/emio_initial.d" -MT"src/emio_initial.o" -o "src/emio_initial.o" "../src/emio_initial.c"
'Finished building: ../src/emio_initial.c'
' '
'Building file: ../src/i2c_ctr.c'
'Invoking: ARM v7 gcc compiler'
arm-none-eabi-gcc -Wall -O0 -g3 -c -fmessage-length=0 -MT"src/i2c_ctr.o" -mcpu=cortex-a9 -mfpu=vfpv3 -mfloat-abi=hard -I../../StereoDisplay_bsp/ps7_cortexa9_0/include -MMD -MP -MF"src/i2c_ctr.d" -MT"src/i2c_ctr.o" -o "src/i2c_ctr.o" "../src/i2c_ctr.c"
'Finished building: ../src/i2c_ctr.c'
' '
'Building target: StereoDisplay.elf'
'Invoking: ARM v7 gcc linker'
arm-none-eabi-gcc -mcpu=cortex-a9 -mfpu=vfpv3 -mfloat-abi=hard -Wl,-build-id=none -specs=Xilinx.spec -Wl,-T -Wl,../src/lscript.ld -L../../StereoDisplay_bsp/ps7_cortexa9_0/lib -o "StereoDisplay.elf"  ./src/emio_initial.o ./src/i2c_ctr.o ./src/main.o ./src/ov5640_config.o ./src/sys_intr.o ./src/vdma_api.o   -Wl,--start-group,-lxil,-lgcc,-lc,--end-group
'Finished building target: StereoDisplay.elf'
' '
'Invoking: ARM v7 Print Size'
arm-none-eabi-size StereoDisplay.elf  |tee "StereoDisplay.elf.size"
   text	   data	    bss	    dec	    hex	filename
  47920	   2192	  23384	  73496	  11f18	StereoDisplay.elf
'Finished building: StereoDisplay.elf.size'
' '
18:34:03 **** Auto Build of configuration Debug for project StereoDisplay ****
make pre-build main-build 
a9-linaro-pre-build-step
' '
'Building file: ../src/emio_initial.c'
'Invoking: ARM v7 gcc compiler'
arm-none-eabi-gcc -Wall -O0 -g3 -c -fmessage-length=0 -MT"src/emio_initial.o" -mcpu=cortex-a9 -mfpu=vfpv3 -mfloat-abi=hard -I../../StereoDisplay_bsp/ps7_cortexa9_0/include -MMD -MP -MF"src/emio_initial.d" -MT"src/emio_initial.o" -o "src/emio_initial.o" "../src/emio_initial.c"
'Finished building: ../src/emio_initial.c'
' '
'Building file: ../src/i2c_ctr.c'
'Invoking: ARM v7 gcc compiler'
arm-none-eabi-gcc -Wall -O0 -g3 -c -fmessage-length=0 -MT"src/i2c_ctr.o" -mcpu=cortex-a9 -mfpu=vfpv3 -mfloat-abi=hard -I../../StereoDisplay_bsp/ps7_cortexa9_0/include -MMD -MP -MF"src/i2c_ctr.d" -MT"src/i2c_ctr.o" -o "src/i2c_ctr.o" "../src/i2c_ctr.c"
'Finished building: ../src/i2c_ctr.c'
' '
'Building target: StereoDisplay.elf'
'Invoking: ARM v7 gcc linker'
arm-none-eabi-gcc -mcpu=cortex-a9 -mfpu=vfpv3 -mfloat-abi=hard -Wl,-build-id=none -specs=Xilinx.spec -Wl,-T -Wl,../src/lscript.ld -L../../StereoDisplay_bsp/ps7_cortexa9_0/lib -o "StereoDisplay.elf"  ./src/emio_initial.o ./src/i2c_ctr.o ./src/main.o ./src/ov5640_config.o ./src/sys_intr.o ./src/vdma_api.o   -Wl,--start-group,-lxil,-lgcc,-lc,--end-group
'Finished building target: StereoDisplay.elf'
' '
'Invoking: ARM v7 Print Size'
arm-none-eabi-size StereoDisplay.elf  |tee "StereoDisplay.elf.size"
   text	   data	    bss	    dec	    hex	filename
  47920	   2192	  23384	  73496	  11f18	StereoDisplay.elf
'Finished building: StereoDisplay.elf.size'
' '
19:07:01 **** Auto Build of configuration Debug for project StereoDisplay ****
make pre-build main-build 
a9-linaro-pre-build-step
' '
'Building file: ../src/emio_initial.c'
'Invoking: ARM v7 gcc compiler'
arm-none-eabi-gcc -Wall -O0 -g3 -c -fmessage-length=0 -MT"src/emio_initial.o" -mcpu=cortex-a9 -mfpu=vfpv3 -mfloat-abi=hard -I../../StereoDisplay_bsp/ps7_cortexa9_0/include -MMD -MP -MF"src/emio_initial.d" -MT"src/emio_initial.o" -o "src/emio_initial.o" "../src/emio_initial.c"
'Finished building: ../src/emio_initial.c'
' '
'Building target: StereoDisplay.elf'
'Invoking: ARM v7 gcc linker'
arm-none-eabi-gcc -mcpu=cortex-a9 -mfpu=vfpv3 -mfloat-abi=hard -Wl,-build-id=none -specs=Xilinx.spec -Wl,-T -Wl,../src/lscript.ld -L../../StereoDisplay_bsp/ps7_cortexa9_0/lib -o "StereoDisplay.elf"  ./src/emio_initial.o ./src/i2c_ctr.o ./src/main.o ./src/ov5640_config.o ./src/sys_intr.o ./src/vdma_api.o   -Wl,--start-group,-lxil,-lgcc,-lc,--end-group
'Finished building target: StereoDisplay.elf'
' '
'Invoking: ARM v7 Print Size'
arm-none-eabi-size StereoDisplay.elf  |tee "StereoDisplay.elf.size"
   text	   data	    bss	    dec	    hex	filename
  47920	   2192	  23384	  73496	  11f18	StereoDisplay.elf
'Finished building: StereoDisplay.elf.size'
' '
19:20:44 **** Auto Build of configuration Debug for project StereoDisplay ****
make pre-build main-build 
a9-linaro-pre-build-step
' '
'Building file: ../src/emio_initial.c'
'Invoking: ARM v7 gcc compiler'
arm-none-eabi-gcc -Wall -O0 -g3 -c -fmessage-length=0 -MT"src/emio_initial.o" -mcpu=cortex-a9 -mfpu=vfpv3 -mfloat-abi=hard -I../../StereoDisplay_bsp/ps7_cortexa9_0/include -MMD -MP -MF"src/emio_initial.d" -MT"src/emio_initial.o" -o "src/emio_initial.o" "../src/emio_initial.c"
'Finished building: ../src/emio_initial.c'
' '
'Building file: ../src/i2c_ctr.c'
'Invoking: ARM v7 gcc compiler'
arm-none-eabi-gcc -Wall -O0 -g3 -c -fmessage-length=0 -MT"src/i2c_ctr.o" -mcpu=cortex-a9 -mfpu=vfpv3 -mfloat-abi=hard -I../../StereoDisplay_bsp/ps7_cortexa9_0/include -MMD -MP -MF"src/i2c_ctr.d" -MT"src/i2c_ctr.o" -o "src/i2c_ctr.o" "../src/i2c_ctr.c"
'Finished building: ../src/i2c_ctr.c'
' '
'Building target: StereoDisplay.elf'
'Invoking: ARM v7 gcc linker'
arm-none-eabi-gcc -mcpu=cortex-a9 -mfpu=vfpv3 -mfloat-abi=hard -Wl,-build-id=none -specs=Xilinx.spec -Wl,-T -Wl,../src/lscript.ld -L../../StereoDisplay_bsp/ps7_cortexa9_0/lib -o "StereoDisplay.elf"  ./src/emio_initial.o ./src/i2c_ctr.o ./src/main.o ./src/ov5640_config.o ./src/sys_intr.o ./src/vdma_api.o   -Wl,--start-group,-lxil,-lgcc,-lc,--end-group
'Finished building target: StereoDisplay.elf'
' '
'Invoking: ARM v7 Print Size'
arm-none-eabi-size StereoDisplay.elf  |tee "StereoDisplay.elf.size"
   text	   data	    bss	    dec	    hex	filename
  47920	   2192	  23384	  73496	  11f18	StereoDisplay.elf
'Finished building: StereoDisplay.elf.size'
' '
19:20:52 **** Auto Build of configuration Debug for project StereoDisplay ****
make pre-build main-build 
a9-linaro-pre-build-step
' '
'Building file: ../src/emio_initial.c'
'Invoking: ARM v7 gcc compiler'
arm-none-eabi-gcc -Wall -O0 -g3 -c -fmessage-length=0 -MT"src/emio_initial.o" -mcpu=cortex-a9 -mfpu=vfpv3 -mfloat-abi=hard -I../../StereoDisplay_bsp/ps7_cortexa9_0/include -MMD -MP -MF"src/emio_initial.d" -MT"src/emio_initial.o" -o "src/emio_initial.o" "../src/emio_initial.c"
'Finished building: ../src/emio_initial.c'
' '
'Building file: ../src/i2c_ctr.c'
'Invoking: ARM v7 gcc compiler'
arm-none-eabi-gcc -Wall -O0 -g3 -c -fmessage-length=0 -MT"src/i2c_ctr.o" -mcpu=cortex-a9 -mfpu=vfpv3 -mfloat-abi=hard -I../../StereoDisplay_bsp/ps7_cortexa9_0/include -MMD -MP -MF"src/i2c_ctr.d" -MT"src/i2c_ctr.o" -o "src/i2c_ctr.o" "../src/i2c_ctr.c"
'Finished building: ../src/i2c_ctr.c'
' '
'Building target: StereoDisplay.elf'
'Invoking: ARM v7 gcc linker'
arm-none-eabi-gcc -mcpu=cortex-a9 -mfpu=vfpv3 -mfloat-abi=hard -Wl,-build-id=none -specs=Xilinx.spec -Wl,-T -Wl,../src/lscript.ld -L../../StereoDisplay_bsp/ps7_cortexa9_0/lib -o "StereoDisplay.elf"  ./src/emio_initial.o ./src/i2c_ctr.o ./src/main.o ./src/ov5640_config.o ./src/sys_intr.o ./src/vdma_api.o   -Wl,--start-group,-lxil,-lgcc,-lc,--end-group
'Finished building target: StereoDisplay.elf'
' '
'Invoking: ARM v7 Print Size'
arm-none-eabi-size StereoDisplay.elf  |tee "StereoDisplay.elf.size"
   text	   data	    bss	    dec	    hex	filename
  47920	   2192	  23384	  73496	  11f18	StereoDisplay.elf
'Finished building: StereoDisplay.elf.size'
' '
19:24:12 **** Auto Build of configuration Debug for project StereoDisplay ****
make pre-build main-build 
a9-linaro-pre-build-step
' '
'Building file: ../src/emio_initial.c'
'Invoking: ARM v7 gcc compiler'
arm-none-eabi-gcc -Wall -O0 -g3 -c -fmessage-length=0 -MT"src/emio_initial.o" -mcpu=cortex-a9 -mfpu=vfpv3 -mfloat-abi=hard -I../../StereoDisplay_bsp/ps7_cortexa9_0/include -MMD -MP -MF"src/emio_initial.d" -MT"src/emio_initial.o" -o "src/emio_initial.o" "../src/emio_initial.c"
'Finished building: ../src/emio_initial.c'
' '
'Building target: StereoDisplay.elf'
'Invoking: ARM v7 gcc linker'
arm-none-eabi-gcc -mcpu=cortex-a9 -mfpu=vfpv3 -mfloat-abi=hard -Wl,-build-id=none -specs=Xilinx.spec -Wl,-T -Wl,../src/lscript.ld -L../../StereoDisplay_bsp/ps7_cortexa9_0/lib -o "StereoDisplay.elf"  ./src/emio_initial.o ./src/i2c_ctr.o ./src/main.o ./src/ov5640_config.o ./src/sys_intr.o ./src/vdma_api.o   -Wl,--start-group,-lxil,-lgcc,-lc,--end-group
'Finished building target: StereoDisplay.elf'
' '
'Invoking: ARM v7 Print Size'
arm-none-eabi-size StereoDisplay.elf  |tee "StereoDisplay.elf.size"
   text	   data	    bss	    dec	    hex	filename
  47920	   2192	  23384	  73496	  11f18	StereoDisplay.elf
'Finished building: StereoDisplay.elf.size'
' '
19:24:31 **** Auto Build of configuration Debug for project StereoDisplay ****
make pre-build main-build 
a9-linaro-pre-build-step
' '
'Building file: ../src/emio_initial.c'
'Invoking: ARM v7 gcc compiler'
arm-none-eabi-gcc -Wall -O0 -g3 -c -fmessage-length=0 -MT"src/emio_initial.o" -mcpu=cortex-a9 -mfpu=vfpv3 -mfloat-abi=hard -I../../StereoDisplay_bsp/ps7_cortexa9_0/include -MMD -MP -MF"src/emio_initial.d" -MT"src/emio_initial.o" -o "src/emio_initial.o" "../src/emio_initial.c"
'Finished building: ../src/emio_initial.c'
' '
'Building target: StereoDisplay.elf'
'Invoking: ARM v7 gcc linker'
arm-none-eabi-gcc -mcpu=cortex-a9 -mfpu=vfpv3 -mfloat-abi=hard -Wl,-build-id=none -specs=Xilinx.spec -Wl,-T -Wl,../src/lscript.ld -L../../StereoDisplay_bsp/ps7_cortexa9_0/lib -o "StereoDisplay.elf"  ./src/emio_initial.o ./src/i2c_ctr.o ./src/main.o ./src/ov5640_config.o ./src/sys_intr.o ./src/vdma_api.o   -Wl,--start-group,-lxil,-lgcc,-lc,--end-group
'Finished building target: StereoDisplay.elf'
' '
'Invoking: ARM v7 Print Size'
arm-none-eabi-size StereoDisplay.elf  |tee "StereoDisplay.elf.size"
   text	   data	    bss	    dec	    hex	filename
  47920	   2192	  23384	  73496	  11f18	StereoDisplay.elf
'Finished building: StereoDisplay.elf.size'
' '
19:24:41 **** Auto Build of configuration Debug for project StereoDisplay ****
make pre-build main-build 
a9-linaro-pre-build-step
' '
'Building file: ../src/emio_initial.c'
'Invoking: ARM v7 gcc compiler'
arm-none-eabi-gcc -Wall -O0 -g3 -c -fmessage-length=0 -MT"src/emio_initial.o" -mcpu=cortex-a9 -mfpu=vfpv3 -mfloat-abi=hard -I../../StereoDisplay_bsp/ps7_cortexa9_0/include -MMD -MP -MF"src/emio_initial.d" -MT"src/emio_initial.o" -o "src/emio_initial.o" "../src/emio_initial.c"
'Finished building: ../src/emio_initial.c'
' '
'Building file: ../src/i2c_ctr.c'
'Invoking: ARM v7 gcc compiler'
arm-none-eabi-gcc -Wall -O0 -g3 -c -fmessage-length=0 -MT"src/i2c_ctr.o" -mcpu=cortex-a9 -mfpu=vfpv3 -mfloat-abi=hard -I../../StereoDisplay_bsp/ps7_cortexa9_0/include -MMD -MP -MF"src/i2c_ctr.d" -MT"src/i2c_ctr.o" -o "src/i2c_ctr.o" "../src/i2c_ctr.c"
'Finished building: ../src/i2c_ctr.c'
' '
'Building target: StereoDisplay.elf'
'Invoking: ARM v7 gcc linker'
arm-none-eabi-gcc -mcpu=cortex-a9 -mfpu=vfpv3 -mfloat-abi=hard -Wl,-build-id=none -specs=Xilinx.spec -Wl,-T -Wl,../src/lscript.ld -L../../StereoDisplay_bsp/ps7_cortexa9_0/lib -o "StereoDisplay.elf"  ./src/emio_initial.o ./src/i2c_ctr.o ./src/main.o ./src/ov5640_config.o ./src/sys_intr.o ./src/vdma_api.o   -Wl,--start-group,-lxil,-lgcc,-lc,--end-group
'Finished building target: StereoDisplay.elf'
' '
'Invoking: ARM v7 Print Size'
arm-none-eabi-size StereoDisplay.elf  |tee "StereoDisplay.elf.size"
   text	   data	    bss	    dec	    hex	filename
  47920	   2192	  23384	  73496	  11f18	StereoDisplay.elf
'Finished building: StereoDisplay.elf.size'
' '
19:24:55 **** Auto Build of configuration Debug for project StereoDisplay ****
make pre-build main-build 
a9-linaro-pre-build-step
' '
'Building file: ../src/i2c_ctr.c'
'Invoking: ARM v7 gcc compiler'
arm-none-eabi-gcc -Wall -O0 -g3 -c -fmessage-length=0 -MT"src/i2c_ctr.o" -mcpu=cortex-a9 -mfpu=vfpv3 -mfloat-abi=hard -I../../StereoDisplay_bsp/ps7_cortexa9_0/include -MMD -MP -MF"src/i2c_ctr.d" -MT"src/i2c_ctr.o" -o "src/i2c_ctr.o" "../src/i2c_ctr.c"
'Finished building: ../src/i2c_ctr.c'
' '
'Building target: StereoDisplay.elf'
'Invoking: ARM v7 gcc linker'
arm-none-eabi-gcc -mcpu=cortex-a9 -mfpu=vfpv3 -mfloat-abi=hard -Wl,-build-id=none -specs=Xilinx.spec -Wl,-T -Wl,../src/lscript.ld -L../../StereoDisplay_bsp/ps7_cortexa9_0/lib -o "StereoDisplay.elf"  ./src/emio_initial.o ./src/i2c_ctr.o ./src/main.o ./src/ov5640_config.o ./src/sys_intr.o ./src/vdma_api.o   -Wl,--start-group,-lxil,-lgcc,-lc,--end-group
'Finished building target: StereoDisplay.elf'
' '
'Invoking: ARM v7 Print Size'
arm-none-eabi-size StereoDisplay.elf  |tee "StereoDisplay.elf.size"
   text	   data	    bss	    dec	    hex	filename
  47920	   2192	  23384	  73496	  11f18	StereoDisplay.elf
'Finished building: StereoDisplay.elf.size'
' '
19:27:44 **** Auto Build of configuration Debug for project StereoDisplay ****
make pre-build main-build 
a9-linaro-pre-build-step
' '
'Building file: ../src/ov5640_config.c'
'Invoking: ARM v7 gcc compiler'
arm-none-eabi-gcc -Wall -O0 -g3 -c -fmessage-length=0 -MT"src/ov5640_config.o" -mcpu=cortex-a9 -mfpu=vfpv3 -mfloat-abi=hard -I../../StereoDisplay_bsp/ps7_cortexa9_0/include -MMD -MP -MF"src/ov5640_config.d" -MT"src/ov5640_config.o" -o "src/ov5640_config.o" "../src/ov5640_config.c"
'Finished building: ../src/ov5640_config.c'
' '
'Building target: StereoDisplay.elf'
'Invoking: ARM v7 gcc linker'
arm-none-eabi-gcc -mcpu=cortex-a9 -mfpu=vfpv3 -mfloat-abi=hard -Wl,-build-id=none -specs=Xilinx.spec -Wl,-T -Wl,../src/lscript.ld -L../../StereoDisplay_bsp/ps7_cortexa9_0/lib -o "StereoDisplay.elf"  ./src/emio_initial.o ./src/i2c_ctr.o ./src/main.o ./src/ov5640_config.o ./src/sys_intr.o ./src/vdma_api.o   -Wl,--start-group,-lxil,-lgcc,-lc,--end-group
'Finished building target: StereoDisplay.elf'
' '
'Invoking: ARM v7 Print Size'
arm-none-eabi-size StereoDisplay.elf  |tee "StereoDisplay.elf.size"
   text	   data	    bss	    dec	    hex	filename
  47920	   2192	  23384	  73496	  11f18	StereoDisplay.elf
'Finished building: StereoDisplay.elf.size'
' '
19:27:48 **** Auto Build of configuration Debug for project StereoDisplay ****
make pre-build main-build 
a9-linaro-pre-build-step
' '
'Building file: ../src/ov5640_config.c'
'Invoking: ARM v7 gcc compiler'
arm-none-eabi-gcc -Wall -O0 -g3 -c -fmessage-length=0 -MT"src/ov5640_config.o" -mcpu=cortex-a9 -mfpu=vfpv3 -mfloat-abi=hard -I../../StereoDisplay_bsp/ps7_cortexa9_0/include -MMD -MP -MF"src/ov5640_config.d" -MT"src/ov5640_config.o" -o "src/ov5640_config.o" "../src/ov5640_config.c"
'Finished building: ../src/ov5640_config.c'
' '
'Building target: StereoDisplay.elf'
'Invoking: ARM v7 gcc linker'
arm-none-eabi-gcc -mcpu=cortex-a9 -mfpu=vfpv3 -mfloat-abi=hard -Wl,-build-id=none -specs=Xilinx.spec -Wl,-T -Wl,../src/lscript.ld -L../../StereoDisplay_bsp/ps7_cortexa9_0/lib -o "StereoDisplay.elf"  ./src/emio_initial.o ./src/i2c_ctr.o ./src/main.o ./src/ov5640_config.o ./src/sys_intr.o ./src/vdma_api.o   -Wl,--start-group,-lxil,-lgcc,-lc,--end-group
'Finished building target: StereoDisplay.elf'
' '
'Invoking: ARM v7 Print Size'
arm-none-eabi-size StereoDisplay.elf  |tee "StereoDisplay.elf.size"
   text	   data	    bss	    dec	    hex	filename
  47920	   2192	  23384	  73496	  11f18	StereoDisplay.elf
'Finished building: StereoDisplay.elf.size'
' '
19:27:51 **** Auto Build of configuration Debug for project StereoDisplay ****
make pre-build main-build 
a9-linaro-pre-build-step
' '
'Building file: ../src/i2c_ctr.c'
'Invoking: ARM v7 gcc compiler'
arm-none-eabi-gcc -Wall -O0 -g3 -c -fmessage-length=0 -MT"src/i2c_ctr.o" -mcpu=cortex-a9 -mfpu=vfpv3 -mfloat-abi=hard -I../../StereoDisplay_bsp/ps7_cortexa9_0/include -MMD -MP -MF"src/i2c_ctr.d" -MT"src/i2c_ctr.o" -o "src/i2c_ctr.o" "../src/i2c_ctr.c"
'Finished building: ../src/i2c_ctr.c'
' '
'Building target: StereoDisplay.elf'
'Invoking: ARM v7 gcc linker'
arm-none-eabi-gcc -mcpu=cortex-a9 -mfpu=vfpv3 -mfloat-abi=hard -Wl,-build-id=none -specs=Xilinx.spec -Wl,-T -Wl,../src/lscript.ld -L../../StereoDisplay_bsp/ps7_cortexa9_0/lib -o "StereoDisplay.elf"  ./src/emio_initial.o ./src/i2c_ctr.o ./src/main.o ./src/ov5640_config.o ./src/sys_intr.o ./src/vdma_api.o   -Wl,--start-group,-lxil,-lgcc,-lc,--end-group
'Finished building target: StereoDisplay.elf'
' '
'Invoking: ARM v7 Print Size'
arm-none-eabi-size StereoDisplay.elf  |tee "StereoDisplay.elf.size"
   text	   data	    bss	    dec	    hex	filename
  47920	   2192	  23384	  73496	  11f18	StereoDisplay.elf
'Finished building: StereoDisplay.elf.size'
' '
19:30:00 **** Auto Build of configuration Debug for project StereoDisplay ****
make pre-build main-build 
a9-linaro-pre-build-step
' '
'Building file: ../src/ov5640_config.c'
'Invoking: ARM v7 gcc compiler'
arm-none-eabi-gcc -Wall -O0 -g3 -c -fmessage-length=0 -MT"src/ov5640_config.o" -mcpu=cortex-a9 -mfpu=vfpv3 -mfloat-abi=hard -I../../StereoDisplay_bsp/ps7_cortexa9_0/include -MMD -MP -MF"src/ov5640_config.d" -MT"src/ov5640_config.o" -o "src/ov5640_config.o" "../src/ov5640_config.c"
'Finished building: ../src/ov5640_config.c'
' '
'Building target: StereoDisplay.elf'
'Invoking: ARM v7 gcc linker'
arm-none-eabi-gcc -mcpu=cortex-a9 -mfpu=vfpv3 -mfloat-abi=hard -Wl,-build-id=none -specs=Xilinx.spec -Wl,-T -Wl,../src/lscript.ld -L../../StereoDisplay_bsp/ps7_cortexa9_0/lib -o "StereoDisplay.elf"  ./src/emio_initial.o ./src/i2c_ctr.o ./src/main.o ./src/ov5640_config.o ./src/sys_intr.o ./src/vdma_api.o   -Wl,--start-group,-lxil,-lgcc,-lc,--end-group
'Finished building target: StereoDisplay.elf'
' '
'Invoking: ARM v7 Print Size'
arm-none-eabi-size StereoDisplay.elf  |tee "StereoDisplay.elf.size"
   text	   data	    bss	    dec	    hex	filename
  47920	   2192	  23384	  73496	  11f18	StereoDisplay.elf
'Finished building: StereoDisplay.elf.size'
' '
19:30:11 **** Auto Build of configuration Debug for project StereoDisplay ****
make pre-build main-build 
a9-linaro-pre-build-step
' '
'Building file: ../src/ov5640_config.c'
'Invoking: ARM v7 gcc compiler'
arm-none-eabi-gcc -Wall -O0 -g3 -c -fmessage-length=0 -MT"src/ov5640_config.o" -mcpu=cortex-a9 -mfpu=vfpv3 -mfloat-abi=hard -I../../StereoDisplay_bsp/ps7_cortexa9_0/include -MMD -MP -MF"src/ov5640_config.d" -MT"src/ov5640_config.o" -o "src/ov5640_config.o" "../src/ov5640_config.c"
'Finished building: ../src/ov5640_config.c'
' '
'Building target: StereoDisplay.elf'
'Invoking: ARM v7 gcc linker'
arm-none-eabi-gcc -mcpu=cortex-a9 -mfpu=vfpv3 -mfloat-abi=hard -Wl,-build-id=none -specs=Xilinx.spec -Wl,-T -Wl,../src/lscript.ld -L../../StereoDisplay_bsp/ps7_cortexa9_0/lib -o "StereoDisplay.elf"  ./src/emio_initial.o ./src/i2c_ctr.o ./src/main.o ./src/ov5640_config.o ./src/sys_intr.o ./src/vdma_api.o   -Wl,--start-group,-lxil,-lgcc,-lc,--end-group
'Finished building target: StereoDisplay.elf'
' '
'Invoking: ARM v7 Print Size'
arm-none-eabi-size StereoDisplay.elf  |tee "StereoDisplay.elf.size"
   text	   data	    bss	    dec	    hex	filename
  47920	   2192	  23384	  73496	  11f18	StereoDisplay.elf
'Finished building: StereoDisplay.elf.size'
' '
19:30:23 **** Auto Build of configuration Debug for project StereoDisplay ****
make pre-build main-build 
a9-linaro-pre-build-step
' '
'Building file: ../src/sys_intr.c'
'Invoking: ARM v7 gcc compiler'
arm-none-eabi-gcc -Wall -O0 -g3 -c -fmessage-length=0 -MT"src/sys_intr.o" -mcpu=cortex-a9 -mfpu=vfpv3 -mfloat-abi=hard -I../../StereoDisplay_bsp/ps7_cortexa9_0/include -MMD -MP -MF"src/sys_intr.d" -MT"src/sys_intr.o" -o "src/sys_intr.o" "../src/sys_intr.c"
'Finished building: ../src/sys_intr.c'
' '
'Building target: StereoDisplay.elf'
'Invoking: ARM v7 gcc linker'
arm-none-eabi-gcc -mcpu=cortex-a9 -mfpu=vfpv3 -mfloat-abi=hard -Wl,-build-id=none -specs=Xilinx.spec -Wl,-T -Wl,../src/lscript.ld -L../../StereoDisplay_bsp/ps7_cortexa9_0/lib -o "StereoDisplay.elf"  ./src/emio_initial.o ./src/i2c_ctr.o ./src/main.o ./src/ov5640_config.o ./src/sys_intr.o ./src/vdma_api.o   -Wl,--start-group,-lxil,-lgcc,-lc,--end-group
'Finished building target: StereoDisplay.elf'
' '
'Invoking: ARM v7 Print Size'
arm-none-eabi-size StereoDisplay.elf  |tee "StereoDisplay.elf.size"
   text	   data	    bss	    dec	    hex	filename
  47920	   2192	  23384	  73496	  11f18	StereoDisplay.elf
'Finished building: StereoDisplay.elf.size'
' '
19:31:01 **** Auto Build of configuration Debug for project StereoDisplay ****
make pre-build main-build 
a9-linaro-pre-build-step
' '
'Building file: ../src/main.c'
'Invoking: ARM v7 gcc compiler'
arm-none-eabi-gcc -Wall -O0 -g3 -c -fmessage-length=0 -MT"src/main.o" -mcpu=cortex-a9 -mfpu=vfpv3 -mfloat-abi=hard -I../../StereoDisplay_bsp/ps7_cortexa9_0/include -MMD -MP -MF"src/main.d" -MT"src/main.o" -o "src/main.o" "../src/main.c"
../src/main.c: In function 'main':
../src/main.c:45:2: warning: implicit declaration of function 'Miz702_EMIO_init' [-Wimplicit-function-declaration]
  Miz702_EMIO_init();
  ^~~~~~~~~~~~~~~~
../src/main.c:46:2: warning: implicit declaration of function 'ov5640_init_rgb' [-Wimplicit-function-declaration]
  ov5640_init_rgb();
  ^~~~~~~~~~~~~~~
../src/main.c:73:2: warning: "/*" within comment [-Wcomment]
  /*****************从DDR读数据设置**********************/
   
../src/main.c:82:2: warning: this 'while' clause does not guard... [-Wmisleading-indentation]
  while (1) ;
  ^~~~~
../src/main.c:83:3: note: ...this statement, but the latter is misleadingly indented as if it were guarded by the 'while'
   return XST_SUCCESS;
   ^~~~~~
'Finished building: ../src/main.c'
' '
'Building file: ../src/sys_intr.c'
'Invoking: ARM v7 gcc compiler'
arm-none-eabi-gcc -Wall -O0 -g3 -c -fmessage-length=0 -MT"src/sys_intr.o" -mcpu=cortex-a9 -mfpu=vfpv3 -mfloat-abi=hard -I../../StereoDisplay_bsp/ps7_cortexa9_0/include -MMD -MP -MF"src/sys_intr.d" -MT"src/sys_intr.o" -o "src/sys_intr.o" "../src/sys_intr.c"
'Finished building: ../src/sys_intr.c'
' '
'Building target: StereoDisplay.elf'
'Invoking: ARM v7 gcc linker'
arm-none-eabi-gcc -mcpu=cortex-a9 -mfpu=vfpv3 -mfloat-abi=hard -Wl,-build-id=none -specs=Xilinx.spec -Wl,-T -Wl,../src/lscript.ld -L../../StereoDisplay_bsp/ps7_cortexa9_0/lib -o "StereoDisplay.elf"  ./src/emio_initial.o ./src/i2c_ctr.o ./src/main.o ./src/ov5640_config.o ./src/sys_intr.o ./src/vdma_api.o   -Wl,--start-group,-lxil,-lgcc,-lc,--end-group
'Finished building target: StereoDisplay.elf'
' '
'Invoking: ARM v7 Print Size'
arm-none-eabi-size StereoDisplay.elf  |tee "StereoDisplay.elf.size"
   text	   data	    bss	    dec	    hex	filename
  47920	   2192	  23384	  73496	  11f18	StereoDisplay.elf
'Finished building: StereoDisplay.elf.size'
' '
19:41:21 **** Auto Build of configuration Debug for project StereoDisplay ****
make pre-build main-build 
a9-linaro-pre-build-step
' '
'Building file: ../src/main.c'
'Invoking: ARM v7 gcc compiler'
arm-none-eabi-gcc -Wall -O0 -g3 -c -fmessage-length=0 -MT"src/main.o" -mcpu=cortex-a9 -mfpu=vfpv3 -mfloat-abi=hard -I../../StereoDisplay_bsp/ps7_cortexa9_0/include -MMD -MP -MF"src/main.d" -MT"src/main.o" -o "src/main.o" "../src/main.c"
../src/main.c: In function 'main':
../src/main.c:34:2: warning: implicit declaration of function 'Miz702_EMIO_init' [-Wimplicit-function-declaration]
  Miz702_EMIO_init();
  ^~~~~~~~~~~~~~~~
../src/main.c:35:2: warning: implicit declaration of function 'ov5640_init_rgb' [-Wimplicit-function-declaration]
  ov5640_init_rgb();
  ^~~~~~~~~~~~~~~
../src/main.c:62:2: warning: "/*" within comment [-Wcomment]
  /*****************从DDR读数据设置**********************/
   
../src/main.c:71:2: warning: this 'while' clause does not guard... [-Wmisleading-indentation]
  while (1) ;
  ^~~~~
../src/main.c:72:3: note: ...this statement, but the latter is misleadingly indented as if it were guarded by the 'while'
   return XST_SUCCESS;
   ^~~~~~
'Finished building: ../src/main.c'
' '
'Building target: StereoDisplay.elf'
'Invoking: ARM v7 gcc linker'
arm-none-eabi-gcc -mcpu=cortex-a9 -mfpu=vfpv3 -mfloat-abi=hard -Wl,-build-id=none -specs=Xilinx.spec -Wl,-T -Wl,../src/lscript.ld -L../../StereoDisplay_bsp/ps7_cortexa9_0/lib -o "StereoDisplay.elf"  ./src/emio_initial.o ./src/i2c_ctr.o ./src/main.o ./src/ov5640_config.o ./src/sys_intr.o ./src/vdma_api.o   -Wl,--start-group,-lxil,-lgcc,-lc,--end-group
'Finished building target: StereoDisplay.elf'
' '
'Invoking: ARM v7 Print Size'
arm-none-eabi-size StereoDisplay.elf  |tee "StereoDisplay.elf.size"
   text	   data	    bss	    dec	    hex	filename
  47920	   2192	  23384	  73496	  11f18	StereoDisplay.elf
'Finished building: StereoDisplay.elf.size'
' '
