19:15:18 **** Auto Build of configuration Debug for project StereoDisplay ****
make pre-build main-build 
a9-linaro-pre-build-step
' '
'Building file: ../src/main.c'
'Invoking: ARM v7 gcc compiler'
arm-none-eabi-gcc -Wall -O0 -g3 -c -fmessage-length=0 -MT"src/main.o" -mcpu=cortex-a9 -mfpu=vfpv3 -mfloat-abi=hard -I../../StereoDisplay_bsp/ps7_cortexa9_0/include -MMD -MP -MF"src/main.d" -MT"src/main.o" -o "src/main.o" "../src/main.c"
'Finished building: ../src/main.c'
' '
'Building target: StereoDisplay.elf'
'Invoking: ARM v7 gcc linker'
arm-none-eabi-gcc -mcpu=cortex-a9 -mfpu=vfpv3 -mfloat-abi=hard -Wl,-build-id=none -specs=Xilinx.spec -Wl,-T -Wl,../src/lscript.ld -L../../StereoDisplay_bsp/ps7_cortexa9_0/lib -o "StereoDisplay.elf"  ./src/emio_initial.o ./src/i2c_ctr.o ./src/main.o ./src/ov5640_config.o ./src/sys_intr.o ./src/vdma_api.o   -Wl,--start-group,-lxil,-lgcc,-lc,--end-group
'Finished building target: StereoDisplay.elf'
' '
'Invoking: ARM v7 Print Size'
arm-none-eabi-size StereoDisplay.elf  |tee "StereoDisplay.elf.size"
   text	   data	    bss	    dec	    hex	filename
  48148	   2192	  23384	  73724	  11ffc	StereoDisplay.elf
'Finished building: StereoDisplay.elf.size'
' '

19:15:20 Build Finished (took 1s.880ms)

