19:41:21 **** Auto Build of configuration Debug for project StereoDisplay ****
make pre-build main-build 
a9-linaro-pre-build-step
' '
'Building file: ../src/main.c'
'Invoking: ARM v7 gcc compiler'
arm-none-eabi-gcc -Wall -O0 -g3 -c -fmessage-length=0 -MT"src/main.o" -mcpu=cortex-a9 -mfpu=vfpv3 -mfloat-abi=hard -I../../StereoDisplay_bsp/ps7_cortexa9_0/include -MMD -MP -MF"src/main.d" -MT"src/main.o" -o "src/main.o" "../src/main.c"
../src/main.c: In function 'main':
../src/main.c:34:2: warning: implicit declaration of function 'Miz702_EMIO_init' [-Wimplicit-function-declaration]
  Miz702_EMIO_init();
  ^~~~~~~~~~~~~~~~
../src/main.c:35:2: warning: implicit declaration of function 'ov5640_init_rgb' [-Wimplicit-function-declaration]
  ov5640_init_rgb();
  ^~~~~~~~~~~~~~~
../src/main.c:62:2: warning: "/*" within comment [-Wcomment]
  /*****************从DDR读数据设置**********************/
   
../src/main.c:71:2: warning: this 'while' clause does not guard... [-Wmisleading-indentation]
  while (1) ;
  ^~~~~
../src/main.c:72:3: note: ...this statement, but the latter is misleadingly indented as if it were guarded by the 'while'
   return XST_SUCCESS;
   ^~~~~~
'Finished building: ../src/main.c'
' '
'Building target: StereoDisplay.elf'
'Invoking: ARM v7 gcc linker'
arm-none-eabi-gcc -mcpu=cortex-a9 -mfpu=vfpv3 -mfloat-abi=hard -Wl,-build-id=none -specs=Xilinx.spec -Wl,-T -Wl,../src/lscript.ld -L../../StereoDisplay_bsp/ps7_cortexa9_0/lib -o "StereoDisplay.elf"  ./src/emio_initial.o ./src/i2c_ctr.o ./src/main.o ./src/ov5640_config.o ./src/sys_intr.o ./src/vdma_api.o   -Wl,--start-group,-lxil,-lgcc,-lc,--end-group
'Finished building target: StereoDisplay.elf'
' '
'Invoking: ARM v7 Print Size'
arm-none-eabi-size StereoDisplay.elf  |tee "StereoDisplay.elf.size"
   text	   data	    bss	    dec	    hex	filename
  47920	   2192	  23384	  73496	  11f18	StereoDisplay.elf
'Finished building: StereoDisplay.elf.size'
' '

19:41:24 Build Finished (took 2s.437ms)

