"Running Make libs in ps7_cortexa9_0/libsrc/gpiops_v3_4/src"
make -C ps7_cortexa9_0/libsrc/gpiops_v3_4/src -s libs  "SHELL=CMD" "COMPILER=arm-none-eabi-gcc" "ARCHIVER=arm-none-eabi-ar" "COMPILER_FLAGS=  -O2 -c" "EXTRA_COMPILER_FLAGS=-mcpu=cortex-a9 -mfpu=vfpv3 -mfloat-abi=hard -nostartfiles -g -Wall -Wextra"
"Compiling gpiops"
"Running Make libs in ps7_cortexa9_0/libsrc/qspips_v3_5/src"
make -C ps7_cortexa9_0/libsrc/qspips_v3_5/src -s libs  "SHELL=CMD" "COMPILER=arm-none-eabi-gcc" "ARCHIVER=arm-none-eabi-ar" "COMPILER_FLAGS=  -O2 -c" "EXTRA_COMPILER_FLAGS=-mcpu=cortex-a9 -mfpu=vfpv3 -mfloat-abi=hard -nostartfiles -g -Wall -Wextra"
"Compiling qspips"
"Running Make libs in ps7_cortexa9_0/libsrc/scugic_v3_10/src"
make -C ps7_cortexa9_0/libsrc/scugic_v3_10/src -s libs  "SHELL=CMD" "COMPILER=arm-none-eabi-gcc" "ARCHIVER=arm-none-eabi-ar" "COMPILER_FLAGS=  -O2 -c" "EXTRA_COMPILER_FLAGS=-mcpu=cortex-a9 -mfpu=vfpv3 -mfloat-abi=hard -nostartfiles -g -Wall -Wextra"
"Compiling scugic"
"Running Make libs in ps7_cortexa9_0/libsrc/scutimer_v2_1/src"
make -C ps7_cortexa9_0/libsrc/scutimer_v2_1/src -s libs  "SHELL=CMD" "COMPILER=arm-none-eabi-gcc" "ARCHIVER=arm-none-eabi-ar" "COMPILER_FLAGS=  -O2 -c" "EXTRA_COMPILER_FLAGS=-mcpu=cortex-a9 -mfpu=vfpv3 -mfloat-abi=hard -nostartfiles -g -Wall -Wextra"
"Compiling scutimer"
"Running Make libs in ps7_cortexa9_0/libsrc/scuwdt_v2_1/src"
make -C ps7_cortexa9_0/libsrc/scuwdt_v2_1/src -s libs  "SHELL=CMD" "COMPILER=arm-none-eabi-gcc" "ARCHIVER=arm-none-eabi-ar" "COMPILER_FLAGS=  -O2 -c" "EXTRA_COMPILER_FLAGS=-mcpu=cortex-a9 -mfpu=vfpv3 -mfloat-abi=hard -nostartfiles -g -Wall -Wextra"
"Compiling scuwdt"
"Running Make libs in ps7_cortexa9_0/libsrc/sdps_v3_6/src"
make -C ps7_cortexa9_0/libsrc/sdps_v3_6/src -s libs  "SHELL=CMD" "COMPILER=arm-none-eabi-gcc" "ARCHIVER=arm-none-eabi-ar" "COMPILER_FLAGS=  -O2 -c" "EXTRA_COMPILER_FLAGS=-mcpu=cortex-a9 -mfpu=vfpv3 -mfloat-abi=hard -nostartfiles -g -Wall -Wextra"
"Compiling sdps"
"Running Make libs in ps7_cortexa9_0/libsrc/standalone_v6_8/src"
make -C ps7_cortexa9_0/libsrc/standalone_v6_8/src -s libs  "SHELL=CMD" "COMPILER=arm-none-eabi-gcc" "ARCHIVER=arm-none-eabi-ar" "COMPILER_FLAGS=  -O2 -c" "EXTRA_COMPILER_FLAGS=-mcpu=cortex-a9 -mfpu=vfpv3 -mfloat-abi=hard -nostartfiles -g -Wall -Wextra"
"Compiling standalone"
In file included from usleep.c:56:0:
xtime_l.h:87:9: note: #pragma message: For the sleep routines, Global timer is being used
 #pragma message ("For the sleep routines, Global timer is being used")
         ^~~~~~~
In file included from xil_sleeptimer.c:51:0:
xtime_l.h:87:9: note: #pragma message: For the sleep routines, Global timer is being used
 #pragma message ("For the sleep routines, Global timer is being used")
         ^~~~~~~
In file included from xtime_l.c:49:0:
xtime_l.h:87:9: note: #pragma message: For the sleep routines, Global timer is being used
 #pragma message ("For the sleep routines, Global timer is being used")
         ^~~~~~~
In file included from sleep.c:53:0:
xtime_l.h:87:9: note: #pragma message: For the sleep routines, Global timer is being used
 #pragma message ("For the sleep routines, Global timer is being used")
         ^~~~~~~
"Running Make libs in ps7_cortexa9_0/libsrc/uartps_v3_7/src"
make -C ps7_cortexa9_0/libsrc/uartps_v3_7/src -s libs  "SHELL=CMD" "COMPILER=arm-none-eabi-gcc" "ARCHIVER=arm-none-eabi-ar" "COMPILER_FLAGS=  -O2 -c" "EXTRA_COMPILER_FLAGS=-mcpu=cortex-a9 -mfpu=vfpv3 -mfloat-abi=hard -nostartfiles -g -Wall -Wextra"
"Compiling uartps"
"Running Make libs in ps7_cortexa9_0/libsrc/usbps_v2_4/src"
make -C ps7_cortexa9_0/libsrc/usbps_v2_4/src -s libs  "SHELL=CMD" "COMPILER=arm-none-eabi-gcc" "ARCHIVER=arm-none-eabi-ar" "COMPILER_FLAGS=  -O2 -c" "EXTRA_COMPILER_FLAGS=-mcpu=cortex-a9 -mfpu=vfpv3 -mfloat-abi=hard -nostartfiles -g -Wall -Wextra"
"Compiling usbps"
"Running Make libs in ps7_cortexa9_0/libsrc/xadcps_v2_3/src"
make -C ps7_cortexa9_0/libsrc/xadcps_v2_3/src -s libs  "SHELL=CMD" "COMPILER=arm-none-eabi-gcc" "ARCHIVER=arm-none-eabi-ar" "COMPILER_FLAGS=  -O2 -c" "EXTRA_COMPILER_FLAGS=-mcpu=cortex-a9 -mfpu=vfpv3 -mfloat-abi=hard -nostartfiles -g -Wall -Wextra"
"Compiling xadcps"
'Finished building libraries'
16:58:47 **** Incremental Build of configuration Debug for project OV5640Display ****
make pre-build main-build 
a9-linaro-pre-build-step
' '
'Building file: ../src/emio_initial.c'
'Invoking: ARM v7 gcc compiler'
arm-none-eabi-gcc -Wall -O0 -g3 -c -fmessage-length=0 -MT"src/emio_initial.o" -mcpu=cortex-a9 -mfpu=vfpv3 -mfloat-abi=hard -I../../OV5640Display_bsp/ps7_cortexa9_0/include -MMD -MP -MF"src/emio_initial.d" -MT"src/emio_initial.o" -o "src/emio_initial.o" "../src/emio_initial.c"
'Finished building: ../src/emio_initial.c'
' '
'Building file: ../src/i2c_ctr.c'
'Invoking: ARM v7 gcc compiler'
arm-none-eabi-gcc -Wall -O0 -g3 -c -fmessage-length=0 -MT"src/i2c_ctr.o" -mcpu=cortex-a9 -mfpu=vfpv3 -mfloat-abi=hard -I../../OV5640Display_bsp/ps7_cortexa9_0/include -MMD -MP -MF"src/i2c_ctr.d" -MT"src/i2c_ctr.o" -o "src/i2c_ctr.o" "../src/i2c_ctr.c"
'Finished building: ../src/i2c_ctr.c'
' '
'Building file: ../src/main.c'
'Invoking: ARM v7 gcc compiler'
arm-none-eabi-gcc -Wall -O0 -g3 -c -fmessage-length=0 -MT"src/main.o" -mcpu=cortex-a9 -mfpu=vfpv3 -mfloat-abi=hard -I../../OV5640Display_bsp/ps7_cortexa9_0/include -MMD -MP -MF"src/main.d" -MT"src/main.o" -o "src/main.o" "../src/main.c"
../src/main.c: In function 'main':
../src/main.c:45:2: warning: implicit declaration of function 'Miz702_EMIO_init' [-Wimplicit-function-declaration]
  Miz702_EMIO_init();
  ^~~~~~~~~~~~~~~~
../src/main.c:46:2: warning: implicit declaration of function 'ov5640_init_rgb' [-Wimplicit-function-declaration]
  ov5640_init_rgb();
  ^~~~~~~~~~~~~~~
../src/main.c:73:2: warning: "/*" within comment [-Wcomment]
  /*****************从DDR读数据设置**********************/
   
../src/main.c:82:2: warning: this 'while' clause does not guard... [-Wmisleading-indentation]
  while (1) ;
  ^~~~~
../src/main.c:83:3: note: ...this statement, but the latter is misleadingly indented as if it were guarded by the 'while'
   return XST_SUCCESS;
   ^~~~~~
'Finished building: ../src/main.c'
' '
'Building file: ../src/ov5640_config.c'
'Invoking: ARM v7 gcc compiler'
arm-none-eabi-gcc -Wall -O0 -g3 -c -fmessage-length=0 -MT"src/ov5640_config.o" -mcpu=cortex-a9 -mfpu=vfpv3 -mfloat-abi=hard -I../../OV5640Display_bsp/ps7_cortexa9_0/include -MMD -MP -MF"src/ov5640_config.d" -MT"src/ov5640_config.o" -o "src/ov5640_config.o" "../src/ov5640_config.c"
'Finished building: ../src/ov5640_config.c'
' '
'Building file: ../src/sys_intr.c'
'Invoking: ARM v7 gcc compiler'
arm-none-eabi-gcc -Wall -O0 -g3 -c -fmessage-length=0 -MT"src/sys_intr.o" -mcpu=cortex-a9 -mfpu=vfpv3 -mfloat-abi=hard -I../../OV5640Display_bsp/ps7_cortexa9_0/include -MMD -MP -MF"src/sys_intr.d" -MT"src/sys_intr.o" -o "src/sys_intr.o" "../src/sys_intr.c"
'Finished building: ../src/sys_intr.c'
' '
'Building file: ../src/vdma_api.c'
'Invoking: ARM v7 gcc compiler'
arm-none-eabi-gcc -Wall -O0 -g3 -c -fmessage-length=0 -MT"src/vdma_api.o" -mcpu=cortex-a9 -mfpu=vfpv3 -mfloat-abi=hard -I../../OV5640Display_bsp/ps7_cortexa9_0/include -MMD -MP -MF"src/vdma_api.d" -MT"src/vdma_api.o" -o "src/vdma_api.o" "../src/vdma_api.c"
'Finished building: ../src/vdma_api.c'
' '
'Building target: OV5640Display.elf'
'Invoking: ARM v7 gcc linker'
arm-none-eabi-gcc -mcpu=cortex-a9 -mfpu=vfpv3 -mfloat-abi=hard -Wl,-build-id=none -specs=Xilinx.spec -Wl,-T -Wl,../src/lscript.ld -L../../OV5640Display_bsp/ps7_cortexa9_0/lib -o "OV5640Display.elf"  ./src/emio_initial.o ./src/i2c_ctr.o ./src/main.o ./src/ov5640_config.o ./src/sys_intr.o ./src/vdma_api.o   -Wl,--start-group,-lxil,-lgcc,-lc,--end-group
'Finished building target: OV5640Display.elf'
' '
'Invoking: ARM v7 Print Size'
arm-none-eabi-size OV5640Display.elf  |tee "OV5640Display.elf.size"
   text	   data	    bss	    dec	    hex	filename
  47728	   2064	  23016	  72808	  11c68	OV5640Display.elf
'Finished building: OV5640Display.elf.size'
' '
17:01:24 **** Incremental Build of configuration Debug for project OV5640Display ****
make pre-build main-build 
a9-linaro-pre-build-step
' '
make: Nothing to be done for 'main-build'.
10:43:08 **** Build of project OV5640Display_bsp ****
make -k all 
"Running Make include in ps7_cortexa9_0/libsrc/axivdma_v6_6/src"
make -C ps7_cortexa9_0/libsrc/axivdma_v6_6/src -s include  "SHELL=CMD" "COMPILER=arm-none-eabi-gcc" "ARCHIVER=arm-none-eabi-ar" "COMPILER_FLAGS=  -O2 -c" "EXTRA_COMPILER_FLAGS=-mcpu=cortex-a9 -mfpu=vfpv3 -mfloat-abi=hard -nostartfiles -g -Wall -Wextra"
cp: 无法创建一般文件‘../../../include/xaxivdma.h’: Permission denied
cp: 无法创建一般文件‘../../../include/xaxivdma_i.h’: Invalid argument
make[1]: *** [Makefile:24: include] Error 1
make: *** [Makefile:26: ps7_cortexa9_0/libsrc/axivdma_v6_6/src/make.include] Error 2
"Running Make include in ps7_cortexa9_0/libsrc/coresightps_dcc_v1_4/src"
make -C ps7_cortexa9_0/libsrc/coresightps_dcc_v1_4/src -s include  "SHELL=CMD" "COMPILER=arm-none-eabi-gcc" "ARCHIVER=arm-none-eabi-ar" "COMPILER_FLAGS=  -O2 -c" "EXTRA_COMPILER_FLAGS=-mcpu=cortex-a9 -mfpu=vfpv3 -mfloat-abi=hard -nostartfiles -g -Wall -Wextra"
"Running Make include in ps7_cortexa9_0/libsrc/cpu_cortexa9_v2_7/src"
make -C ps7_cortexa9_0/libsrc/cpu_cortexa9_v2_7/src -s include  "SHELL=CMD" "COMPILER=arm-none-eabi-gcc" "ARCHIVER=arm-none-eabi-ar" "COMPILER_FLAGS=  -O2 -c" "EXTRA_COMPILER_FLAGS=-mcpu=cortex-a9 -mfpu=vfpv3 -mfloat-abi=hard -nostartfiles -g -Wall -Wextra"
cp: 无法创建一般文件‘../../../include/xcpu_cortexa9.h’: Invalid argument
make[1]: *** [Makefile:22: include] Error 1
make: *** [Makefile:26: ps7_cortexa9_0/libsrc/cpu_cortexa9_v2_7/src/make.include] Error 2
"Running Make include in ps7_cortexa9_0/libsrc/ddrps_v1_0/src"
make -C ps7_cortexa9_0/libsrc/ddrps_v1_0/src -s include  "SHELL=CMD" "COMPILER=arm-none-eabi-gcc" "ARCHIVER=arm-none-eabi-ar" "COMPILER_FLAGS=  -O2 -c" "EXTRA_COMPILER_FLAGS=-mcpu=cortex-a9 -mfpu=vfpv3 -mfloat-abi=hard -nostartfiles -g -Wall -Wextra"
"Running Make include in ps7_cortexa9_0/libsrc/devcfg_v3_5/src"
make -C ps7_cortexa9_0/libsrc/devcfg_v3_5/src -s include  "SHELL=CMD" "COMPILER=arm-none-eabi-gcc" "ARCHIVER=arm-none-eabi-ar" "COMPILER_FLAGS=  -O2 -c" "EXTRA_COMPILER_FLAGS=-mcpu=cortex-a9 -mfpu=vfpv3 -mfloat-abi=hard -nostartfiles -g -Wall -Wextra"
cp: 无法创建一般文件‘../../../include/xdevcfg_hw.h’: Invalid argument
make[1]: *** [Makefile:37: xdevcfg_includes] Error 1
make[1]: Target 'include' not remade because of errors.
make: *** [Makefile:26: ps7_cortexa9_0/libsrc/devcfg_v3_5/src/make.include] Error 2
"Running Make include in ps7_cortexa9_0/libsrc/dmaps_v2_4/src"
make -C ps7_cortexa9_0/libsrc/dmaps_v2_4/src -s include  "SHELL=CMD" "COMPILER=arm-none-eabi-gcc" "ARCHIVER=arm-none-eabi-ar" "COMPILER_FLAGS=  -O2 -c" "EXTRA_COMPILER_FLAGS=-mcpu=cortex-a9 -mfpu=vfpv3 -mfloat-abi=hard -nostartfiles -g -Wall -Wextra"
"Running Make include in ps7_cortexa9_0/libsrc/emacps_v3_8/src"
make -C ps7_cortexa9_0/libsrc/emacps_v3_8/src -s include  "SHELL=CMD" "COMPILER=arm-none-eabi-gcc" "ARCHIVER=arm-none-eabi-ar" "COMPILER_FLAGS=  -O2 -c" "EXTRA_COMPILER_FLAGS=-mcpu=cortex-a9 -mfpu=vfpv3 -mfloat-abi=hard -nostartfiles -g -Wall -Wextra"
cp: 无法创建一般文件‘../../../include/xemacps.h’: Invalid argument
cp: 无法创建一般文件‘../../../include/xemacps_bd.h’: Invalid argument
make[1]: *** [Makefile:37: xemacps_includes] Error 1
make[1]: Target 'include' not remade because of errors.
make: *** [Makefile:26: ps7_cortexa9_0/libsrc/emacps_v3_8/src/make.include] Error 2
"Running Make include in ps7_cortexa9_0/libsrc/gpiops_v3_4/src"
make -C ps7_cortexa9_0/libsrc/gpiops_v3_4/src -s include  "SHELL=CMD" "COMPILER=arm-none-eabi-gcc" "ARCHIVER=arm-none-eabi-ar" "COMPILER_FLAGS=  -O2 -c" "EXTRA_COMPILER_FLAGS=-mcpu=cortex-a9 -mfpu=vfpv3 -mfloat-abi=hard -nostartfiles -g -Wall -Wextra"
"Running Make include in ps7_cortexa9_0/libsrc/qspips_v3_5/src"
make -C ps7_cortexa9_0/libsrc/qspips_v3_5/src -s include  "SHELL=CMD" "COMPILER=arm-none-eabi-gcc" "ARCHIVER=arm-none-eabi-ar" "COMPILER_FLAGS=  -O2 -c" "EXTRA_COMPILER_FLAGS=-mcpu=cortex-a9 -mfpu=vfpv3 -mfloat-abi=hard -nostartfiles -g -Wall -Wextra"
cp: 无法创建一般文件‘../../../include/xqspips.h’: Invalid argument
cp: 无法创建一般文件‘../../../include/xqspips_hw.h’: Invalid argument
make[1]: *** [Makefile:37: xqspips_includes] Error 1
make[1]: Target 'include' not remade because of errors.
make: *** [Makefile:26: ps7_cortexa9_0/libsrc/qspips_v3_5/src/make.include] Error 2
"Running Make include in ps7_cortexa9_0/libsrc/scugic_v3_10/src"
make -C ps7_cortexa9_0/libsrc/scugic_v3_10/src -s include  "SHELL=CMD" "COMPILER=arm-none-eabi-gcc" "ARCHIVER=arm-none-eabi-ar" "COMPILER_FLAGS=  -O2 -c" "EXTRA_COMPILER_FLAGS=-mcpu=cortex-a9 -mfpu=vfpv3 -mfloat-abi=hard -nostartfiles -g -Wall -Wextra"
"Running Make include in ps7_cortexa9_0/libsrc/scutimer_v2_1/src"
make -C ps7_cortexa9_0/libsrc/scutimer_v2_1/src -s include  "SHELL=CMD" "COMPILER=arm-none-eabi-gcc" "ARCHIVER=arm-none-eabi-ar" "COMPILER_FLAGS=  -O2 -c" "EXTRA_COMPILER_FLAGS=-mcpu=cortex-a9 -mfpu=vfpv3 -mfloat-abi=hard -nostartfiles -g -Wall -Wextra"
"Running Make include in ps7_cortexa9_0/libsrc/scuwdt_v2_1/src"
make -C ps7_cortexa9_0/libsrc/scuwdt_v2_1/src -s include  "SHELL=CMD" "COMPILER=arm-none-eabi-gcc" "ARCHIVER=arm-none-eabi-ar" "COMPILER_FLAGS=  -O2 -c" "EXTRA_COMPILER_FLAGS=-mcpu=cortex-a9 -mfpu=vfpv3 -mfloat-abi=hard -nostartfiles -g -Wall -Wextra"
cp: 无法创建一般文件‘../../../include/xscuwdt.h’: Invalid argument
make[1]: *** [Makefile:37: scuwdt_includes] Error 1
make[1]: Target 'include' not remade because of errors.
make: *** [Makefile:26: ps7_cortexa9_0/libsrc/scuwdt_v2_1/src/make.include] Error 2
"Running Make include in ps7_cortexa9_0/libsrc/sdps_v3_6/src"
make -C ps7_cortexa9_0/libsrc/sdps_v3_6/src -s include  "SHELL=CMD" "COMPILER=arm-none-eabi-gcc" "ARCHIVER=arm-none-eabi-ar" "COMPILER_FLAGS=  -O2 -c" "EXTRA_COMPILER_FLAGS=-mcpu=cortex-a9 -mfpu=vfpv3 -mfloat-abi=hard -nostartfiles -g -Wall -Wextra"
cp: 无法创建一般文件‘../../../include/xsdps_hw.h’: Invalid argument
make[1]: *** [Makefile:37: xsdps_includes] Error 1
make[1]: Target 'include' not remade because of errors.
make: *** [Makefile:26: ps7_cortexa9_0/libsrc/sdps_v3_6/src/make.include] Error 2
"Running Make include in ps7_cortexa9_0/libsrc/standalone_v6_8/src"
make -C ps7_cortexa9_0/libsrc/standalone_v6_8/src -s include  "SHELL=CMD" "COMPILER=arm-none-eabi-gcc" "ARCHIVER=arm-none-eabi-ar" "COMPILER_FLAGS=  -O2 -c" "EXTRA_COMPILER_FLAGS=-mcpu=cortex-a9 -mfpu=vfpv3 -mfloat-abi=hard -nostartfiles -g -Wall -Wextra"
cp: 无法创建一般文件‘../../../include/xbasic_types.h’: Permission denied
cp: 无法创建一般文件‘../../../include/xenv.h’: Invalid argument
cp: 无法创建一般文件‘../../../include/xenv_standalone.h’: Invalid argument
cp: 无法创建一般文件‘../../../include/xil_assert.h’: Invalid argument
cp: 无法创建一般文件‘../../../include/xil_exception.h’: Invalid argument
cp: 无法创建一般文件‘../../../include/xil_io.h’: Invalid argument
cp: 无法创建一般文件‘../../../include/xil_macroback.h’: Invalid argument
cp: 无法创建一般文件‘../../../include/xil_misc_psreset_api.h’: Invalid argument
cp: 无法创建一般文件‘../../../include/xl2cc.h’: Invalid argument
cp: 无法创建一般文件‘../../../include/xparameters_ps.h’: Invalid argument
cp: 无法创建一般文件‘../../../include/xpm_counter.h’: Invalid argument
cp: 无法创建一般文件‘../../../include/xpseudo_asm_gcc.h’: Invalid argument
cp: 无法创建一般文件‘../../../include/xreg_cortexa9.h’: Invalid argument
cp: 无法创建一般文件‘../../../include/xstatus.h’: Invalid argument
cp: 无法创建一般文件‘../../../include/xtime_l.h’: Invalid argument
make[1]: *** [Makefile:75: standalone_includes] Error 1
cp: 无法删除‘../../../../include/mblaze_nt_types.h’: Permission denied
make[2]: *** [Makefile:71: include] Error 1
make[1]: *** [Makefile:78: profile_includes] Error 2
make[1]: Target 'include' not remade because of errors.
make: *** [Makefile:26: ps7_cortexa9_0/libsrc/standalone_v6_8/src/make.include] Error 2
"Running Make include in ps7_cortexa9_0/libsrc/uartps_v3_7/src"
make -C ps7_cortexa9_0/libsrc/uartps_v3_7/src -s include  "SHELL=CMD" "COMPILER=arm-none-eabi-gcc" "ARCHIVER=arm-none-eabi-ar" "COMPILER_FLAGS=  -O2 -c" "EXTRA_COMPILER_FLAGS=-mcpu=cortex-a9 -mfpu=vfpv3 -mfloat-abi=hard -nostartfiles -g -Wall -Wextra"
cp: 无法创建一般文件‘../../../include/xuartps.h’: Invalid argument
make[1]: *** [Makefile:37: xuartps_includes] Error 1
make[1]: Target 'include' not remade because of errors.
make: *** [Makefile:26: ps7_cortexa9_0/libsrc/uartps_v3_7/src/make.include] Error 2
"Running Make include in ps7_cortexa9_0/libsrc/usbps_v2_4/src"
make -C ps7_cortexa9_0/libsrc/usbps_v2_4/src -s include  "SHELL=CMD" "COMPILER=arm-none-eabi-gcc" "ARCHIVER=arm-none-eabi-ar" "COMPILER_FLAGS=  -O2 -c" "EXTRA_COMPILER_FLAGS=-mcpu=cortex-a9 -mfpu=vfpv3 -mfloat-abi=hard -nostartfiles -g -Wall -Wextra"
cp: 无法创建一般文件‘../../../include/xusbps.h’: Invalid argument
cp: 无法创建一般文件‘../../../include/xusbps_endpoint.h’: Invalid argument
make[1]: *** [Makefile:37: xusbps_includes] Error 1
make[1]: Target 'include' not remade because of errors.
make: *** [Makefile:26: ps7_cortexa9_0/libsrc/usbps_v2_4/src/make.include] Error 2
"Running Make include in ps7_cortexa9_0/libsrc/xadcps_v2_3/src"
make -C ps7_cortexa9_0/libsrc/xadcps_v2_3/src -s include  "SHELL=CMD" "COMPILER=arm-none-eabi-gcc" "ARCHIVER=arm-none-eabi-ar" "COMPILER_FLAGS=  -O2 -c" "EXTRA_COMPILER_FLAGS=-mcpu=cortex-a9 -mfpu=vfpv3 -mfloat-abi=hard -nostartfiles -g -Wall -Wextra"
cp: 无法创建一般文件‘../../../include/xadcps.h’: Invalid argument
make[1]: *** [Makefile:37: xadcps_includes] Error 1
make[1]: Target 'include' not remade because of errors.
make: *** [Makefile:26: ps7_cortexa9_0/libsrc/xadcps_v2_3/src/make.include] Error 2
make: Target 'all' not remade because of errors.
10:43:14 **** Build of configuration Debug for project OV5640Display ****
make pre-build main-build 
a9-linaro-pre-build-step
' '
'Building file: ../src/emio_initial.c'
'Invoking: ARM v7 gcc compiler'
arm-none-eabi-gcc -Wall -O0 -g3 -c -fmessage-length=0 -MT"src/emio_initial.o" -mcpu=cortex-a9 -mfpu=vfpv3 -mfloat-abi=hard -I../../OV5640Display_bsp/ps7_cortexa9_0/include -MMD -MP -MF"src/emio_initial.d" -MT"src/emio_initial.o" -o "src/emio_initial.o" "../src/emio_initial.c"
'Finished building: ../src/emio_initial.c'
' '
'Building file: ../src/i2c_ctr.c'
'Invoking: ARM v7 gcc compiler'
arm-none-eabi-gcc -Wall -O0 -g3 -c -fmessage-length=0 -MT"src/i2c_ctr.o" -mcpu=cortex-a9 -mfpu=vfpv3 -mfloat-abi=hard -I../../OV5640Display_bsp/ps7_cortexa9_0/include -MMD -MP -MF"src/i2c_ctr.d" -MT"src/i2c_ctr.o" -o "src/i2c_ctr.o" "../src/i2c_ctr.c"
'Finished building: ../src/i2c_ctr.c'
' '
'Building file: ../src/main.c'
'Invoking: ARM v7 gcc compiler'
arm-none-eabi-gcc -Wall -O0 -g3 -c -fmessage-length=0 -MT"src/main.o" -mcpu=cortex-a9 -mfpu=vfpv3 -mfloat-abi=hard -I../../OV5640Display_bsp/ps7_cortexa9_0/include -MMD -MP -MF"src/main.d" -MT"src/main.o" -o "src/main.o" "../src/main.c"
../src/main.c: In function 'main':
../src/main.c:45:2: warning: implicit declaration of function 'Miz702_EMIO_init' [-Wimplicit-function-declaration]
  Miz702_EMIO_init();
  ^~~~~~~~~~~~~~~~
../src/main.c:46:2: warning: implicit declaration of function 'ov5640_init_rgb' [-Wimplicit-function-declaration]
  ov5640_init_rgb();
  ^~~~~~~~~~~~~~~
../src/main.c:73:2: warning: "/*" within comment [-Wcomment]
  /*****************从DDR读数据设置**********************/
   
../src/main.c:82:2: warning: this 'while' clause does not guard... [-Wmisleading-indentation]
  while (1) ;
  ^~~~~
../src/main.c:83:3: note: ...this statement, but the latter is misleadingly indented as if it were guarded by the 'while'
   return XST_SUCCESS;
   ^~~~~~
'Finished building: ../src/main.c'
' '
'Building file: ../src/ov5640_config.c'
'Invoking: ARM v7 gcc compiler'
arm-none-eabi-gcc -Wall -O0 -g3 -c -fmessage-length=0 -MT"src/ov5640_config.o" -mcpu=cortex-a9 -mfpu=vfpv3 -mfloat-abi=hard -I../../OV5640Display_bsp/ps7_cortexa9_0/include -MMD -MP -MF"src/ov5640_config.d" -MT"src/ov5640_config.o" -o "src/ov5640_config.o" "../src/ov5640_config.c"
'Finished building: ../src/ov5640_config.c'
' '
'Building file: ../src/sys_intr.c'
'Invoking: ARM v7 gcc compiler'
arm-none-eabi-gcc -Wall -O0 -g3 -c -fmessage-length=0 -MT"src/sys_intr.o" -mcpu=cortex-a9 -mfpu=vfpv3 -mfloat-abi=hard -I../../OV5640Display_bsp/ps7_cortexa9_0/include -MMD -MP -MF"src/sys_intr.d" -MT"src/sys_intr.o" -o "src/sys_intr.o" "../src/sys_intr.c"
'Finished building: ../src/sys_intr.c'
' '
'Building file: ../src/vdma_api.c'
'Invoking: ARM v7 gcc compiler'
arm-none-eabi-gcc -Wall -O0 -g3 -c -fmessage-length=0 -MT"src/vdma_api.o" -mcpu=cortex-a9 -mfpu=vfpv3 -mfloat-abi=hard -I../../OV5640Display_bsp/ps7_cortexa9_0/include -MMD -MP -MF"src/vdma_api.d" -MT"src/vdma_api.o" -o "src/vdma_api.o" "../src/vdma_api.c"
'Finished building: ../src/vdma_api.c'
' '
'Building target: OV5640Display.elf'
'Invoking: ARM v7 gcc linker'
arm-none-eabi-gcc -mcpu=cortex-a9 -mfpu=vfpv3 -mfloat-abi=hard -Wl,-build-id=none -specs=Xilinx.spec -Wl,-T -Wl,../src/lscript.ld -L../../OV5640Display_bsp/ps7_cortexa9_0/lib -o "OV5640Display.elf"  ./src/emio_initial.o ./src/i2c_ctr.o ./src/main.o ./src/ov5640_config.o ./src/sys_intr.o ./src/vdma_api.o   -Wl,--start-group,-lxil,-lgcc,-lc,--end-group
'Finished building target: OV5640Display.elf'
' '
'Invoking: ARM v7 Print Size'
arm-none-eabi-size OV5640Display.elf  |tee "OV5640Display.elf.size"
   text	   data	    bss	    dec	    hex	filename
  47728	   2064	  23016	  72808	  11c68	OV5640Display.elf
'Finished building: OV5640Display.elf.size'
' '
10:43:53 **** Incremental Build of configuration Debug for project OV5640Display ****
make pre-build main-build 
a9-linaro-pre-build-step
' '
make: Nothing to be done for 'main-build'.
10:45:00 **** Auto Build of configuration Debug for project OV5640Display ****
make pre-build main-build 
a9-linaro-pre-build-step
' '
'Building file: ../src/ov5640_config.c'
'Invoking: ARM v7 gcc compiler'
arm-none-eabi-gcc -Wall -O0 -g3 -c -fmessage-length=0 -MT"src/ov5640_config.o" -mcpu=cortex-a9 -mfpu=vfpv3 -mfloat-abi=hard -I../../OV5640Display_bsp/ps7_cortexa9_0/include -MMD -MP -MF"src/ov5640_config.d" -MT"src/ov5640_config.o" -o "src/ov5640_config.o" "../src/ov5640_config.c"
'Finished building: ../src/ov5640_config.c'
' '
'Building target: OV5640Display.elf'
'Invoking: ARM v7 gcc linker'
arm-none-eabi-gcc -mcpu=cortex-a9 -mfpu=vfpv3 -mfloat-abi=hard -Wl,-build-id=none -specs=Xilinx.spec -Wl,-T -Wl,../src/lscript.ld -L../../OV5640Display_bsp/ps7_cortexa9_0/lib -o "OV5640Display.elf"  ./src/emio_initial.o ./src/i2c_ctr.o ./src/main.o ./src/ov5640_config.o ./src/sys_intr.o ./src/vdma_api.o   -Wl,--start-group,-lxil,-lgcc,-lc,--end-group
'Finished building target: OV5640Display.elf'
' '
'Invoking: ARM v7 Print Size'
arm-none-eabi-size OV5640Display.elf  |tee "OV5640Display.elf.size"
   text	   data	    bss	    dec	    hex	filename
  47728	   2064	  23016	  72808	  11c68	OV5640Display.elf
'Finished building: OV5640Display.elf.size'
' '
10:45:15 **** Incremental Build of configuration Debug for project OV5640Display ****
make pre-build main-build 
a9-linaro-pre-build-step
' '
make: Nothing to be done for 'main-build'.
10:46:38 **** Incremental Build of configuration Debug for project OV5640Display ****
make pre-build main-build 
a9-linaro-pre-build-step
' '
make: Nothing to be done for 'main-build'.
10:47:24 **** Auto Build of configuration Debug for project OV5640Display ****
make pre-build main-build 
a9-linaro-pre-build-step
' '
'Building file: ../src/ov5640_config.c'
'Invoking: ARM v7 gcc compiler'
arm-none-eabi-gcc -Wall -O0 -g3 -c -fmessage-length=0 -MT"src/ov5640_config.o" -mcpu=cortex-a9 -mfpu=vfpv3 -mfloat-abi=hard -I../../OV5640Display_bsp/ps7_cortexa9_0/include -MMD -MP -MF"src/ov5640_config.d" -MT"src/ov5640_config.o" -o "src/ov5640_config.o" "../src/ov5640_config.c"
'Finished building: ../src/ov5640_config.c'
' '
'Building target: OV5640Display.elf'
'Invoking: ARM v7 gcc linker'
arm-none-eabi-gcc -mcpu=cortex-a9 -mfpu=vfpv3 -mfloat-abi=hard -Wl,-build-id=none -specs=Xilinx.spec -Wl,-T -Wl,../src/lscript.ld -L../../OV5640Display_bsp/ps7_cortexa9_0/lib -o "OV5640Display.elf"  ./src/emio_initial.o ./src/i2c_ctr.o ./src/main.o ./src/ov5640_config.o ./src/sys_intr.o ./src/vdma_api.o   -Wl,--start-group,-lxil,-lgcc,-lc,--end-group
'Finished building target: OV5640Display.elf'
' '
'Invoking: ARM v7 Print Size'
arm-none-eabi-size OV5640Display.elf  |tee "OV5640Display.elf.size"
   text	   data	    bss	    dec	    hex	filename
  47728	   2064	  23016	  72808	  11c68	OV5640Display.elf
'Finished building: OV5640Display.elf.size'
' '
10:47:35 **** Incremental Build of configuration Debug for project OV5640Display ****
make pre-build main-build 
a9-linaro-pre-build-step
' '
make: Nothing to be done for 'main-build'.
10:48:34 **** Auto Build of configuration Debug for project OV5640Display ****
make pre-build main-build 
a9-linaro-pre-build-step
' '
'Building file: ../src/ov5640_config.c'
'Invoking: ARM v7 gcc compiler'
arm-none-eabi-gcc -Wall -O0 -g3 -c -fmessage-length=0 -MT"src/ov5640_config.o" -mcpu=cortex-a9 -mfpu=vfpv3 -mfloat-abi=hard -I../../OV5640Display_bsp/ps7_cortexa9_0/include -MMD -MP -MF"src/ov5640_config.d" -MT"src/ov5640_config.o" -o "src/ov5640_config.o" "../src/ov5640_config.c"
'Finished building: ../src/ov5640_config.c'
' '
'Building target: OV5640Display.elf'
'Invoking: ARM v7 gcc linker'
arm-none-eabi-gcc -mcpu=cortex-a9 -mfpu=vfpv3 -mfloat-abi=hard -Wl,-build-id=none -specs=Xilinx.spec -Wl,-T -Wl,../src/lscript.ld -L../../OV5640Display_bsp/ps7_cortexa9_0/lib -o "OV5640Display.elf"  ./src/emio_initial.o ./src/i2c_ctr.o ./src/main.o ./src/ov5640_config.o ./src/sys_intr.o ./src/vdma_api.o   -Wl,--start-group,-lxil,-lgcc,-lc,--end-group
'Finished building target: OV5640Display.elf'
' '
'Invoking: ARM v7 Print Size'
arm-none-eabi-size OV5640Display.elf  |tee "OV5640Display.elf.size"
   text	   data	    bss	    dec	    hex	filename
  47728	   2064	  23016	  72808	  11c68	OV5640Display.elf
'Finished building: OV5640Display.elf.size'
' '
10:48:44 **** Incremental Build of configuration Debug for project OV5640Display ****
make pre-build main-build 
a9-linaro-pre-build-step
' '
make: Nothing to be done for 'main-build'.
10:50:01 **** Incremental Build of configuration Debug for project OV5640Display ****
make pre-build main-build 
a9-linaro-pre-build-step
' '
make: Nothing to be done for 'main-build'.
10:50:52 **** Incremental Build of configuration Debug for project OV5640Display ****
make pre-build main-build 
a9-linaro-pre-build-step
' '
'Building file: ../src/ov5640_config.c'
'Invoking: ARM v7 gcc compiler'
arm-none-eabi-gcc -Wall -O0 -g3 -c -fmessage-length=0 -MT"src/ov5640_config.o" -mcpu=cortex-a9 -mfpu=vfpv3 -mfloat-abi=hard -I../../OV5640Display_bsp/ps7_cortexa9_0/include -MMD -MP -MF"src/ov5640_config.d" -MT"src/ov5640_config.o" -o "src/ov5640_config.o" "../src/ov5640_config.c"
'Finished building: ../src/ov5640_config.c'
' '
'Building target: OV5640Display.elf'
'Invoking: ARM v7 gcc linker'
arm-none-eabi-gcc -mcpu=cortex-a9 -mfpu=vfpv3 -mfloat-abi=hard -Wl,-build-id=none -specs=Xilinx.spec -Wl,-T -Wl,../src/lscript.ld -L../../OV5640Display_bsp/ps7_cortexa9_0/lib -o "OV5640Display.elf"  ./src/emio_initial.o ./src/i2c_ctr.o ./src/main.o ./src/ov5640_config.o ./src/sys_intr.o ./src/vdma_api.o   -Wl,--start-group,-lxil,-lgcc,-lc,--end-group
'Finished building target: OV5640Display.elf'
' '
'Invoking: ARM v7 Print Size'
arm-none-eabi-size OV5640Display.elf  |tee "OV5640Display.elf.size"
   text	   data	    bss	    dec	    hex	filename
  47728	   2064	  23016	  72808	  11c68	OV5640Display.elf
'Finished building: OV5640Display.elf.size'
' '
10:51:58 **** Incremental Build of configuration Debug for project OV5640Display ****
make pre-build main-build 
a9-linaro-pre-build-step
' '
'Building file: ../src/ov5640_config.c'
'Invoking: ARM v7 gcc compiler'
arm-none-eabi-gcc -Wall -O0 -g3 -c -fmessage-length=0 -MT"src/ov5640_config.o" -mcpu=cortex-a9 -mfpu=vfpv3 -mfloat-abi=hard -I../../OV5640Display_bsp/ps7_cortexa9_0/include -MMD -MP -MF"src/ov5640_config.d" -MT"src/ov5640_config.o" -o "src/ov5640_config.o" "../src/ov5640_config.c"
'Finished building: ../src/ov5640_config.c'
' '
'Building target: OV5640Display.elf'
'Invoking: ARM v7 gcc linker'
arm-none-eabi-gcc -mcpu=cortex-a9 -mfpu=vfpv3 -mfloat-abi=hard -Wl,-build-id=none -specs=Xilinx.spec -Wl,-T -Wl,../src/lscript.ld -L../../OV5640Display_bsp/ps7_cortexa9_0/lib -o "OV5640Display.elf"  ./src/emio_initial.o ./src/i2c_ctr.o ./src/main.o ./src/ov5640_config.o ./src/sys_intr.o ./src/vdma_api.o   -Wl,--start-group,-lxil,-lgcc,-lc,--end-group
'Finished building target: OV5640Display.elf'
' '
'Invoking: ARM v7 Print Size'
arm-none-eabi-size OV5640Display.elf  |tee "OV5640Display.elf.size"
   text	   data	    bss	    dec	    hex	filename
  47728	   2064	  23016	  72808	  11c68	OV5640Display.elf
'Finished building: OV5640Display.elf.size'
' '
10:52:45 **** Incremental Build of configuration Debug for project OV5640Display ****
make pre-build main-build 
a9-linaro-pre-build-step
' '
'Building file: ../src/ov5640_config.c'
'Invoking: ARM v7 gcc compiler'
arm-none-eabi-gcc -Wall -O0 -g3 -c -fmessage-length=0 -MT"src/ov5640_config.o" -mcpu=cortex-a9 -mfpu=vfpv3 -mfloat-abi=hard -I../../OV5640Display_bsp/ps7_cortexa9_0/include -MMD -MP -MF"src/ov5640_config.d" -MT"src/ov5640_config.o" -o "src/ov5640_config.o" "../src/ov5640_config.c"
'Finished building: ../src/ov5640_config.c'
' '
'Building target: OV5640Display.elf'
'Invoking: ARM v7 gcc linker'
arm-none-eabi-gcc -mcpu=cortex-a9 -mfpu=vfpv3 -mfloat-abi=hard -Wl,-build-id=none -specs=Xilinx.spec -Wl,-T -Wl,../src/lscript.ld -L../../OV5640Display_bsp/ps7_cortexa9_0/lib -o "OV5640Display.elf"  ./src/emio_initial.o ./src/i2c_ctr.o ./src/main.o ./src/ov5640_config.o ./src/sys_intr.o ./src/vdma_api.o   -Wl,--start-group,-lxil,-lgcc,-lc,--end-group
'Finished building target: OV5640Display.elf'
' '
'Invoking: ARM v7 Print Size'
arm-none-eabi-size OV5640Display.elf  |tee "OV5640Display.elf.size"
   text	   data	    bss	    dec	    hex	filename
  47728	   2064	  23016	  72808	  11c68	OV5640Display.elf
'Finished building: OV5640Display.elf.size'
' '
10:54:05 **** Incremental Build of configuration Debug for project OV5640Display ****
make pre-build main-build 
a9-linaro-pre-build-step
' '
'Building file: ../src/ov5640_config.c'
'Invoking: ARM v7 gcc compiler'
arm-none-eabi-gcc -Wall -O0 -g3 -c -fmessage-length=0 -MT"src/ov5640_config.o" -mcpu=cortex-a9 -mfpu=vfpv3 -mfloat-abi=hard -I../../OV5640Display_bsp/ps7_cortexa9_0/include -MMD -MP -MF"src/ov5640_config.d" -MT"src/ov5640_config.o" -o "src/ov5640_config.o" "../src/ov5640_config.c"
'Finished building: ../src/ov5640_config.c'
' '
'Building target: OV5640Display.elf'
'Invoking: ARM v7 gcc linker'
arm-none-eabi-gcc -mcpu=cortex-a9 -mfpu=vfpv3 -mfloat-abi=hard -Wl,-build-id=none -specs=Xilinx.spec -Wl,-T -Wl,../src/lscript.ld -L../../OV5640Display_bsp/ps7_cortexa9_0/lib -o "OV5640Display.elf"  ./src/emio_initial.o ./src/i2c_ctr.o ./src/main.o ./src/ov5640_config.o ./src/sys_intr.o ./src/vdma_api.o   -Wl,--start-group,-lxil,-lgcc,-lc,--end-group
'Finished building target: OV5640Display.elf'
' '
'Invoking: ARM v7 Print Size'
arm-none-eabi-size OV5640Display.elf  |tee "OV5640Display.elf.size"
   text	   data	    bss	    dec	    hex	filename
  47728	   2064	  23016	  72808	  11c68	OV5640Display.elf
'Finished building: OV5640Display.elf.size'
' '
14:13:11 **** Incremental Build of configuration Debug for project OV5640Display ****
make pre-build main-build 
a9-linaro-pre-build-step
' '
make: Nothing to be done for 'main-build'.
14:14:11 **** Incremental Build of configuration Debug for project OV5640Display ****
make pre-build main-build 
a9-linaro-pre-build-step
' '
make: Nothing to be done for 'main-build'.
14:18:02 **** Incremental Build of configuration Debug for project OV5640Display ****
make pre-build main-build 
a9-linaro-pre-build-step
' '
make: Nothing to be done for 'main-build'.
15:06:20 **** Incremental Build of configuration Debug for project OV5640Display ****
make pre-build main-build 
a9-linaro-pre-build-step
' '
make: Nothing to be done for 'main-build'.
15:09:33 **** Incremental Build of configuration Debug for project OV5640Display ****
make pre-build main-build 
a9-linaro-pre-build-step
' '
make: Nothing to be done for 'main-build'.
15:50:43 **** Incremental Build of configuration Debug for project OV5640Display ****
make pre-build main-build 
a9-linaro-pre-build-step
' '
make: Nothing to be done for 'main-build'.
15:51:27 **** Incremental Build of configuration Debug for project OV5640Display ****
make pre-build main-build 
a9-linaro-pre-build-step
' '
make: Nothing to be done for 'main-build'.
15:51:28 **** Incremental Build of configuration Debug for project OV5640Display ****
make pre-build main-build 
a9-linaro-pre-build-step
' '
make: Nothing to be done for 'main-build'.
16:12:52 **** Incremental Build of configuration Debug for project OV5640Display ****
make pre-build main-build 
a9-linaro-pre-build-step
' '
make: Nothing to be done for 'main-build'.
16:28:11 **** Incremental Build of configuration Debug for project OV5640Display ****
make pre-build main-build 
a9-linaro-pre-build-step
' '
make: Nothing to be done for 'main-build'.
19:26:10 **** Incremental Build of configuration Debug for project OV5640Display ****
make pre-build main-build 
a9-linaro-pre-build-step
' '
make: Nothing to be done for 'main-build'.
19:28:44 **** Incremental Build of configuration Debug for project OV5640Display ****
make pre-build main-build 
a9-linaro-pre-build-step
' '
make: Nothing to be done for 'main-build'.
19:31:00 **** Incremental Build of configuration Debug for project OV5640Display ****
make pre-build main-build 
a9-linaro-pre-build-step
' '
make: Nothing to be done for 'main-build'.
19:33:20 **** Incremental Build of configuration Debug for project OV5640Display ****
make pre-build main-build 
a9-linaro-pre-build-step
' '
make: Nothing to be done for 'main-build'.
20:06:44 **** Incremental Build of configuration Debug for project OV5640Display ****
make pre-build main-build 
a9-linaro-pre-build-step
' '
make: Nothing to be done for 'main-build'.
20:18:33 **** Incremental Build of configuration Debug for project OV5640Display ****
make pre-build main-build 
a9-linaro-pre-build-step
' '
make: Nothing to be done for 'main-build'.
20:39:50 **** Incremental Build of configuration Debug for project OV5640Display ****
make pre-build main-build 
a9-linaro-pre-build-step
' '
make: Nothing to be done for 'main-build'.
20:42:37 **** Incremental Build of configuration Debug for project OV5640Display ****
make pre-build main-build 
a9-linaro-pre-build-step
' '
make: Nothing to be done for 'main-build'.
20:56:33 **** Incremental Build of configuration Debug for project OV5640Display ****
make pre-build main-build 
a9-linaro-pre-build-step
' '
make: Nothing to be done for 'main-build'.
21:02:51 **** Incremental Build of configuration Debug for project OV5640Display ****
make pre-build main-build 
a9-linaro-pre-build-step
' '
make: Nothing to be done for 'main-build'.
