10:54:05 **** Incremental Build of configuration Debug for project OV5640Display ****
make pre-build main-build 
a9-linaro-pre-build-step
' '
'Building file: ../src/ov5640_config.c'
'Invoking: ARM v7 gcc compiler'
arm-none-eabi-gcc -Wall -O0 -g3 -c -fmessage-length=0 -MT"src/ov5640_config.o" -mcpu=cortex-a9 -mfpu=vfpv3 -mfloat-abi=hard -I../../OV5640Display_bsp/ps7_cortexa9_0/include -MMD -MP -MF"src/ov5640_config.d" -MT"src/ov5640_config.o" -o "src/ov5640_config.o" "../src/ov5640_config.c"
'Finished building: ../src/ov5640_config.c'
' '
'Building target: OV5640Display.elf'
'Invoking: ARM v7 gcc linker'
arm-none-eabi-gcc -mcpu=cortex-a9 -mfpu=vfpv3 -mfloat-abi=hard -Wl,-build-id=none -specs=Xilinx.spec -Wl,-T -Wl,../src/lscript.ld -L../../OV5640Display_bsp/ps7_cortexa9_0/lib -o "OV5640Display.elf"  ./src/emio_initial.o ./src/i2c_ctr.o ./src/main.o ./src/ov5640_config.o ./src/sys_intr.o ./src/vdma_api.o   -Wl,--start-group,-lxil,-lgcc,-lc,--end-group
'Finished building target: OV5640Display.elf'
' '
'Invoking: ARM v7 Print Size'
arm-none-eabi-size OV5640Display.elf  |tee "OV5640Display.elf.size"
   text	   data	    bss	    dec	    hex	filename
  47728	   2064	  23016	  72808	  11c68	OV5640Display.elf
'Finished building: OV5640Display.elf.size'
' '

10:54:07 Build Finished (took 1s.710ms)

