22:24:04 **** Auto Build of configuration Debug for project AXI_DMA_VIDEO ****
make all 
'Building file: ../src/main.c'
'Invoking: ARM gcc compiler'
arm-xilinx-eabi-gcc -Wall -O0 -g3 -c -fmessage-length=0 -MT"src/main.o" -I../../AXI_DMA_VIDEO_bsp/ps7_cortexa9_0/include -MMD -MP -MF"src/main.d" -MT"src/main.d" -o "src/main.o" "../src/main.c"
../src/main.c: In function 'init_intr_sys':
../src/main.c:35:2: warning: implicit declaration of function 'Setup_Intr_Exception' [-Wimplicit-function-declaration]
  Setup_Intr_Exception(&Intc);
  ^
../src/main.c: In function 'main':
../src/main.c:46:2: warning: implicit declaration of function 'sleep' [-Wimplicit-function-declaration]
  sleep(1);
  ^
../src/main.c:56:2: warning: implicit declaration of function 'Miz702_EMIO_init' [-Wimplicit-function-declaration]
  Miz702_EMIO_init();
  ^
../src/main.c:57:2: warning: implicit declaration of function 'ov5640_init_rgb' [-Wimplicit-function-declaration]
  ov5640_init_rgb();
  ^
../src/main.c:42:6: warning: variable 'Status' set but not used [-Wunused-but-set-variable]
  u32 Status;
      ^
../src/main.c: In function 'init_intr_sys':
../src/main.c:38:1: warning: control reaches end of non-void function [-Wreturn-type]
 }
 ^
'Finished building: ../src/main.c'
' '
'Building target: AXI_DMA_VIDEO.elf'
'Invoking: ARM gcc linker'
arm-xilinx-eabi-gcc -Wl,-T -Wl,../src/lscript.ld -L../../AXI_DMA_VIDEO_bsp/ps7_cortexa9_0/lib -o "AXI_DMA_VIDEO.elf"  ./src/dma_intr.o ./src/emio_initial.o ./src/i2c_ctr.o ./src/main.o ./src/ov5640_config.o ./src/sys_intr.o   -Wl,--start-group,-lxil,-lgcc,-lc,--end-group
'Finished building target: AXI_DMA_VIDEO.elf'
' '
'Invoking: ARM Print Size'
arm-xilinx-eabi-size AXI_DMA_VIDEO.elf  |tee "AXI_DMA_VIDEO.elf.size"
   text	   data	    bss	    dec	    hex	filename
  50440	   2016	  24404	  76860	  12c3c	AXI_DMA_VIDEO.elf
'Finished building: AXI_DMA_VIDEO.elf.size'
' '

22:24:10 Build Finished (took 6s.109ms)

